i2c_ST.c:18:17:I2C_LongWait	0	static
i2c_ST.c:45:6:I2C_Init	0	static
i2c_ST.c:106:13:I2C_StartAndSendDeviceAddr	16	static
i2c_ST.c:126:10:I2C_GetNacCount	0	static
i2c_ST.c:132:13:I2C_SendByte	16	static
i2c_ST.c:139:13:I2C_SendData	24	static
i2c_ST.c:152:13:I2C_ReadData	24	static
i2c_ST.c:198:13:I2C_Write	24	static
i2c_ST.c:211:13:I2C_Read	24	static
i2c_ST.c:249:6:I2C_IT_Init	8	static
i2c_ST.c:264:6:I2C_IT_StartTx	0	static
i2c_ST.c:275:6:I2C_IT_StartRx	0	static
i2c_ST.c:291:6:I2C_IT_SendData	12	static
i2c_ST.c:312:10:I2C_IT_GetData	0	static
i2c_ST.c:318:10:I2C_IT_GetState	0	static
i2c_ST.c:324:6:I2C_IT_EV_Handler	8	static
i2c_ST.c:400:6:I2C_IT_ER_Handler	0	static
i2c_ST.c:452:6:I2C1_EV_IRQHandler	0	static
i2c_ST.c:458:6:I2C1_ER_IRQHandler	0	static
i2c_ST.c:465:6:I2C2_EV_IRQHandler	0	static
i2c_ST.c:471:6:I2C2_ER_IRQHandler	0	static
i2c_ST.c:488:6:I2C_DMA_Init	8	static
i2c_ST.c:506:17:I2C_DMA_State	0	static
i2c_ST.c:511:17:I2C_DMA_Write	24	static,ignoring_inline_asm
i2c_ST.c:555:17:I2C_DMA_Read	24	static,ignoring_inline_asm
i2c_ST.c:615:6:DMA1_Channel6_IRQHandler	0	static
i2c_ST.c:646:6:DMA1_Channel7_IRQHandler	0	static
