E:/Anton/07_Git/Git_Board_F103RBT6/04_f103rbt6_ADS1x15/My/CMSIS/core_cm3.h:1499:26:__NVIC_GetPriorityGrouping	4	static
E:/Anton/07_Git/Git_Board_F103RBT6/04_f103rbt6_ADS1x15/My/CMSIS/core_cm3.h:1511:22:__NVIC_EnableIRQ	16	static
E:/Anton/07_Git/Git_Board_F103RBT6/04_f103rbt6_ADS1x15/My/CMSIS/core_cm3.h:1639:22:__NVIC_SetPriority	16	static
E:/Anton/07_Git/Git_Board_F103RBT6/04_f103rbt6_ADS1x15/My/CMSIS/core_cm3.h:1686:26:NVIC_EncodePriority	40	static
../My/STM32_Perif/i2c_ST.c:18:17:_i2c_LongWait	24	static
../My/STM32_Perif/i2c_ST.c:29:13:_i2c_GPIO_Init	16	static
../My/STM32_Perif/i2c_ST.c:58:13:_i2c_ClearFlags	16	static
../My/STM32_Perif/i2c_ST.c:67:13:I2C_StartAndSendDeviceAddr	16	static
../My/STM32_Perif/i2c_ST.c:91:13:I2C_SendByte	16	static
../My/STM32_Perif/i2c_ST.c:98:13:I2C_ReadData	32	static
../My/STM32_Perif/i2c_ST.c:143:13:I2C_Stop	16	static
../My/STM32_Perif/i2c_ST.c:150:13:I2C_SendDataWithoutStop	32	static
../My/STM32_Perif/i2c_ST.c:165:13:I2C_SendData	32	static
../My/STM32_Perif/i2c_ST.c:177:6:I2C_Master_Init	16	static
../My/STM32_Perif/i2c_ST.c:203:10:I2C_Master_GetNacCount	16	static
../My/STM32_Perif/i2c_ST.c:219:13:I2C_Master_Write	24	static
../My/STM32_Perif/i2c_ST.c:242:13:I2C_Master_Read	24	static
../My/STM32_Perif/i2c_ST.c:266:6:I2C_Slave_Init	24	static
../My/STM32_Perif/i2c_ST.c:311:6:I2C_IT_Init	16	static
../My/STM32_Perif/i2c_ST.c:343:10:I2C_IT_GetpTxBuf	16	static
../My/STM32_Perif/i2c_ST.c:348:6:I2C_IT_SetTxSize	16	static
../My/STM32_Perif/i2c_ST.c:353:6:I2C_IT_NoStretch	16	static
../My/STM32_Perif/i2c_ST.c:358:10:I2C_IT_GetpRxBuf	16	static
../My/STM32_Perif/i2c_ST.c:367:13:I2C_IT_Event	24	static
../My/STM32_Perif/i2c_ST.c:496:6:_i2c_ClearErrFlagAndStop	16	static
../My/STM32_Perif/i2c_ST.c:504:13:I2C_IT_Error	24	static
../My/STM32_Perif/i2c_ST.c:569:6:I2C_IT_EV_Handler	16	static
../My/STM32_Perif/i2c_ST.c:575:6:I2C_IT_ER_Handler	16	static
../My/STM32_Perif/i2c_ST.c:592:6:I2C_DMA_Init	16	static
../My/STM32_Perif/i2c_ST.c:599:10:I2C_DMA_GetState	16	static
../My/STM32_Perif/i2c_ST.c:605:10:I2C_DMA_Write	24	static,ignoring_inline_asm
../My/STM32_Perif/i2c_ST.c:651:10:I2C_DMA_Read	32	static,ignoring_inline_asm
../My/STM32_Perif/i2c_ST.c:709:13:DMA_ChDisableAndITFlagClear	16	static
../My/STM32_Perif/i2c_ST.c:715:13:I2C_DMA_TX_Handler	16	static
../My/STM32_Perif/i2c_ST.c:745:13:I2C_DMA_RX_Handler	16	static
../My/STM32_Perif/i2c_ST.c:787:6:I2C1_DMA_IT_TX_Handler	8	static
../My/STM32_Perif/i2c_ST.c:793:6:I2C1_DMA_IT_RX_Handler	8	static
