../My/STM32_Perif/stm32f10x_it.c:35:6:NMIException	4	static
../My/STM32_Perif/stm32f10x_it.c:45:6:HardFaultException	4	static,ignoring_inline_asm
../My/STM32_Perif/stm32f10x_it.c:61:6:MemManageException	4	static
../My/STM32_Perif/stm32f10x_it.c:75:6:BusFaultException	4	static
../My/STM32_Perif/stm32f10x_it.c:89:6:UsageFaultException	4	static
../My/STM32_Perif/stm32f10x_it.c:103:6:DebugMonitor	4	static
../My/STM32_Perif/stm32f10x_it.c:113:6:SVCHandler	4	static
../My/STM32_Perif/stm32f10x_it.c:124:6:PendSVC	4	static
../My/STM32_Perif/stm32f10x_it.c:135:6:SysTick_Handler	8	static
../My/STM32_Perif/stm32f10x_it.c:146:6:WWDG_IRQHandler	4	static
../My/STM32_Perif/stm32f10x_it.c:157:6:PVD_IRQHandler	4	static
../My/STM32_Perif/stm32f10x_it.c:168:6:TAMPER_IRQHandler	4	static
../My/STM32_Perif/stm32f10x_it.c:179:6:RTC_IRQHandler	4	static
../My/STM32_Perif/stm32f10x_it.c:190:6:FLASH_IRQHandler	4	static
../My/STM32_Perif/stm32f10x_it.c:201:6:RCC_IRQHandler	4	static
../My/STM32_Perif/stm32f10x_it.c:212:6:EXTI0_IRQHandler	4	static
../My/STM32_Perif/stm32f10x_it.c:223:6:EXTI1_IRQHandler	4	static
../My/STM32_Perif/stm32f10x_it.c:234:6:EXTI2_IRQHandler	4	static
../My/STM32_Perif/stm32f10x_it.c:245:6:EXTI3_IRQHandler	4	static
../My/STM32_Perif/stm32f10x_it.c:256:6:EXTI4_IRQHandler	4	static
../My/STM32_Perif/stm32f10x_it.c:267:6:DMA1_Channel1_IRQHandler	4	static
../My/STM32_Perif/stm32f10x_it.c:278:6:DMA1_Channel2_IRQHandler	4	static
../My/STM32_Perif/stm32f10x_it.c:289:6:DMA1_Channel3_IRQHandler	4	static
../My/STM32_Perif/stm32f10x_it.c:311:6:DMA1_Channel5_IRQHandler	4	static
../My/STM32_Perif/stm32f10x_it.c:322:6:DMA1_Channel6_IRQHandler	8	static
../My/STM32_Perif/stm32f10x_it.c:333:6:DMA1_Channel7_IRQHandler	8	static
../My/STM32_Perif/stm32f10x_it.c:344:6:ADC1_2_IRQHandler	4	static
../My/STM32_Perif/stm32f10x_it.c:356:6:USB_HP_CAN_TX_IRQHandler	4	static
../My/STM32_Perif/stm32f10x_it.c:368:6:USB_LP_CAN_RX0_IRQHandler	4	static
../My/STM32_Perif/stm32f10x_it.c:379:6:CAN_RX1_IRQHandler	4	static
../My/STM32_Perif/stm32f10x_it.c:388:6:CAN_SCE_IRQHandler	4	static
../My/STM32_Perif/stm32f10x_it.c:398:6:EXTI9_5_IRQHandler	4	static
../My/STM32_Perif/stm32f10x_it.c:407:6:TIM1_BRK_IRQHandler	4	static
../My/STM32_Perif/stm32f10x_it.c:419:6:TIM1_UP_IRQHandler	4	static
../My/STM32_Perif/stm32f10x_it.c:432:6:TIM1_TRG_COM_IRQHandler	4	static
../My/STM32_Perif/stm32f10x_it.c:443:6:TIM1_CC_IRQHandler	4	static
../My/STM32_Perif/stm32f10x_it.c:454:6:TIM2_IRQHandler	4	static
../My/STM32_Perif/stm32f10x_it.c:467:6:TIM3_IRQHandler	4	static
../My/STM32_Perif/stm32f10x_it.c:477:6:TIM4_IRQHandler	4	static
../My/STM32_Perif/stm32f10x_it.c:488:6:I2C1_EV_IRQHandler	4	static
../My/STM32_Perif/stm32f10x_it.c:499:6:I2C1_ER_IRQHandler	8	static
../My/STM32_Perif/stm32f10x_it.c:510:6:I2C2_EV_IRQHandler	4	static
../My/STM32_Perif/stm32f10x_it.c:521:6:I2C2_ER_IRQHandler	4	static
../My/STM32_Perif/stm32f10x_it.c:532:6:SPI1_IRQHandler	4	static
../My/STM32_Perif/stm32f10x_it.c:565:6:USART2_IRQHandler	4	static
../My/STM32_Perif/stm32f10x_it.c:576:6:USART3_IRQHandler	4	static
../My/STM32_Perif/stm32f10x_it.c:587:6:EXTI15_10_IRQHandler	4	static
../My/STM32_Perif/stm32f10x_it.c:598:6:RTCAlarm_IRQHandler	4	static
../My/STM32_Perif/stm32f10x_it.c:609:6:USBWakeUp_IRQHandler	4	static
../My/STM32_Perif/stm32f10x_it.c:620:6:TIM8_BRK_IRQHandler	4	static
../My/STM32_Perif/stm32f10x_it.c:632:6:TIM8_UP_IRQHandler	4	static
../My/STM32_Perif/stm32f10x_it.c:644:6:TIM8_TRG_COM_IRQHandler	4	static
../My/STM32_Perif/stm32f10x_it.c:655:6:TIM8_CC_IRQHandler	4	static
../My/STM32_Perif/stm32f10x_it.c:666:6:ADC3_IRQHandler	4	static
../My/STM32_Perif/stm32f10x_it.c:677:6:FSMC_IRQHandler	4	static
../My/STM32_Perif/stm32f10x_it.c:688:6:SDIO_IRQHandler	4	static
../My/STM32_Perif/stm32f10x_it.c:698:6:TIM5_IRQHandler	4	static
../My/STM32_Perif/stm32f10x_it.c:709:6:SPI3_IRQHandler	4	static
../My/STM32_Perif/stm32f10x_it.c:720:6:UART4_IRQHandler	4	static
../My/STM32_Perif/stm32f10x_it.c:730:6:UART5_IRQHandler	4	static
../My/STM32_Perif/stm32f10x_it.c:741:6:TIM6_IRQHandler	4	static
../My/STM32_Perif/stm32f10x_it.c:752:6:TIM7_IRQHandler	4	static
../My/STM32_Perif/stm32f10x_it.c:762:6:DMA2_Channel1_IRQHandler	4	static
../My/STM32_Perif/stm32f10x_it.c:773:6:DMA2_Channel2_IRQHandler	4	static
../My/STM32_Perif/stm32f10x_it.c:784:6:DMA2_Channel3_IRQHandler	4	static
../My/STM32_Perif/stm32f10x_it.c:796:6:DMA2_Channel4_5_IRQHandler	4	static
