E:/Anton/07_Git/Git_Board_F103RBT6/04_f103rbt6_ADS1x15/My/CMSIS/core_cm3.h:1499:26:__NVIC_GetPriorityGrouping	4	static
E:/Anton/07_Git/Git_Board_F103RBT6/04_f103rbt6_ADS1x15/My/CMSIS/core_cm3.h:1511:22:__NVIC_EnableIRQ	16	static
E:/Anton/07_Git/Git_Board_F103RBT6/04_f103rbt6_ADS1x15/My/CMSIS/core_cm3.h:1639:22:__NVIC_SetPriority	16	static
E:/Anton/07_Git/Git_Board_F103RBT6/04_f103rbt6_ADS1x15/My/CMSIS/core_cm3.h:1686:26:NVIC_EncodePriority	40	static
../My/STM32_Perif/sys_tick_ST.c:6:6:SysTick_Init	8	static
