Archive member included to satisfy reference by file (symbol)

C:/ST/STM32CubeIDE_1.14.0/STM32CubeIDE/plugins/com.st.stm32cube.ide.mcu.externaltools.gnu-tools-for-stm32.11.3.rel1.win32_1.1.100.202309141235/tools/bin/../lib/gcc/arm-none-eabi/11.3.1/../../../../arm-none-eabi/lib/thumb/v7-m/nofp\libc_nano.a(libc_a-exit.o)
                              C:/ST/STM32CubeIDE_1.14.0/STM32CubeIDE/plugins/com.st.stm32cube.ide.mcu.externaltools.gnu-tools-for-stm32.11.3.rel1.win32_1.1.100.202309141235/tools/bin/../lib/gcc/arm-none-eabi/11.3.1/../../../../arm-none-eabi/lib/thumb/v7-m/nofp/crt0.o (exit)
C:/ST/STM32CubeIDE_1.14.0/STM32CubeIDE/plugins/com.st.stm32cube.ide.mcu.externaltools.gnu-tools-for-stm32.11.3.rel1.win32_1.1.100.202309141235/tools/bin/../lib/gcc/arm-none-eabi/11.3.1/../../../../arm-none-eabi/lib/thumb/v7-m/nofp\libc_nano.a(libc_a-findfp.o)
                              C:/ST/STM32CubeIDE_1.14.0/STM32CubeIDE/plugins/com.st.stm32cube.ide.mcu.externaltools.gnu-tools-for-stm32.11.3.rel1.win32_1.1.100.202309141235/tools/bin/../lib/gcc/arm-none-eabi/11.3.1/../../../../arm-none-eabi/lib/thumb/v7-m/nofp\libc_nano.a(libc_a-exit.o) (__stdio_exit_handler)
C:/ST/STM32CubeIDE_1.14.0/STM32CubeIDE/plugins/com.st.stm32cube.ide.mcu.externaltools.gnu-tools-for-stm32.11.3.rel1.win32_1.1.100.202309141235/tools/bin/../lib/gcc/arm-none-eabi/11.3.1/../../../../arm-none-eabi/lib/thumb/v7-m/nofp\libc_nano.a(libc_a-fwalk.o)
                              C:/ST/STM32CubeIDE_1.14.0/STM32CubeIDE/plugins/com.st.stm32cube.ide.mcu.externaltools.gnu-tools-for-stm32.11.3.rel1.win32_1.1.100.202309141235/tools/bin/../lib/gcc/arm-none-eabi/11.3.1/../../../../arm-none-eabi/lib/thumb/v7-m/nofp\libc_nano.a(libc_a-findfp.o) (_fwalk_sglue)
C:/ST/STM32CubeIDE_1.14.0/STM32CubeIDE/plugins/com.st.stm32cube.ide.mcu.externaltools.gnu-tools-for-stm32.11.3.rel1.win32_1.1.100.202309141235/tools/bin/../lib/gcc/arm-none-eabi/11.3.1/../../../../arm-none-eabi/lib/thumb/v7-m/nofp\libc_nano.a(libc_a-stdio.o)
                              C:/ST/STM32CubeIDE_1.14.0/STM32CubeIDE/plugins/com.st.stm32cube.ide.mcu.externaltools.gnu-tools-for-stm32.11.3.rel1.win32_1.1.100.202309141235/tools/bin/../lib/gcc/arm-none-eabi/11.3.1/../../../../arm-none-eabi/lib/thumb/v7-m/nofp\libc_nano.a(libc_a-findfp.o) (__sread)
C:/ST/STM32CubeIDE_1.14.0/STM32CubeIDE/plugins/com.st.stm32cube.ide.mcu.externaltools.gnu-tools-for-stm32.11.3.rel1.win32_1.1.100.202309141235/tools/bin/../lib/gcc/arm-none-eabi/11.3.1/../../../../arm-none-eabi/lib/thumb/v7-m/nofp\libc_nano.a(libc_a-memset.o)
                              C:/ST/STM32CubeIDE_1.14.0/STM32CubeIDE/plugins/com.st.stm32cube.ide.mcu.externaltools.gnu-tools-for-stm32.11.3.rel1.win32_1.1.100.202309141235/tools/bin/../lib/gcc/arm-none-eabi/11.3.1/../../../../arm-none-eabi/lib/thumb/v7-m/nofp/crt0.o (memset)
C:/ST/STM32CubeIDE_1.14.0/STM32CubeIDE/plugins/com.st.stm32cube.ide.mcu.externaltools.gnu-tools-for-stm32.11.3.rel1.win32_1.1.100.202309141235/tools/bin/../lib/gcc/arm-none-eabi/11.3.1/../../../../arm-none-eabi/lib/thumb/v7-m/nofp\libc_nano.a(libc_a-closer.o)
                              C:/ST/STM32CubeIDE_1.14.0/STM32CubeIDE/plugins/com.st.stm32cube.ide.mcu.externaltools.gnu-tools-for-stm32.11.3.rel1.win32_1.1.100.202309141235/tools/bin/../lib/gcc/arm-none-eabi/11.3.1/../../../../arm-none-eabi/lib/thumb/v7-m/nofp\libc_nano.a(libc_a-stdio.o) (_close_r)
C:/ST/STM32CubeIDE_1.14.0/STM32CubeIDE/plugins/com.st.stm32cube.ide.mcu.externaltools.gnu-tools-for-stm32.11.3.rel1.win32_1.1.100.202309141235/tools/bin/../lib/gcc/arm-none-eabi/11.3.1/../../../../arm-none-eabi/lib/thumb/v7-m/nofp\libc_nano.a(libc_a-reent.o)
                              C:/ST/STM32CubeIDE_1.14.0/STM32CubeIDE/plugins/com.st.stm32cube.ide.mcu.externaltools.gnu-tools-for-stm32.11.3.rel1.win32_1.1.100.202309141235/tools/bin/../lib/gcc/arm-none-eabi/11.3.1/../../../../arm-none-eabi/lib/thumb/v7-m/nofp\libc_nano.a(libc_a-closer.o) (errno)
C:/ST/STM32CubeIDE_1.14.0/STM32CubeIDE/plugins/com.st.stm32cube.ide.mcu.externaltools.gnu-tools-for-stm32.11.3.rel1.win32_1.1.100.202309141235/tools/bin/../lib/gcc/arm-none-eabi/11.3.1/../../../../arm-none-eabi/lib/thumb/v7-m/nofp\libc_nano.a(libc_a-impure.o)
                              C:/ST/STM32CubeIDE_1.14.0/STM32CubeIDE/plugins/com.st.stm32cube.ide.mcu.externaltools.gnu-tools-for-stm32.11.3.rel1.win32_1.1.100.202309141235/tools/bin/../lib/gcc/arm-none-eabi/11.3.1/../../../../arm-none-eabi/lib/thumb/v7-m/nofp\libc_nano.a(libc_a-reent.o) (_impure_ptr)
C:/ST/STM32CubeIDE_1.14.0/STM32CubeIDE/plugins/com.st.stm32cube.ide.mcu.externaltools.gnu-tools-for-stm32.11.3.rel1.win32_1.1.100.202309141235/tools/bin/../lib/gcc/arm-none-eabi/11.3.1/../../../../arm-none-eabi/lib/thumb/v7-m/nofp\libc_nano.a(libc_a-lseekr.o)
[...]
Memory Configuration

Name             Origin             Length             Attributes
RAM              0x0000000020000000 0x0000000000005000 xrw
FLASH            0x0000000008000000 0x0000000000020000 xr
*default*        0x0000000000000000 0xffffffffffffffff

Linker script and memory map

LOAD C:/ST/STM32CubeIDE_1.14.0/STM32CubeIDE/plugins/com.st.stm32cube.ide.mcu.externaltools.gnu-tools-for-stm32.11.3.rel1.win32_1.1.100.202309141235/tools/bin/../lib/gcc/arm-none-eabi/11.3.1/thumb/v7-m/nofp/crti.o
LOAD C:/ST/STM32CubeIDE_1.14.0/STM32CubeIDE/plugins/com.st.stm32cube.ide.mcu.externaltools.gnu-tools-for-stm32.11.3.rel1.win32_1.1.100.202309141235/tools/bin/../lib/gcc/arm-none-eabi/11.3.1/thumb/v7-m/nofp/crtbegin.o
LOAD C:/ST/STM32CubeIDE_1.14.0/STM32CubeIDE/plugins/com.st.stm32cube.ide.mcu.externaltools.gnu-tools-for-stm32.11.3.rel1.win32_1.1.100.202309141235/tools/bin/../lib/gcc/arm-none-eabi/11.3.1/../../../../arm-none-eabi/lib/thumb/v7-m/nofp/crt0.o
LOAD ./MCUv7/GpioMCU.o
LOAD ./MCUv7/Protocol_I2C.o
LOAD ./My/Application/AHT10.o
LOAD ./My/Application/Blink.o
LOAD ./My/Application/Buttons.o
LOAD ./My/Application/Config.o
LOAD ./My/Application/Crc.o
LOAD ./My/Application/DS18B20.o
LOAD ./My/Application/DS2782.o
LOAD ./My/Application/Delay.o
LOAD ./My/Application/Encoder.o
LOAD ./My/Application/Filters.o
LOAD ./My/Application/MyString.o
LOAD ./My/Application/PID.o
LOAD ./My/Application/Time.o
LOAD ./My/CMSIS/system_stm32f1xx.o
LOAD ./My/Display/Ascii_Tab_12864.o
LOAD ./My/Display/LM6063D.o
LOAD ./My/Display/LcdGraphic.o
LOAD ./My/Display/Lcd_TIC32.o
LOAD ./My/Display/Lcd_i2c_1602.o
LOAD ./My/Display/fonts.o
LOAD ./My/Display/ssd1306.o
LOAD ./My/Main/main.o
LOAD ./My/STM32_Perif/adc_ST.o
LOAD ./My/STM32_Perif/dma_ST.o
LOAD ./My/STM32_Perif/flash_ST.o
LOAD ./My/STM32_Perif/gpio_ST.o
LOAD ./My/STM32_Perif/i2c_ST.o
LOAD ./My/STM32_Perif/rtc_ST.o
LOAD ./My/STM32_Perif/spi_ST.o
LOAD ./My/STM32_Perif/stm32f10x_it.o
LOAD ./My/STM32_Perif/sys_ST.o
LOAD ./My/STM32_Perif/sys_tick_ST.o
LOAD ./My/STM32_Perif/timers_ST.o
LOAD ./My/STM32_Perif/uart_ST.o
LOAD ./My/Sheduler/rtos.o
LOAD ./My/Startup/startup_stm32f103rbtx.o
START GROUP
LOAD C:/ST/STM32CubeIDE_1.14.0/STM32CubeIDE/plugins/com.st.stm32cube.ide.mcu.externaltools.gnu-tools-for-stm32.11.3.rel1.win32_1.1.100.202309141235/tools/bin/../lib/gcc/arm-none-eabi/11.3.1/../../../../arm-none-eabi/lib/thumb/v7-m/nofp\libc_nano.a
LOAD C:/ST/STM32CubeIDE_1.14.0/STM32CubeIDE/plugins/com.st.stm32cube.ide.mcu.externaltools.gnu-tools-for-stm32.11.3.rel1.win32_1.1.100.202309141235/tools/bin/../lib/gcc/arm-none-eabi/11.3.1/../../../../arm-none-eabi/lib/thumb/v7-m/nofp\libm.a
END GROUP
START GROUP
LOAD C:/ST/STM32CubeIDE_1.14.0/STM32CubeIDE/plugins/com.st.stm32cube.ide.mcu.externaltools.gnu-tools-for-stm32.11.3.rel1.win32_1.1.100.202309141235/tools/bin/../lib/gcc/arm-none-eabi/11.3.1/thumb/v7-m/nofp\libgcc.a
LOAD C:/ST/STM32CubeIDE_1.14.0/STM32CubeIDE/plugins/com.st.stm32cube.ide.mcu.externaltools.gnu-tools-for-stm32.11.3.rel1.win32_1.1.100.202309141235/tools/bin/../lib/gcc/arm-none-eabi/11.3.1/../../../../arm-none-eabi/lib/thumb/v7-m/nofp\libc_nano.a
END GROUP
START GROUP
LOAD C:/ST/STM32CubeIDE_1.14.0/STM32CubeIDE/plugins/com.st.stm32cube.ide.mcu.externaltools.gnu-tools-for-stm32.11.3.rel1.win32_1.1.100.202309141235/tools/bin/../lib/gcc/arm-none-eabi/11.3.1/thumb/v7-m/nofp\libgcc.a
LOAD C:/ST/STM32CubeIDE_1.14.0/STM32CubeIDE/plugins/com.st.stm32cube.ide.mcu.externaltools.gnu-tools-for-stm32.11.3.rel1.win32_1.1.100.202309141235/tools/bin/../lib/gcc/arm-none-eabi/11.3.1/../../../../arm-none-eabi/lib/thumb/v7-m/nofp\libc_nano.a
LOAD C:/ST/STM32CubeIDE_1.14.0/STM32CubeIDE/plugins/com.st.stm32cube.ide.mcu.externaltools.gnu-tools-for-stm32.11.3.rel1.win32_1.1.100.202309141235/tools/bin/../lib/gcc/arm-none-eabi/11.3.1/../../../../arm-none-eabi/lib/thumb/v7-m/nofp\libnosys.a
END GROUP
START GROUP
LOAD C:/ST/STM32CubeIDE_1.14.0/STM32CubeIDE/plugins/com.st.stm32cube.ide.mcu.externaltools.gnu-tools-for-stm32.11.3.rel1.win32_1.1.100.202309141235/tools/bin/../lib/gcc/arm-none-eabi/11.3.1/thumb/v7-m/nofp\libgcc.a
LOAD C:/ST/STM32CubeIDE_1.14.0/STM32CubeIDE/plugins/com.st.stm32cube.ide.mcu.externaltools.gnu-tools-for-stm32.11.3.rel1.win32_1.1.100.202309141235/tools/bin/../lib/gcc/arm-none-eabi/11.3.1/../../../../arm-none-eabi/lib/thumb/v7-m/nofp\libc_nano.a
LOAD C:/ST/STM32CubeIDE_1.14.0/STM32CubeIDE/plugins/com.st.stm32cube.ide.mcu.externaltools.gnu-tools-for-stm32.11.3.rel1.win32_1.1.100.202309141235/tools/bin/../lib/gcc/arm-none-eabi/11.3.1/../../../../arm-none-eabi/lib/thumb/v7-m/nofp\libnosys.a
END GROUP
LOAD C:/ST/STM32CubeIDE_1.14.0/STM32CubeIDE/plugins/com.st.stm32cube.ide.mcu.externaltools.gnu-tools-for-stm32.11.3.rel1.win32_1.1.100.202309141235/tools/bin/../lib/gcc/arm-none-eabi/11.3.1/thumb/v7-m/nofp/crtend.o
LOAD C:/ST/STM32CubeIDE_1.14.0/STM32CubeIDE/plugins/com.st.stm32cube.ide.mcu.externaltools.gnu-tools-for-stm32.11.3.rel1.win32_1.1.100.202309141235/tools/bin/../lib/gcc/arm-none-eabi/11.3.1/thumb/v7-m/nofp/crtn.o
                0x0000000020005000                _estack = (ORIGIN (RAM) + LENGTH (RAM))
                0x0000000000000000                _Min_Heap_Size = 0x0
                0x0000000000000200                _Min_Stack_Size = 0x200

.isr_vector     0x0000000008000000      0x130
                0x0000000008000000                . = ALIGN (0x4)
 *(.isr_vector)
 .isr_vector    0x0000000008000000      0x130 ./My/Startup/startup_stm32f103rbtx.o
                0x0000000008000000                g_pfnVectors
                0x0000000008000130                . = ALIGN (0x4)

.text           0x0000000008000130     0x5344
                0x0000000008000130                . = ALIGN (0x4)
 *(.text)
 .text          0x0000000008000130       0x40 C:/ST/STM32CubeIDE_1.14.0/STM32CubeIDE/plugins/com.st.stm32cube.ide.mcu.externaltools.gnu-tools-for-stm32.11.3.rel1.win32_1.1.100.202309141235/tools/bin/../lib/gcc/arm-none-eabi/11.3.1/thumb/v7-m/nofp/crtbegin.o
 .text          0x0000000008000170      0x168 C:/ST/STM32CubeIDE_1.14.0/STM32CubeIDE/plugins/com.st.stm32cube.ide.mcu.externaltools.gnu-tools-for-stm32.11.3.rel1.win32_1.1.100.202309141235/tools/bin/../lib/gcc/arm-none-eabi/11.3.1/thumb/v7-m/nofp\libgcc.a(_arm_mulsf3.o)
                0x0000000008000170                __aeabi_fmul
                0x0000000008000170                __mulsf3
 .text          0x00000000080002d8      0x378 C:/ST/STM32CubeIDE_1.14.0/STM32CubeIDE/plugins/com.st.stm32cube.ide.mcu.externaltools.gnu-tools-for-stm32.11.3.rel1.win32_1.1.100.202309141235/tools/bin/../lib/gcc/arm-none-eabi/11.3.1/thumb/v7-m/nofp\libgcc.a(_arm_addsubdf3.o)
                0x00000000080002d8                __aeabi_drsub
                0x00000000080002e0                __aeabi_dsub
                0x00000000080002e0                __subdf3
                0x00000000080002e4                __aeabi_dadd
                0x00000000080002e4                __adddf3
                0x000000000800055c                __floatunsidf
                0x000000000800055c                __aeabi_ui2d
                0x000000000800057c                __floatsidf
                0x000000000800057c                __aeabi_i2d
                0x00000000080005a0                __aeabi_f2d
                0x00000000080005a0                __extendsfdf2
                0x00000000080005e4                __floatundidf
                0x00000000080005e4                __aeabi_ul2d
                0x00000000080005f4                __floatdidf
                0x00000000080005f4                __aeabi_l2d
 .text          0x0000000008000650      0x110 C:/ST/STM32CubeIDE_1.14.0/STM32CubeIDE/plugins/com.st.stm32cube.ide.mcu.externaltools.gnu-tools-for-stm32.11.3.rel1.win32_1.1.100.202309141235/tools/bin/../lib/gcc/arm-none-eabi/11.3.1/thumb/v7-m/nofp\libgcc.a(_arm_cmpdf2.o)
                0x0000000008000650                __gtdf2
                0x0000000008000650                __gedf2
                0x0000000008000658                __ltdf2
                0x0000000008000658                __ledf2
                0x0000000008000660                __nedf2
                0x0000000008000660                __eqdf2
                0x0000000008000660                __cmpdf2
                0x00000000080006dc                __aeabi_cdrcmple
                0x00000000080006ec                __aeabi_cdcmpeq
                0x00000000080006ec                __aeabi_cdcmple
                0x00000000080006fc                __aeabi_dcmpeq
                0x0000000008000710                __aeabi_dcmplt
                0x0000000008000724                __aeabi_dcmple
                0x0000000008000738                __aeabi_dcmpge
                0x000000000800074c                __aeabi_dcmpgt
 .text          0x0000000008000760       0xa0 C:/ST/STM32CubeIDE_1.14.0/STM32CubeIDE/plugins/com.st.stm32cube.ide.mcu.externaltools.gnu-tools-for-stm32.11.3.rel1.win32_1.1.100.202309141235/tools/bin/../lib/gcc/arm-none-eabi/11.3.1/thumb/v7-m/nofp\libgcc.a(_arm_truncdfsf2.o)
                0x0000000008000760                __truncdfsf2
                0x0000000008000760                __aeabi_d2f
 .text          0x0000000008000800      0x21c C:/ST/STM32CubeIDE_1.14.0/STM32CubeIDE/plugins/com.st.stm32cube.ide.mcu.externaltools.gnu-tools-for-stm32.11.3.rel1.win32_1.1.100.202309141235/tools/bin/../lib/gcc/arm-none-eabi/11.3.1/thumb/v7-m/nofp\libgcc.a(_arm_addsubsf3.o)
                0x0000000008000800                __aeabi_frsub
                0x0000000008000808                __subsf3
                0x0000000008000808                __aeabi_fsub
                0x000000000800080c                __aeabi_fadd
                0x000000000800080c                __addsf3
                0x000000000800096c                __aeabi_ui2f
                0x000000000800096c                __floatunsisf
                0x0000000008000974                __aeabi_i2f
                0x0000000008000974                __floatsisf
                0x0000000008000990                __aeabi_ul2f
                0x0000000008000990                __floatundisf
                0x00000000080009a0                __aeabi_l2f
                0x00000000080009a0                __floatdisf
 .text          0x0000000008000a1c       0xec C:/ST/STM32CubeIDE_1.14.0/STM32CubeIDE/plugins/com.st.stm32cube.ide.mcu.externaltools.gnu-tools-for-stm32.11.3.rel1.win32_1.1.100.202309141235/tools/bin/../lib/gcc/arm-none-eabi/11.3.1/thumb/v7-m/nofp\libgcc.a(_arm_cmpsf2.o)
                0x0000000008000a1c                __gesf2
                0x0000000008000a1c                __gtsf2
                0x0000000008000a24                __lesf2
                0x0000000008000a24                __ltsf2
                0x0000000008000a2c                __nesf2
                0x0000000008000a2c                __eqsf2
                0x0000000008000a2c                __cmpsf2
                0x0000000008000a8c                __aeabi_cfrcmple
                0x0000000008000a94                __aeabi_cfcmpeq
                0x0000000008000a94                __aeabi_cfcmple
                0x0000000008000aa4                __aeabi_fcmpeq
                0x0000000008000ab8                __aeabi_fcmplt
                0x0000000008000acc                __aeabi_fcmple
                0x0000000008000ae0                __aeabi_fcmpge
                0x0000000008000af4                __aeabi_fcmpgt
 .text          0x0000000008000b08       0x4c C:/ST/STM32CubeIDE_1.14.0/STM32CubeIDE/plugins/com.st.stm32cube.ide.mcu.externaltools.gnu-tools-for-stm32.11.3.rel1.win32_1.1.100.202309141235/tools/bin/../lib/gcc/arm-none-eabi/11.3.1/thumb/v7-m/nofp\libgcc.a(_arm_fixsfsi.o)
                0x0000000008000b08                __aeabi_f2iz
                0x0000000008000b08                __fixsfsi
 *(.text*)
 .text.GPIO_MCU_Init
                0x0000000008000b54       0x20 ./MCUv7/GpioMCU.o
                0x0000000008000b54                GPIO_MCU_Init
 .text.I2cRxParsing
                0x0000000008000b74      0x200 ./MCUv7/Protocol_I2C.o
 .text.I2cTxParsing
                0x0000000008000d74        0xc ./MCUv7/Protocol_I2C.o
 .text._protocol_i2c_ActIndication
                0x0000000008000d80       0x1c ./MCUv7/Protocol_I2C.o
 .text.PROTOCOL_MASTER_I2C_Init
                0x0000000008000d9c       0x40 ./MCUv7/Protocol_I2C.o
                0x0000000008000d9c                PROTOCOL_MASTER_I2C_Init
 .text.PROTOCOL_MASTER_I2C_RequestToMCU
                0x0000000008000ddc      0x288 ./MCUv7/Protocol_I2C.o
                0x0000000008000ddc                PROTOCOL_MASTER_I2C_RequestToMCU
 .text.PROTOCOL_MASTER_I2C_GetI2cNacCount
                0x0000000008001064       0x18 ./MCUv7/Protocol_I2C.o
                0x0000000008001064                PROTOCOL_MASTER_I2C_GetI2cNacCount
 .text.PROTOCOL_MASTER_I2C_GetDataMCU
                0x000000000800107c       0x14 ./MCUv7/Protocol_I2C.o
                0x000000000800107c                PROTOCOL_MASTER_I2C_GetDataMCU
 .text.PROTOCOL_MASTER_I2C_IncTimeoutAndReset
                0x0000000008001090       0x60 ./MCUv7/Protocol_I2C.o
                0x0000000008001090                PROTOCOL_MASTER_I2C_IncTimeoutAndReset
 .text.Blink_Loop
                0x00000000080010f0      0x114 ./My/Application/Blink.o
                0x00000000080010f0                Blink_Loop
 .text._config_SaveToFlash
                0x0000000008001204       0x54 ./My/Application/Config.o
                0x0000000008001204                _config_SaveToFlash
 .text.Config_SaveLoop
                0x0000000008001258       0x38 ./My/Application/Config.o
                0x0000000008001258                Config_SaveLoop
 .text.CRC8_FastCalculate
                0x0000000008001290       0x40 ./My/Application/Crc.o
                0x0000000008001290                CRC8_FastCalculate
 .text.CRC_Calculate
                0x00000000080012d0       0x1c ./My/Application/Crc.o
                0x00000000080012d0                CRC_Calculate
 .text.TemperatureSens_Sign
                0x00000000080012ec       0x16 ./My/Application/DS18B20.o
                0x00000000080012ec                TemperatureSens_Sign
 *fill*         0x0000000008001302        0x2 
 .text._ds2782_ReadData
                0x0000000008001304       0x58 ./My/Application/DS2782.o
 .text._ds2782_WriteData
                0x000000000800135c       0x2c ./My/Application/DS2782.o
 .text.DS2782_Init
                0x0000000008001388       0x24 ./My/Application/DS2782.o
                0x0000000008001388                DS2782_Init
 .text.DS2782_GetTemperature
                0x00000000080013ac       0x40 ./My/Application/DS2782.o
                0x00000000080013ac                DS2782_GetTemperature
 .text.DS2782_GetVoltage
                0x00000000080013ec       0x54 ./My/Application/DS2782.o
                0x00000000080013ec                DS2782_GetVoltage
 .text.msDelay_Loop
                0x0000000008001440       0x1c ./My/Application/Delay.o
                0x0000000008001440                msDelay_Loop
 .text.DELAY_Init
                0x000000000800145c       0x34 ./My/Application/Delay.o
                0x000000000800145c                DELAY_Init
 .text.DELAY_microS
                0x0000000008001490       0x44 ./My/Application/Delay.o
                0x0000000008001490                DELAY_microS
 .text.DELAY_milliS
                0x00000000080014d4       0x20 ./My/Application/Delay.o
                0x00000000080014d4                DELAY_milliS
 .text._encoder_GpioInit
                0x00000000080014f4      0x110 ./My/Application/Encoder.o
 .text.ENCODER_Init
                0x0000000008001604       0x4c ./My/Application/Encoder.o
                0x0000000008001604                ENCODER_Init
 .text.ENCODER_ScanLoop
                0x0000000008001650       0xfc ./My/Application/Encoder.o
                0x0000000008001650                ENCODER_ScanLoop
 .text.ENCODER_IncDecParam
                0x000000000800174c       0x72 ./My/Application/Encoder.o
                0x000000000800174c                ENCODER_IncDecParam
 .text.ENCODER_GetButton
                0x00000000080017be       0x16 ./My/Application/Encoder.o
                0x00000000080017be                ENCODER_GetButton
 .text.TIME_Calculation
                0x00000000080017d4       0x9c ./My/Application/Time.o
                0x00000000080017d4                TIME_Calculation
 .text.SystemInit
                0x0000000008001870       0x68 ./My/CMSIS/system_stm32f1xx.o
                0x0000000008001870                SystemInit
 .text.Lm6063LcdPause
                0x00000000080018d8       0x24 ./My/Display/LM6063D.o
 .text.Lm6063LcdGpioInit
                0x00000000080018fc       0x50 ./My/Display/LM6063D.o
 .text.Lm6063LcdSendByte
                0x000000000800194c       0x54 ./My/Display/LM6063D.o
 .text.Lm6063LcdInit
                0x00000000080019a0       0xa8 ./My/Display/LM6063D.o
                0x00000000080019a0                Lm6063LcdInit
 .text.Lm6063LcdUpdate
                0x0000000008001a48       0x98 ./My/Display/LM6063D.o
                0x0000000008001a48                Lm6063LcdUpdate
 .text.ClearTextBuf
                0x0000000008001ae0       0x30 ./My/Display/LcdGraphic.o
 .text.Lcd_Init
                0x0000000008001b10        0xc ./My/Display/LcdGraphic.o
                0x0000000008001b10                Lcd_Init
 .text.Lcd_Update
                0x0000000008001b1c       0x14 ./My/Display/LcdGraphic.o
                0x0000000008001b1c                Lcd_Update
 .text.Lcd_ClearVideoBuffer
                0x0000000008001b30       0x34 ./My/Display/LcdGraphic.o
                0x0000000008001b30                Lcd_ClearVideoBuffer
 .text.Lcd_Pixel
                0x0000000008001b64       0xc0 ./My/Display/LcdGraphic.o
                0x0000000008001b64                Lcd_Pixel
 .text.Lcd_Line
                0x0000000008001c24      0x15c ./My/Display/LcdGraphic.o
                0x0000000008001c24                Lcd_Line
 .text.Lcd_GotoXYFont
                0x0000000008001d80       0x50 ./My/Display/LcdGraphic.o
                0x0000000008001d80                Lcd_GotoXYFont
 .text.Lcd_Chr  0x0000000008001dd0       0x84 ./My/Display/LcdGraphic.o
                0x0000000008001dd0                Lcd_Chr
 .text.Lcd_SetCursor
                0x0000000008001e54       0x6c ./My/Display/LcdGraphic.o
                0x0000000008001e54                Lcd_SetCursor
 .text.Lcd_ChrBold
                0x0000000008001ec0      0x190 ./My/Display/LcdGraphic.o
                0x0000000008001ec0                Lcd_ChrBold
 .text.Lcd_ChrBig
                0x0000000008002050      0x164 ./My/Display/LcdGraphic.o
                0x0000000008002050                Lcd_ChrBig
 .text.Lcd_Print
                0x00000000080021b4       0x38 ./My/Display/LcdGraphic.o
                0x00000000080021b4                Lcd_Print
 .text.Lcd_BinToDec
                0x00000000080021ec       0xc0 ./My/Display/LcdGraphic.o
                0x00000000080021ec                Lcd_BinToDec
 .text.Lcd_BinToDecWithSign
                0x00000000080022ac       0x68 ./My/Display/LcdGraphic.o
                0x00000000080022ac                Lcd_BinToDecWithSign
 .text.Lcd_PrintStringAndNumber
                0x0000000008002314       0x44 ./My/Display/LcdGraphic.o
                0x0000000008002314                Lcd_PrintStringAndNumber
 .text.map_I32  0x0000000008002358       0x36 ./My/Main/main.o
                0x0000000008002358                map_I32
 *fill*         0x000000000800238e        0x2 
 .text.Lcd_AnalogScale
                0x0000000008002390      0x1d8 ./My/Main/main.o
                0x0000000008002390                Lcd_AnalogScale
 .text.Lcd_HorizontalProgressBar
                0x0000000008002568       0xb4 ./My/Main/main.o
                0x0000000008002568                Lcd_HorizontalProgressBar
 .text.IncrementOnEachPass
                0x000000000800261c       0x60 ./My/Main/main.o
                0x000000000800261c                IncrementOnEachPass
 .text.Temperature_Display
                0x000000000800267c       0xb4 ./My/Main/main.o
                0x000000000800267c                Temperature_Display
 .text.Time_Display
                0x0000000008002730       0x74 ./My/Main/main.o
                0x0000000008002730                Time_Display
 .text.Battery_GetPercentCharge
                0x00000000080027a4       0x4e ./My/Main/main.o
                0x00000000080027a4                Battery_GetPercentCharge
 *fill*         0x00000000080027f2        0x2 
 .text.Task_DS2782
                0x00000000080027f4       0x18 ./My/Main/main.o
                0x00000000080027f4                Task_DS2782
 .text.Task_DS2782_Display
                0x000000000800280c      0x210 ./My/Main/main.o
                0x000000000800280c                Task_DS2782_Display
 .text.Task_MCUv7DataDisplay
                0x0000000008002a1c      0x17c ./My/Main/main.o
                0x0000000008002a1c                Task_MCUv7DataDisplay
 .text.Task_AnalogMeter
                0x0000000008002b98       0x70 ./My/Main/main.o
                0x0000000008002b98                Task_AnalogMeter
 .text.Task_DisplayPageSelect
                0x0000000008002c08       0xc4 ./My/Main/main.o
                0x0000000008002c08                Task_DisplayPageSelect
 .text.main     0x0000000008002ccc       0xb0 ./My/Main/main.o
                0x0000000008002ccc                main
 .text.SysTick_IT_Handler
                0x0000000008002d7c       0x24 ./My/Main/main.o
                0x0000000008002d7c                SysTick_IT_Handler
 .text.STM32_Flash_Lock
                0x0000000008002da0       0x1c ./My/STM32_Perif/flash_ST.o
                0x0000000008002da0                STM32_Flash_Lock
 .text.STM32_Flash_Unlock
                0x0000000008002dbc       0x24 ./My/STM32_Perif/flash_ST.o
                0x0000000008002dbc                STM32_Flash_Unlock
 .text.STM32_Flash_ErasePage
                0x0000000008002de0       0x74 ./My/STM32_Perif/flash_ST.o
                0x0000000008002de0                STM32_Flash_ErasePage
 .text.STM32_Flash_WriteWord
                0x0000000008002e54       0x8c ./My/STM32_Perif/flash_ST.o
                0x0000000008002e54                STM32_Flash_WriteWord
 .text._gpio_PortXClockEnable
                0x0000000008002ee0       0x6c ./My/STM32_Perif/gpio_ST.o
 .text.STM32_GPIO_InitForOutputPushPull
                0x0000000008002f4c       0x86 ./My/STM32_Perif/gpio_ST.o
                0x0000000008002f4c                STM32_GPIO_InitForOutputPushPull
 *fill*         0x0000000008002fd2        0x2 
 .text.__NVIC_GetPriorityGrouping
                0x0000000008002fd4       0x1c ./My/STM32_Perif/i2c_ST.o
 .text.__NVIC_EnableIRQ
                0x0000000008002ff0       0x38 ./My/STM32_Perif/i2c_ST.o
 .text.__NVIC_SetPriority
                0x0000000008003028       0x54 ./My/STM32_Perif/i2c_ST.o
 .text.NVIC_EncodePriority
                0x000000000800307c       0x64 ./My/STM32_Perif/i2c_ST.o
 .text._i2c_LongWait
                0x00000000080030e0       0x3a ./My/STM32_Perif/i2c_ST.o
 *fill*         0x000000000800311a        0x2 
 .text._i2c_GPIO_Init
                0x000000000800311c       0x80 ./My/STM32_Perif/i2c_ST.o
 .text.I2C_StartAndSendDeviceAddr
                0x000000000800319c       0x94 ./My/STM32_Perif/i2c_ST.o
                0x000000000800319c                I2C_StartAndSendDeviceAddr
 .text.I2C_SendByte
                0x0000000008003230       0x2e ./My/STM32_Perif/i2c_ST.o
                0x0000000008003230                I2C_SendByte
 .text.I2C_ReadData
                0x000000000800325e      0x176 ./My/STM32_Perif/i2c_ST.o
                0x000000000800325e                I2C_ReadData
 .text.I2C_Stop
                0x00000000080033d4       0x30 ./My/STM32_Perif/i2c_ST.o
                0x00000000080033d4                I2C_Stop
 .text.I2C_SendDataWithoutStop
                0x0000000008003404       0x5c ./My/STM32_Perif/i2c_ST.o
                0x0000000008003404                I2C_SendDataWithoutStop
 .text.I2C_SendData
                0x0000000008003460       0x36 ./My/STM32_Perif/i2c_ST.o
                0x0000000008003460                I2C_SendData
 *fill*         0x0000000008003496        0x2 
 .text.I2C_Master_Init
                0x0000000008003498       0xbc ./My/STM32_Perif/i2c_ST.o
                0x0000000008003498                I2C_Master_Init
 .text.I2C_Master_GetNacCount
                0x0000000008003554       0x30 ./My/STM32_Perif/i2c_ST.o
                0x0000000008003554                I2C_Master_GetNacCount
 .text.I2C_Master_Write
                0x0000000008003584       0x52 ./My/STM32_Perif/i2c_ST.o
                0x0000000008003584                I2C_Master_Write
 .text.I2C_Master_Read
                0x00000000080035d6       0x78 ./My/STM32_Perif/i2c_ST.o
                0x00000000080035d6                I2C_Master_Read
 *fill*         0x000000000800364e        0x2 
 .text.I2C_Slave_Init
                0x0000000008003650       0xc0 ./My/STM32_Perif/i2c_ST.o
                0x0000000008003650                I2C_Slave_Init
 .text.I2C_IT_Init
                0x0000000008003710       0xb8 ./My/STM32_Perif/i2c_ST.o
                0x0000000008003710                I2C_IT_Init
 .text._i2c_ClearErrFlagAndStop
                0x00000000080037c8       0x2e ./My/STM32_Perif/i2c_ST.o
                0x00000000080037c8                _i2c_ClearErrFlagAndStop
 .text.I2C_IT_Error
                0x00000000080037f6       0xb6 ./My/STM32_Perif/i2c_ST.o
 .text.I2C_IT_ER_Handler
                0x00000000080038ac       0x3c ./My/STM32_Perif/i2c_ST.o
                0x00000000080038ac                I2C_IT_ER_Handler
 .text.I2C_DMA_Init
                0x00000000080038e8       0x2c ./My/STM32_Perif/i2c_ST.o
                0x00000000080038e8                I2C_DMA_Init
 .text.I2C_DMA_Read
                0x0000000008003914       0xec ./My/STM32_Perif/i2c_ST.o
                0x0000000008003914                I2C_DMA_Read
 .text.DMA_ChDisableAndITFlagClear
                0x0000000008003a00       0x30 ./My/STM32_Perif/i2c_ST.o
 .text.I2C_DMA_TX_Handler
                0x0000000008003a30       0x88 ./My/STM32_Perif/i2c_ST.o
 .text.I2C_DMA_RX_Handler
                0x0000000008003ab8       0x7c ./My/STM32_Perif/i2c_ST.o
 .text.I2C1_DMA_IT_TX_Handler
                0x0000000008003b34       0x18 ./My/STM32_Perif/i2c_ST.o
                0x0000000008003b34                I2C1_DMA_IT_TX_Handler
 .text.I2C1_DMA_IT_RX_Handler
                0x0000000008003b4c       0x18 ./My/STM32_Perif/i2c_ST.o
                0x0000000008003b4c                I2C1_DMA_IT_RX_Handler
 .text.SPI_Init
                0x0000000008003b64      0x110 ./My/STM32_Perif/spi_ST.o
                0x0000000008003b64                SPI_Init
 .text.SPI_TxRxByte
                0x0000000008003c74       0x66 ./My/STM32_Perif/spi_ST.o
                0x0000000008003c74                SPI_TxRxByte
 *fill*         0x0000000008003cda        0x2 
 .text.SPI2_IRQHandler
                0x0000000008003cdc       0x38 ./My/STM32_Perif/spi_ST.o
                0x0000000008003cdc                SPI2_IRQHandler
 .text.SysTick_Handler
                0x0000000008003d14        0xc ./My/STM32_Perif/stm32f10x_it.o
                0x0000000008003d14                SysTick_Handler
 .text.WWDG_IRQHandler
                0x0000000008003d20        0xc ./My/STM32_Perif/stm32f10x_it.o
                0x0000000008003d20                WWDG_IRQHandler
 .text.PVD_IRQHandler
                0x0000000008003d2c        0xc ./My/STM32_Perif/stm32f10x_it.o
                0x0000000008003d2c                PVD_IRQHandler
 .text.TAMPER_IRQHandler
                0x0000000008003d38        0xc ./My/STM32_Perif/stm32f10x_it.o
                0x0000000008003d38                TAMPER_IRQHandler
 .text.RTC_IRQHandler
                0x0000000008003d44        0xc ./My/STM32_Perif/stm32f10x_it.o
                0x0000000008003d44                RTC_IRQHandler
 .text.FLASH_IRQHandler
                0x0000000008003d50        0xc ./My/STM32_Perif/stm32f10x_it.o
                0x0000000008003d50                FLASH_IRQHandler
 .text.RCC_IRQHandler
                0x0000000008003d5c        0xc ./My/STM32_Perif/stm32f10x_it.o
                0x0000000008003d5c                RCC_IRQHandler
 .text.EXTI0_IRQHandler
                0x0000000008003d68        0xc ./My/STM32_Perif/stm32f10x_it.o
                0x0000000008003d68                EXTI0_IRQHandler
 .text.EXTI1_IRQHandler
                0x0000000008003d74        0xc ./My/STM32_Perif/stm32f10x_it.o
                0x0000000008003d74                EXTI1_IRQHandler
 .text.EXTI2_IRQHandler
                0x0000000008003d80        0xc ./My/STM32_Perif/stm32f10x_it.o
                0x0000000008003d80                EXTI2_IRQHandler
 .text.EXTI3_IRQHandler
                0x0000000008003d8c        0xc ./My/STM32_Perif/stm32f10x_it.o
                0x0000000008003d8c                EXTI3_IRQHandler
 .text.EXTI4_IRQHandler
                0x0000000008003d98        0xc ./My/STM32_Perif/stm32f10x_it.o
                0x0000000008003d98                EXTI4_IRQHandler
 .text.DMA1_Channel1_IRQHandler
                0x0000000008003da4        0xc ./My/STM32_Perif/stm32f10x_it.o
                0x0000000008003da4                DMA1_Channel1_IRQHandler
 .text.DMA1_Channel2_IRQHandler
                0x0000000008003db0        0xc ./My/STM32_Perif/stm32f10x_it.o
                0x0000000008003db0                DMA1_Channel2_IRQHandler
 .text.DMA1_Channel3_IRQHandler
                0x0000000008003dbc        0xc ./My/STM32_Perif/stm32f10x_it.o
                0x0000000008003dbc                DMA1_Channel3_IRQHandler
 .text.DMA1_Channel5_IRQHandler
                0x0000000008003dc8        0xc ./My/STM32_Perif/stm32f10x_it.o
                0x0000000008003dc8                DMA1_Channel5_IRQHandler
 .text.DMA1_Channel6_IRQHandler
                0x0000000008003dd4        0xc ./My/STM32_Perif/stm32f10x_it.o
                0x0000000008003dd4                DMA1_Channel6_IRQHandler
 .text.DMA1_Channel7_IRQHandler
                0x0000000008003de0        0xc ./My/STM32_Perif/stm32f10x_it.o
                0x0000000008003de0                DMA1_Channel7_IRQHandler
 .text.ADC1_2_IRQHandler
                0x0000000008003dec        0xc ./My/STM32_Perif/stm32f10x_it.o
                0x0000000008003dec                ADC1_2_IRQHandler
 .text.USB_HP_CAN_TX_IRQHandler
                0x0000000008003df8        0xc ./My/STM32_Perif/stm32f10x_it.o
                0x0000000008003df8                USB_HP_CAN_TX_IRQHandler
 .text.USB_LP_CAN_RX0_IRQHandler
                0x0000000008003e04        0xc ./My/STM32_Perif/stm32f10x_it.o
                0x0000000008003e04                USB_LP_CAN_RX0_IRQHandler
 .text.CAN_RX1_IRQHandler
                0x0000000008003e10        0xc ./My/STM32_Perif/stm32f10x_it.o
                0x0000000008003e10                CAN_RX1_IRQHandler
 .text.CAN_SCE_IRQHandler
                0x0000000008003e1c        0xc ./My/STM32_Perif/stm32f10x_it.o
                0x0000000008003e1c                CAN_SCE_IRQHandler
 .text.EXTI9_5_IRQHandler
                0x0000000008003e28        0xc ./My/STM32_Perif/stm32f10x_it.o
                0x0000000008003e28                EXTI9_5_IRQHandler
 .text.TIM1_BRK_IRQHandler
                0x0000000008003e34        0xc ./My/STM32_Perif/stm32f10x_it.o
                0x0000000008003e34                TIM1_BRK_IRQHandler
 .text.TIM1_UP_IRQHandler
                0x0000000008003e40       0x1c ./My/STM32_Perif/stm32f10x_it.o
                0x0000000008003e40                TIM1_UP_IRQHandler
 .text.TIM1_TRG_COM_IRQHandler
                0x0000000008003e5c        0xc ./My/STM32_Perif/stm32f10x_it.o
                0x0000000008003e5c                TIM1_TRG_COM_IRQHandler
 .text.TIM1_CC_IRQHandler
                0x0000000008003e68        0xc ./My/STM32_Perif/stm32f10x_it.o
                0x0000000008003e68                TIM1_CC_IRQHandler
 .text.TIM2_IRQHandler
                0x0000000008003e74       0x1c ./My/STM32_Perif/stm32f10x_it.o
                0x0000000008003e74                TIM2_IRQHandler
 .text.TIM3_IRQHandler
                0x0000000008003e90        0xc ./My/STM32_Perif/stm32f10x_it.o
                0x0000000008003e90                TIM3_IRQHandler
 .text.TIM4_IRQHandler
                0x0000000008003e9c        0xc ./My/STM32_Perif/stm32f10x_it.o
                0x0000000008003e9c                TIM4_IRQHandler
 .text.I2C1_EV_IRQHandler
                0x0000000008003ea8        0xc ./My/STM32_Perif/stm32f10x_it.o
                0x0000000008003ea8                I2C1_EV_IRQHandler
 .text.I2C1_ER_IRQHandler
                0x0000000008003eb4       0x14 ./My/STM32_Perif/stm32f10x_it.o
                0x0000000008003eb4                I2C1_ER_IRQHandler
 .text.I2C2_EV_IRQHandler
                0x0000000008003ec8        0xc ./My/STM32_Perif/stm32f10x_it.o
                0x0000000008003ec8                I2C2_EV_IRQHandler
 .text.I2C2_ER_IRQHandler
                0x0000000008003ed4        0xc ./My/STM32_Perif/stm32f10x_it.o
                0x0000000008003ed4                I2C2_ER_IRQHandler
 .text.SPI1_IRQHandler
                0x0000000008003ee0        0xc ./My/STM32_Perif/stm32f10x_it.o
                0x0000000008003ee0                SPI1_IRQHandler
 .text.USART2_IRQHandler
                0x0000000008003eec        0xc ./My/STM32_Perif/stm32f10x_it.o
                0x0000000008003eec                USART2_IRQHandler
 .text.USART3_IRQHandler
                0x0000000008003ef8        0xc ./My/STM32_Perif/stm32f10x_it.o
                0x0000000008003ef8                USART3_IRQHandler
 .text.EXTI15_10_IRQHandler
                0x0000000008003f04        0xc ./My/STM32_Perif/stm32f10x_it.o
                0x0000000008003f04                EXTI15_10_IRQHandler
 .text.RTCAlarm_IRQHandler
                0x0000000008003f10        0xc ./My/STM32_Perif/stm32f10x_it.o
                0x0000000008003f10                RTCAlarm_IRQHandler
 .text.TIM8_BRK_IRQHandler
                0x0000000008003f1c        0xc ./My/STM32_Perif/stm32f10x_it.o
                0x0000000008003f1c                TIM8_BRK_IRQHandler
 .text.TIM8_UP_IRQHandler
                0x0000000008003f28        0xc ./My/STM32_Perif/stm32f10x_it.o
                0x0000000008003f28                TIM8_UP_IRQHandler
 .text.TIM8_TRG_COM_IRQHandler
                0x0000000008003f34        0xc ./My/STM32_Perif/stm32f10x_it.o
                0x0000000008003f34                TIM8_TRG_COM_IRQHandler
 .text.TIM8_CC_IRQHandler
                0x0000000008003f40        0xc ./My/STM32_Perif/stm32f10x_it.o
                0x0000000008003f40                TIM8_CC_IRQHandler
 .text.ADC3_IRQHandler
                0x0000000008003f4c        0xc ./My/STM32_Perif/stm32f10x_it.o
                0x0000000008003f4c                ADC3_IRQHandler
 .text.FSMC_IRQHandler
                0x0000000008003f58        0xc ./My/STM32_Perif/stm32f10x_it.o
                0x0000000008003f58                FSMC_IRQHandler
 .text.SDIO_IRQHandler
                0x0000000008003f64        0xc ./My/STM32_Perif/stm32f10x_it.o
                0x0000000008003f64                SDIO_IRQHandler
 .text.TIM5_IRQHandler
                0x0000000008003f70        0xc ./My/STM32_Perif/stm32f10x_it.o
                0x0000000008003f70                TIM5_IRQHandler
 .text.SPI3_IRQHandler
                0x0000000008003f7c        0xc ./My/STM32_Perif/stm32f10x_it.o
                0x0000000008003f7c                SPI3_IRQHandler
 .text.UART4_IRQHandler
                0x0000000008003f88        0xc ./My/STM32_Perif/stm32f10x_it.o
                0x0000000008003f88                UART4_IRQHandler
 .text.UART5_IRQHandler
                0x0000000008003f94        0xc ./My/STM32_Perif/stm32f10x_it.o
                0x0000000008003f94                UART5_IRQHandler
 .text.TIM6_IRQHandler
                0x0000000008003fa0        0xc ./My/STM32_Perif/stm32f10x_it.o
                0x0000000008003fa0                TIM6_IRQHandler
 .text.TIM7_IRQHandler
                0x0000000008003fac        0xc ./My/STM32_Perif/stm32f10x_it.o
                0x0000000008003fac                TIM7_IRQHandler
 .text.DMA2_Channel1_IRQHandler
                0x0000000008003fb8        0xc ./My/STM32_Perif/stm32f10x_it.o
                0x0000000008003fb8                DMA2_Channel1_IRQHandler
 .text.DMA2_Channel2_IRQHandler
                0x0000000008003fc4        0xc ./My/STM32_Perif/stm32f10x_it.o
                0x0000000008003fc4                DMA2_Channel2_IRQHandler
 .text.DMA2_Channel3_IRQHandler
                0x0000000008003fd0        0xc ./My/STM32_Perif/stm32f10x_it.o
                0x0000000008003fd0                DMA2_Channel3_IRQHandler
 .text.DMA2_Channel4_5_IRQHandler
                0x0000000008003fdc        0xc ./My/STM32_Perif/stm32f10x_it.o
                0x0000000008003fdc                DMA2_Channel4_5_IRQHandler
 .text.Init_RCC
                0x0000000008003fe8      0x100 ./My/STM32_Perif/sys_ST.o
 .text.Sys_Init
                0x00000000080040e8       0x5c ./My/STM32_Perif/sys_ST.o
                0x00000000080040e8                Sys_Init
 .text.NMI_Handler
                0x0000000008004144        0xc ./My/STM32_Perif/sys_ST.o
                0x0000000008004144                NMI_Handler
 .text.HardFault_Handler
                0x0000000008004150       0x24 ./My/STM32_Perif/sys_ST.o
                0x0000000008004150                HardFault_Handler
 .text.MemManage_Handler
                0x0000000008004174        0xc ./My/STM32_Perif/sys_ST.o
                0x0000000008004174                MemManage_Handler
 .text.BusFault_Handler
                0x0000000008004180        0xc ./My/STM32_Perif/sys_ST.o
                0x0000000008004180                BusFault_Handler
 .text.UsageFault_Handler
                0x000000000800418c        0xc ./My/STM32_Perif/sys_ST.o
                0x000000000800418c                UsageFault_Handler
 .text.SVC_Handler
                0x0000000008004198        0xc ./My/STM32_Perif/sys_ST.o
                0x0000000008004198                SVC_Handler
 .text.__NVIC_GetPriorityGrouping
                0x00000000080041a4       0x1c ./My/STM32_Perif/sys_tick_ST.o
 .text.__NVIC_EnableIRQ
                0x00000000080041c0       0x38 ./My/STM32_Perif/sys_tick_ST.o
 .text.__NVIC_SetPriority
                0x00000000080041f8       0x54 ./My/STM32_Perif/sys_tick_ST.o
 .text.NVIC_EncodePriority
                0x000000000800424c       0x64 ./My/STM32_Perif/sys_tick_ST.o
 .text.SysTick_Init
                0x00000000080042b0       0x48 ./My/STM32_Perif/sys_tick_ST.o
                0x00000000080042b0                SysTick_Init
 .text.__NVIC_EnableIRQ
                0x00000000080042f8       0x38 ./My/STM32_Perif/uart_ST.o
 .text.__NVIC_SetPriority
                0x0000000008004330       0x54 ./My/STM32_Perif/uart_ST.o
 .text.Usart1ClrErrFlag
                0x0000000008004384       0x18 ./My/STM32_Perif/uart_ST.o
 .text.USART1_IRQHandler
                0x000000000800439c       0x54 ./My/STM32_Perif/uart_ST.o
                0x000000000800439c                USART1_IRQHandler
 .text.USART_Init
                0x00000000080043f0      0x108 ./My/STM32_Perif/uart_ST.o
                0x00000000080043f0                USART_Init
 .text.DMA1Ch4InitForTx
                0x00000000080044f8       0x38 ./My/STM32_Perif/uart_ST.o
                0x00000000080044f8                DMA1Ch4InitForTx
 .text.DMA1_Channel4_IRQHandler
                0x0000000008004530       0x48 ./My/STM32_Perif/uart_ST.o
                0x0000000008004530                DMA1_Channel4_IRQHandler
 .text._disableInterrupt
                0x0000000008004578        0xc ./My/Sheduler/rtos.o
 .text._enableInterrupt
                0x0000000008004584        0xc ./My/Sheduler/rtos.o
 .text.RTOS_Init
                0x0000000008004590       0x18 ./My/Sheduler/rtos.o
                0x0000000008004590                RTOS_Init
 .text.RTOS_SetTask
                0x00000000080045a8       0xa8 ./My/Sheduler/rtos.o
                0x00000000080045a8                RTOS_SetTask
 .text.RTOS_DeleteTask
                0x0000000008004650       0x78 ./My/Sheduler/rtos.o
                0x0000000008004650                RTOS_DeleteTask
 .text.RTOS_DispatchLoop
                0x00000000080046c8       0x80 ./My/Sheduler/rtos.o
                0x00000000080046c8                RTOS_DispatchLoop
 .text.RTOS_TimerServiceLoop
                0x0000000008004748       0x64 ./My/Sheduler/rtos.o
                0x0000000008004748                RTOS_TimerServiceLoop
 .text.Reset_Handler
                0x00000000080047ac       0x50 ./My/Startup/startup_stm32f103rbtx.o
                0x00000000080047ac                Reset_Handler
 .text.Default_Handler
                0x00000000080047fc        0x2 ./My/Startup/startup_stm32f103rbtx.o
                0x00000000080047fc                PendSV_Handler
                0x00000000080047fc                Default_Handler
                0x00000000080047fc                DebugMon_Handler
 *fill*         0x00000000080047fe        0x2 
 .text.__libc_init_array
                0x0000000008004800       0x48 C:/ST/STM32CubeIDE_1.14.0/STM32CubeIDE/plugins/com.st.stm32cube.ide.mcu.externaltools.gnu-tools-for-stm32.11.3.rel1.win32_1.1.100.202309141235/tools/bin/../lib/gcc/arm-none-eabi/11.3.1/../../../../arm-none-eabi/lib/thumb/v7-m/nofp\libc_nano.a(libc_a-init.o)
                0x0000000008004800                __libc_init_array
 .text.cosf     0x0000000008004848       0x70 C:/ST/STM32CubeIDE_1.14.0/STM32CubeIDE/plugins/com.st.stm32cube.ide.mcu.externaltools.gnu-tools-for-stm32.11.3.rel1.win32_1.1.100.202309141235/tools/bin/../lib/gcc/arm-none-eabi/11.3.1/../../../../arm-none-eabi/lib/thumb/v7-m/nofp\libm.a(libm_a-sf_cos.o)
                0x0000000008004848                cosf
 .text.sinf     0x00000000080048b8       0x74 C:/ST/STM32CubeIDE_1.14.0/STM32CubeIDE/plugins/com.st.stm32cube.ide.mcu.externaltools.gnu-tools-for-stm32.11.3.rel1.win32_1.1.100.202309141235/tools/bin/../lib/gcc/arm-none-eabi/11.3.1/../../../../arm-none-eabi/lib/thumb/v7-m/nofp\libm.a(libm_a-sf_sin.o)
                0x00000000080048b8                sinf
 .text.__kernel_cosf
                0x000000000800492c      0x100 C:/ST/STM32CubeIDE_1.14.0/STM32CubeIDE/plugins/com.st.stm32cube.ide.mcu.externaltools.gnu-tools-for-stm32.11.3.rel1.win32_1.1.100.202309141235/tools/bin/../lib/gcc/arm-none-eabi/11.3.1/../../../../arm-none-eabi/lib/thumb/v7-m/nofp\libm.a(libm_a-kf_cos.o)
                0x000000000800492c                __kernel_cosf
 .text.__kernel_sinf
                0x0000000008004a2c       0xec C:/ST/STM32CubeIDE_1.14.0/STM32CubeIDE/plugins/com.st.stm32cube.ide.mcu.externaltools.gnu-tools-for-stm32.11.3.rel1.win32_1.1.100.202309141235/tools/bin/../lib/gcc/arm-none-eabi/11.3.1/../../../../arm-none-eabi/lib/thumb/v7-m/nofp\libm.a(libm_a-kf_sin.o)
                0x0000000008004a2c                __kernel_sinf
 .text.__ieee754_rem_pio2f
                0x0000000008004b18      0x2bc C:/ST/STM32CubeIDE_1.14.0/STM32CubeIDE/plugins/com.st.stm32cube.ide.mcu.externaltools.gnu-tools-for-stm32.11.3.rel1.win32_1.1.100.202309141235/tools/bin/../lib/gcc/arm-none-eabi/11.3.1/../../../../arm-none-eabi/lib/thumb/v7-m/nofp\libm.a(libm_a-ef_rem_pio2.o)
                0x0000000008004b18                __ieee754_rem_pio2f
 .text.fabsf    0x0000000008004dd4        0x6 C:/ST/STM32CubeIDE_1.14.0/STM32CubeIDE/plugins/com.st.stm32cube.ide.mcu.externaltools.gnu-tools-for-stm32.11.3.rel1.win32_1.1.100.202309141235/tools/bin/../lib/gcc/arm-none-eabi/11.3.1/../../../../arm-none-eabi/lib/thumb/v7-m/nofp\libm.a(libm_a-sf_fabs.o)
                0x0000000008004dd4                fabsf
 *fill*         0x0000000008004dda        0x2 
 .text.__kernel_rem_pio2f
                0x0000000008004ddc      0x568 C:/ST/STM32CubeIDE_1.14.0/STM32CubeIDE/plugins/com.st.stm32cube.ide.mcu.externaltools.gnu-tools-for-stm32.11.3.rel1.win32_1.1.100.202309141235/tools/bin/../lib/gcc/arm-none-eabi/11.3.1/../../../../arm-none-eabi/lib/thumb/v7-m/nofp\libm.a(libm_a-kf_rem_pio2.o)
                0x0000000008004ddc                __kernel_rem_pio2f
 .text.scalbnf  0x0000000008005344       0x98 C:/ST/STM32CubeIDE_1.14.0/STM32CubeIDE/plugins/com.st.stm32cube.ide.mcu.externaltools.gnu-tools-for-stm32.11.3.rel1.win32_1.1.100.202309141235/tools/bin/../lib/gcc/arm-none-eabi/11.3.1/../../../../arm-none-eabi/lib/thumb/v7-m/nofp\libm.a(libm_a-sf_scalbn.o)
                0x0000000008005344                scalbnf
 .text.floorf   0x00000000080053dc       0x80 C:/ST/STM32CubeIDE_1.14.0/STM32CubeIDE/plugins/com.st.stm32cube.ide.mcu.externaltools.gnu-tools-for-stm32.11.3.rel1.win32_1.1.100.202309141235/tools/bin/../lib/gcc/arm-none-eabi/11.3.1/../../../../arm-none-eabi/lib/thumb/v7-m/nofp\libm.a(libm_a-sf_floor.o)
                0x00000000080053dc                floorf
 *(.glue_7)
 .glue_7        0x000000000800545c        0x0 linker stubs
 *(.glue_7t)
 .glue_7t       0x000000000800545c        0x0 linker stubs
 *(.eh_frame)
 .eh_frame      0x000000000800545c        0x0 C:/ST/STM32CubeIDE_1.14.0/STM32CubeIDE/plugins/com.st.stm32cube.ide.mcu.externaltools.gnu-tools-for-stm32.11.3.rel1.win32_1.1.100.202309141235/tools/bin/../lib/gcc/arm-none-eabi/11.3.1/thumb/v7-m/nofp/crtbegin.o
 *(.init)
 .init          0x000000000800545c        0x4 C:/ST/STM32CubeIDE_1.14.0/STM32CubeIDE/plugins/com.st.stm32cube.ide.mcu.externaltools.gnu-tools-for-stm32.11.3.rel1.win32_1.1.100.202309141235/tools/bin/../lib/gcc/arm-none-eabi/11.3.1/thumb/v7-m/nofp/crti.o
                0x000000000800545c                _init
 .init          0x0000000008005460        0x8 C:/ST/STM32CubeIDE_1.14.0/STM32CubeIDE/plugins/com.st.stm32cube.ide.mcu.externaltools.gnu-tools-for-stm32.11.3.rel1.win32_1.1.100.202309141235/tools/bin/../lib/gcc/arm-none-eabi/11.3.1/thumb/v7-m/nofp/crtn.o
 *(.fini)
 .fini          0x0000000008005468        0x4 C:/ST/STM32CubeIDE_1.14.0/STM32CubeIDE/plugins/com.st.stm32cube.ide.mcu.externaltools.gnu-tools-for-stm32.11.3.rel1.win32_1.1.100.202309141235/tools/bin/../lib/gcc/arm-none-eabi/11.3.1/thumb/v7-m/nofp/crti.o
                0x0000000008005468                _fini
 .fini          0x000000000800546c        0x8 C:/ST/STM32CubeIDE_1.14.0/STM32CubeIDE/plugins/com.st.stm32cube.ide.mcu.externaltools.gnu-tools-for-stm32.11.3.rel1.win32_1.1.100.202309141235/tools/bin/../lib/gcc/arm-none-eabi/11.3.1/thumb/v7-m/nofp/crtn.o
                0x0000000008005474                . = ALIGN (0x4)
                0x0000000008005474                _etext = .

.vfp11_veneer   0x0000000008005474        0x0
 .vfp11_veneer  0x0000000008005474        0x0 linker stubs

.v4_bx          0x0000000008005474        0x0
 .v4_bx         0x0000000008005474        0x0 linker stubs

.iplt           0x0000000008005474        0x0
 .iplt          0x0000000008005474        0x0 C:/ST/STM32CubeIDE_1.14.0/STM32CubeIDE/plugins/com.st.stm32cube.ide.mcu.externaltools.gnu-tools-for-stm32.11.3.rel1.win32_1.1.100.202309141235/tools/bin/../lib/gcc/arm-none-eabi/11.3.1/thumb/v7-m/nofp/crtbegin.o

.rodata         0x0000000008005474      0xae8
                0x0000000008005474                . = ALIGN (0x4)
 *(.rodata)
 .rodata        0x0000000008005474      0x109 ./My/Main/main.o
 *fill*         0x000000000800557d        0x3 
 .rodata        0x0000000008005580        0xa ./My/STM32_Perif/sys_ST.o
 *(.rodata*)
 *fill*         0x000000000800558a        0x2 
 .rodata.Crc8Table
                0x000000000800558c      0x100 ./My/Application/Crc.o
                0x000000000800558c                Crc8Table
 .rodata.Ascii_Tab_12864
                0x000000000800568c      0x500 ./My/Display/Ascii_Tab_12864.o
                0x000000000800568c                Ascii_Tab_12864
 .rodata.npio2_hw
                0x0000000008005b8c       0x80 C:/ST/STM32CubeIDE_1.14.0/STM32CubeIDE/plugins/com.st.stm32cube.ide.mcu.externaltools.gnu-tools-for-stm32.11.3.rel1.win32_1.1.100.202309141235/tools/bin/../lib/gcc/arm-none-eabi/11.3.1/../../../../arm-none-eabi/lib/thumb/v7-m/nofp\libm.a(libm_a-ef_rem_pio2.o)
 .rodata.two_over_pi
                0x0000000008005c0c      0x318 C:/ST/STM32CubeIDE_1.14.0/STM32CubeIDE/plugins/com.st.stm32cube.ide.mcu.externaltools.gnu-tools-for-stm32.11.3.rel1.win32_1.1.100.202309141235/tools/bin/../lib/gcc/arm-none-eabi/11.3.1/../../../../arm-none-eabi/lib/thumb/v7-m/nofp\libm.a(libm_a-ef_rem_pio2.o)
 .rodata.PIo2   0x0000000008005f24       0x2c C:/ST/STM32CubeIDE_1.14.0/STM32CubeIDE/plugins/com.st.stm32cube.ide.mcu.externaltools.gnu-tools-for-stm32.11.3.rel1.win32_1.1.100.202309141235/tools/bin/../lib/gcc/arm-none-eabi/11.3.1/../../../../arm-none-eabi/lib/thumb/v7-m/nofp\libm.a(libm_a-kf_rem_pio2.o)
 .rodata.init_jk
                0x0000000008005f50        0xc C:/ST/STM32CubeIDE_1.14.0/STM32CubeIDE/plugins/com.st.stm32cube.ide.mcu.externaltools.gnu-tools-for-stm32.11.3.rel1.win32_1.1.100.202309141235/tools/bin/../lib/gcc/arm-none-eabi/11.3.1/../../../../arm-none-eabi/lib/thumb/v7-m/nofp\libm.a(libm_a-kf_rem_pio2.o)
                0x0000000008005f5c                . = ALIGN (0x4)

.rel.dyn        0x0000000008005f5c        0x0
 .rel.iplt      0x0000000008005f5c        0x0 C:/ST/STM32CubeIDE_1.14.0/STM32CubeIDE/plugins/com.st.stm32cube.ide.mcu.externaltools.gnu-tools-for-stm32.11.3.rel1.win32_1.1.100.202309141235/tools/bin/../lib/gcc/arm-none-eabi/11.3.1/thumb/v7-m/nofp/crtbegin.o

.ARM.extab      0x0000000008005f5c        0x0
                0x0000000008005f5c                . = ALIGN (0x4)
 *(.ARM.extab* .gnu.linkonce.armextab.*)
                0x0000000008005f5c                . = ALIGN (0x4)

.ARM            0x0000000008005f5c        0x0
                0x0000000008005f5c                . = ALIGN (0x4)
                0x0000000008005f5c                __exidx_start = .
 *(.ARM.exidx*)
                0x0000000008005f5c                __exidx_end = .
                0x0000000008005f5c                . = ALIGN (0x4)

.preinit_array  0x0000000008005f5c        0x0
                0x0000000008005f5c                . = ALIGN (0x4)
                0x0000000008005f5c                PROVIDE (__preinit_array_start = .)
 *(.preinit_array*)
                0x0000000008005f5c                PROVIDE (__preinit_array_end = .)
                0x0000000008005f5c                . = ALIGN (0x4)

.init_array     0x0000000008005f5c        0x4
                0x0000000008005f5c                . = ALIGN (0x4)
                0x0000000008005f5c                PROVIDE (__init_array_start = .)
 *(SORT_BY_NAME(.init_array.*))
 *(.init_array*)
 .init_array    0x0000000008005f5c        0x4 C:/ST/STM32CubeIDE_1.14.0/STM32CubeIDE/plugins/com.st.stm32cube.ide.mcu.externaltools.gnu-tools-for-stm32.11.3.rel1.win32_1.1.100.202309141235/tools/bin/../lib/gcc/arm-none-eabi/11.3.1/thumb/v7-m/nofp/crtbegin.o
                0x0000000008005f60                PROVIDE (__init_array_end = .)
                0x0000000008005f60                . = ALIGN (0x4)

.fini_array     0x0000000008005f60        0x4
                0x0000000008005f60                . = ALIGN (0x4)
                [!provide]                        PROVIDE (__fini_array_start = .)
 *(SORT_BY_NAME(.fini_array.*))
 *(.fini_array*)
 .fini_array    0x0000000008005f60        0x4 C:/ST/STM32CubeIDE_1.14.0/STM32CubeIDE/plugins/com.st.stm32cube.ide.mcu.externaltools.gnu-tools-for-stm32.11.3.rel1.win32_1.1.100.202309141235/tools/bin/../lib/gcc/arm-none-eabi/11.3.1/thumb/v7-m/nofp/crtbegin.o
                [!provide]                        PROVIDE (__fini_array_end = .)
                0x0000000008005f64                . = ALIGN (0x4)
                0x0000000008005f64                _sidata = LOADADDR (.data)

.data           0x0000000020000000        0x8 load address 0x0000000008005f64
                0x0000000020000000                . = ALIGN (0x4)
                0x0000000020000000                _sdata = .
 *(.data)
 *(.data*)
 .data.cyclCount.2
                0x0000000020000000        0x4 ./MCUv7/Protocol_I2C.o
 .data.angle.2  0x0000000020000004        0x4 ./My/Main/main.o
 *(.RamFunc)
 *(.RamFunc*)
                0x0000000020000008                . = ALIGN (0x4)
                0x0000000020000008                _edata = .

.igot.plt       0x0000000020000008        0x0 load address 0x0000000008005f6c
 .igot.plt      0x0000000020000008        0x0 C:/ST/STM32CubeIDE_1.14.0/STM32CubeIDE/plugins/com.st.stm32cube.ide.mcu.externaltools.gnu-tools-for-stm32.11.3.rel1.win32_1.1.100.202309141235/tools/bin/../lib/gcc/arm-none-eabi/11.3.1/thumb/v7-m/nofp/crtbegin.o
                0x0000000020000008                . = ALIGN (0x4)

.bss            0x0000000020000008      0x740 load address 0x0000000008005f6c
                0x0000000020000008                _sbss = .
                0x0000000020000008                __bss_start__ = _sbss
 *(.bss)
 .bss           0x0000000020000008       0x1c C:/ST/STM32CubeIDE_1.14.0/STM32CubeIDE/plugins/com.st.stm32cube.ide.mcu.externaltools.gnu-tools-for-stm32.11.3.rel1.win32_1.1.100.202309141235/tools/bin/../lib/gcc/arm-none-eabi/11.3.1/thumb/v7-m/nofp/crtbegin.o
 *(.bss*)
 .bss.I2cProtocol
                0x0000000020000024       0xb8 ./MCUv7/Protocol_I2C.o
 .bss.MCUc7Data
                0x00000000200000dc       0x24 ./MCUv7/Protocol_I2C.o
 .bss.responseSize
                0x0000000020000100        0x4 ./MCUv7/Protocol_I2C.o
 .bss.protocol_i2c_activFlag
                0x0000000020000104        0x4 ./MCUv7/Protocol_I2C.o
 .bss.flag.1    0x0000000020000108        0x4 ./MCUv7/Protocol_I2C.o
 .bss.ledCount.0
                0x000000002000010c        0x4 ./MCUv7/Protocol_I2C.o
 .bss.blinkReg  0x0000000020000110        0x2 ./My/Application/Blink.o
 *fill*         0x0000000020000112        0x2 
 .bss.blink_mSCount
                0x0000000020000114        0x4 ./My/Application/Blink.o
 .bss.blinkCount.2
                0x0000000020000118        0x2 ./My/Application/Blink.o
 *fill*         0x000000002000011a        0x2 
 .bss.dataForFLASH
                0x000000002000011c       0x30 ./My/Application/Config.o
 .bss.changeConfig
                0x000000002000014c        0x4 ./My/Application/Config.o
 .bss.msCounter
                0x0000000020000150        0x4 ./My/Application/Delay.o
 .bss.oldStateEncoder.1
                0x0000000020000154        0x1 ./My/Application/Encoder.o
 .bss.oldStateButton.0
                0x0000000020000155        0x1 ./My/Application/Encoder.o
 *fill*         0x0000000020000156        0x2 
 .bss.count.1   0x0000000020000158        0x4 ./My/Display/LM6063D.o
 .bss.bufIndex.0
                0x000000002000015c        0x4 ./My/Display/LM6063D.o
 .bss.lcdTextBuf
                0x0000000020000160       0x16 ./My/Display/LcdGraphic.o
 *fill*         0x0000000020000176        0x2 
 .bss.lcdVideoBuffer
                0x0000000020000178      0x400 ./My/Display/LcdGraphic.o
 .bss.LcdCacheIdx
                0x0000000020000578        0x2 ./My/Display/LcdGraphic.o
 *fill*         0x000000002000057a        0x2 
 .bss.UartTextBuffer
                0x000000002000057c       0x80 ./My/Display/LcdGraphic.o
 .bss.UartTextBufferIndex
                0x00000000200005fc        0x2 ./My/Display/LcdGraphic.o
 *fill*         0x00000000200005fe        0x2 
 .bss.Time      0x0000000020000600       0x10 ./My/Main/main.o
                0x0000000020000600                Time
 .bss.Sensor_1  0x0000000020000610       0x18 ./My/Main/main.o
                0x0000000020000610                Sensor_1
 .bss.Sensor_2  0x0000000020000628       0x18 ./My/Main/main.o
                0x0000000020000628                Sensor_2
 .bss.DS2782    0x0000000020000640       0x1c ./My/Main/main.o
                0x0000000020000640                DS2782
 .bss.Encoder   0x000000002000065c       0x20 ./My/Main/main.o
                0x000000002000065c                Encoder
 .bss.redaction
                0x000000002000067c        0x4 ./My/Main/main.o
 .bss.oldState.7
                0x0000000020000680        0x4 ./My/Main/main.o
 .bss.strIndex.4
                0x0000000020000684        0x4 ./My/Main/main.o
 .bss.strIndex.3
                0x0000000020000688        0x4 ./My/Main/main.o
 .bss.pageIndex.0
                0x000000002000068c        0x4 ./My/Main/main.o
 .bss.I2C1NacCount
                0x0000000020000690        0x4 ./My/STM32_Perif/i2c_ST.o
 .bss.I2C2NacCount
                0x0000000020000694        0x4 ./My/STM32_Perif/i2c_ST.o
 .bss.i2c1_IT_Define
                0x0000000020000698        0x4 ./My/STM32_Perif/i2c_ST.o
 .bss.i2c2_IT_Define
                0x000000002000069c        0x4 ./My/STM32_Perif/i2c_ST.o
 .bss.taskArray
                0x00000000200006a0       0xa0 ./My/Sheduler/rtos.o
 .bss.arrayTail
                0x0000000020000740        0x4 ./My/Sheduler/rtos.o
 .bss.tickCount
                0x0000000020000744        0x4 ./My/Sheduler/rtos.o
 *(COMMON)
                0x0000000020000748                . = ALIGN (0x4)
                0x0000000020000748                _ebss = .
                0x0000000020000748                __bss_end__ = _ebss

._user_heap_stack
                0x0000000020000748      0x200 load address 0x0000000008005f6c
                0x0000000020000748                . = ALIGN (0x8)
                0x0000000020000748                PROVIDE (end = .)
                [!provide]                        PROVIDE (_end = .)
                0x0000000020000748                . = (. + _Min_Heap_Size)
                0x0000000020000948                . = (. + _Min_Stack_Size)
 *fill*         0x0000000020000748      0x200 
                0x0000000020000948                . = ALIGN (0x8)

/DISCARD/
 libc.a(*)
 libm.a(*)
 libgcc.a(*)

.ARM.attributes
                0x0000000000000000       0x29
 *(.ARM.attributes)
 .ARM.attributes
                0x0000000000000000       0x1d C:/ST/STM32CubeIDE_1.14.0/STM32CubeIDE/plugins/com.st.stm32cube.ide.mcu.externaltools.gnu-tools-for-stm32.11.3.rel1.win32_1.1.100.202309141235/tools/bin/../lib/gcc/arm-none-eabi/11.3.1/thumb/v7-m/nofp/crti.o
 .ARM.attributes
                0x000000000000001d       0x2d C:/ST/STM32CubeIDE_1.14.0/STM32CubeIDE/plugins/com.st.stm32cube.ide.mcu.externaltools.gnu-tools-for-stm32.11.3.rel1.win32_1.1.100.202309141235/tools/bin/../lib/gcc/arm-none-eabi/11.3.1/thumb/v7-m/nofp/crtbegin.o
 .ARM.attributes
                0x000000000000004a       0x2d ./MCUv7/GpioMCU.o
 .ARM.attributes
                0x0000000000000077       0x2d ./MCUv7/Protocol_I2C.o
 .ARM.attributes
                0x00000000000000a4       0x2d ./My/Application/Blink.o
 .ARM.attributes
                0x00000000000000d1       0x2d ./My/Application/Config.o
 .ARM.attributes
                0x00000000000000fe       0x2d ./My/Application/Crc.o
 .ARM.attributes
                0x000000000000012b       0x2d ./My/Application/DS18B20.o
 .ARM.attributes
                0x0000000000000158       0x2d ./My/Application/DS2782.o
 .ARM.attributes
                0x0000000000000185       0x2d ./My/Application/Delay.o
 .ARM.attributes
                0x00000000000001b2       0x2d ./My/Application/Encoder.o
 .ARM.attributes
                0x00000000000001df       0x2d ./My/Application/Time.o
 .ARM.attributes
                0x000000000000020c       0x2d ./My/CMSIS/system_stm32f1xx.o
 .ARM.attributes
                0x0000000000000239       0x2d ./My/Display/Ascii_Tab_12864.o
 .ARM.attributes
                0x0000000000000266       0x2d ./My/Display/LM6063D.o
 .ARM.attributes
                0x0000000000000293       0x2d ./My/Display/LcdGraphic.o
 .ARM.attributes
                0x00000000000002c0       0x2d ./My/Main/main.o
 .ARM.attributes
                0x00000000000002ed       0x2d ./My/STM32_Perif/flash_ST.o
 .ARM.attributes
                0x000000000000031a       0x2d ./My/STM32_Perif/gpio_ST.o
 .ARM.attributes
                0x0000000000000347       0x2d ./My/STM32_Perif/i2c_ST.o
 .ARM.attributes
                0x0000000000000374       0x2d ./My/STM32_Perif/spi_ST.o
 .ARM.attributes
                0x00000000000003a1       0x2d ./My/STM32_Perif/stm32f10x_it.o
 .ARM.attributes
                0x00000000000003ce       0x2d ./My/STM32_Perif/sys_ST.o
 .ARM.attributes
                0x00000000000003fb       0x2d ./My/STM32_Perif/sys_tick_ST.o
 .ARM.attributes
                0x0000000000000428       0x2d ./My/STM32_Perif/uart_ST.o
 .ARM.attributes
                0x0000000000000455       0x2d ./My/Sheduler/rtos.o
 .ARM.attributes
                0x0000000000000482       0x21 ./My/Startup/startup_stm32f103rbtx.o
 .ARM.attributes
                0x00000000000004a3       0x2d C:/ST/STM32CubeIDE_1.14.0/STM32CubeIDE/plugins/com.st.stm32cube.ide.mcu.externaltools.gnu-tools-for-stm32.11.3.rel1.win32_1.1.100.202309141235/tools/bin/../lib/gcc/arm-none-eabi/11.3.1/../../../../arm-none-eabi/lib/thumb/v7-m/nofp\libc_nano.a(libc_a-init.o)
 .ARM.attributes
                0x00000000000004d0       0x2d C:/ST/STM32CubeIDE_1.14.0/STM32CubeIDE/plugins/com.st.stm32cube.ide.mcu.externaltools.gnu-tools-for-stm32.11.3.rel1.win32_1.1.100.202309141235/tools/bin/../lib/gcc/arm-none-eabi/11.3.1/../../../../arm-none-eabi/lib/thumb/v7-m/nofp\libm.a(libm_a-sf_cos.o)
 .ARM.attributes
                0x00000000000004fd       0x2d C:/ST/STM32CubeIDE_1.14.0/STM32CubeIDE/plugins/com.st.stm32cube.ide.mcu.externaltools.gnu-tools-for-stm32.11.3.rel1.win32_1.1.100.202309141235/tools/bin/../lib/gcc/arm-none-eabi/11.3.1/../../../../arm-none-eabi/lib/thumb/v7-m/nofp\libm.a(libm_a-sf_sin.o)
 .ARM.attributes
                0x000000000000052a       0x2d C:/ST/STM32CubeIDE_1.14.0/STM32CubeIDE/plugins/com.st.stm32cube.ide.mcu.externaltools.gnu-tools-for-stm32.11.3.rel1.win32_1.1.100.202309141235/tools/bin/../lib/gcc/arm-none-eabi/11.3.1/../../../../arm-none-eabi/lib/thumb/v7-m/nofp\libm.a(libm_a-kf_cos.o)
 .ARM.attributes
                0x0000000000000557       0x2d C:/ST/STM32CubeIDE_1.14.0/STM32CubeIDE/plugins/com.st.stm32cube.ide.mcu.externaltools.gnu-tools-for-stm32.11.3.rel1.win32_1.1.100.202309141235/tools/bin/../lib/gcc/arm-none-eabi/11.3.1/../../../../arm-none-eabi/lib/thumb/v7-m/nofp\libm.a(libm_a-kf_sin.o)
 .ARM.attributes
                0x0000000000000584       0x2d C:/ST/STM32CubeIDE_1.14.0/STM32CubeIDE/plugins/com.st.stm32cube.ide.mcu.externaltools.gnu-tools-for-stm32.11.3.rel1.win32_1.1.100.202309141235/tools/bin/../lib/gcc/arm-none-eabi/11.3.1/../../../../arm-none-eabi/lib/thumb/v7-m/nofp\libm.a(libm_a-ef_rem_pio2.o)
 .ARM.attributes
                0x00000000000005b1       0x2d C:/ST/STM32CubeIDE_1.14.0/STM32CubeIDE/plugins/com.st.stm32cube.ide.mcu.externaltools.gnu-tools-for-stm32.11.3.rel1.win32_1.1.100.202309141235/tools/bin/../lib/gcc/arm-none-eabi/11.3.1/../../../../arm-none-eabi/lib/thumb/v7-m/nofp\libm.a(libm_a-sf_fabs.o)
 .ARM.attributes
                0x00000000000005de       0x2d C:/ST/STM32CubeIDE_1.14.0/STM32CubeIDE/plugins/com.st.stm32cube.ide.mcu.externaltools.gnu-tools-for-stm32.11.3.rel1.win32_1.1.100.202309141235/tools/bin/../lib/gcc/arm-none-eabi/11.3.1/../../../../arm-none-eabi/lib/thumb/v7-m/nofp\libm.a(libm_a-kf_rem_pio2.o)
 .ARM.attributes
                0x000000000000060b       0x2d C:/ST/STM32CubeIDE_1.14.0/STM32CubeIDE/plugins/com.st.stm32cube.ide.mcu.externaltools.gnu-tools-for-stm32.11.3.rel1.win32_1.1.100.202309141235/tools/bin/../lib/gcc/arm-none-eabi/11.3.1/../../../../arm-none-eabi/lib/thumb/v7-m/nofp\libm.a(libm_a-sf_scalbn.o)
 .ARM.attributes
                0x0000000000000638       0x2d C:/ST/STM32CubeIDE_1.14.0/STM32CubeIDE/plugins/com.st.stm32cube.ide.mcu.externaltools.gnu-tools-for-stm32.11.3.rel1.win32_1.1.100.202309141235/tools/bin/../lib/gcc/arm-none-eabi/11.3.1/../../../../arm-none-eabi/lib/thumb/v7-m/nofp\libm.a(libm_a-sf_floor.o)
 .ARM.attributes
                0x0000000000000665       0x1d C:/ST/STM32CubeIDE_1.14.0/STM32CubeIDE/plugins/com.st.stm32cube.ide.mcu.externaltools.gnu-tools-for-stm32.11.3.rel1.win32_1.1.100.202309141235/tools/bin/../lib/gcc/arm-none-eabi/11.3.1/thumb/v7-m/nofp\libgcc.a(_arm_mulsf3.o)
 .ARM.attributes
                0x0000000000000682       0x1d C:/ST/STM32CubeIDE_1.14.0/STM32CubeIDE/plugins/com.st.stm32cube.ide.mcu.externaltools.gnu-tools-for-stm32.11.3.rel1.win32_1.1.100.202309141235/tools/bin/../lib/gcc/arm-none-eabi/11.3.1/thumb/v7-m/nofp\libgcc.a(_arm_addsubdf3.o)
 .ARM.attributes
                0x000000000000069f       0x1d C:/ST/STM32CubeIDE_1.14.0/STM32CubeIDE/plugins/com.st.stm32cube.ide.mcu.externaltools.gnu-tools-for-stm32.11.3.rel1.win32_1.1.100.202309141235/tools/bin/../lib/gcc/arm-none-eabi/11.3.1/thumb/v7-m/nofp\libgcc.a(_arm_cmpdf2.o)
 .ARM.attributes
                0x00000000000006bc       0x1d C:/ST/STM32CubeIDE_1.14.0/STM32CubeIDE/plugins/com.st.stm32cube.ide.mcu.externaltools.gnu-tools-for-stm32.11.3.rel1.win32_1.1.100.202309141235/tools/bin/../lib/gcc/arm-none-eabi/11.3.1/thumb/v7-m/nofp\libgcc.a(_arm_truncdfsf2.o)
 .ARM.attributes
                0x00000000000006d9       0x1d C:/ST/STM32CubeIDE_1.14.0/STM32CubeIDE/plugins/com.st.stm32cube.ide.mcu.externaltools.gnu-tools-for-stm32.11.3.rel1.win32_1.1.100.202309141235/tools/bin/../lib/gcc/arm-none-eabi/11.3.1/thumb/v7-m/nofp\libgcc.a(_arm_addsubsf3.o)
 .ARM.attributes
                0x00000000000006f6       0x1d C:/ST/STM32CubeIDE_1.14.0/STM32CubeIDE/plugins/com.st.stm32cube.ide.mcu.externaltools.gnu-tools-for-stm32.11.3.rel1.win32_1.1.100.202309141235/tools/bin/../lib/gcc/arm-none-eabi/11.3.1/thumb/v7-m/nofp\libgcc.a(_arm_cmpsf2.o)
 .ARM.attributes
                0x0000000000000713       0x1d C:/ST/STM32CubeIDE_1.14.0/STM32CubeIDE/plugins/com.st.stm32cube.ide.mcu.externaltools.gnu-tools-for-stm32.11.3.rel1.win32_1.1.100.202309141235/tools/bin/../lib/gcc/arm-none-eabi/11.3.1/thumb/v7-m/nofp\libgcc.a(_arm_fixsfsi.o)
 .ARM.attributes
                0x0000000000000730       0x1d C:/ST/STM32CubeIDE_1.14.0/STM32CubeIDE/plugins/com.st.stm32cube.ide.mcu.externaltools.gnu-tools-for-stm32.11.3.rel1.win32_1.1.100.202309141235/tools/bin/../lib/gcc/arm-none-eabi/11.3.1/thumb/v7-m/nofp/crtn.o
OUTPUT(f103rbt6_ADS1x15.elf elf32-littlearm)
LOAD linker stubs
LOAD C:/ST/STM32CubeIDE_1.14.0/STM32CubeIDE/plugins/com.st.stm32cube.ide.mcu.externaltools.gnu-tools-for-stm32.11.3.rel1.win32_1.1.100.202309141235/tools/bin/../lib/gcc/arm-none-eabi/11.3.1/../../../../arm-none-eabi/lib/thumb/v7-m/nofp\libc.a
LOAD C:/ST/STM32CubeIDE_1.14.0/STM32CubeIDE/plugins/com.st.stm32cube.ide.mcu.externaltools.gnu-tools-for-stm32.11.3.rel1.win32_1.1.100.202309141235/tools/bin/../lib/gcc/arm-none-eabi/11.3.1/../../../../arm-none-eabi/lib/thumb/v7-m/nofp\libm.a
LOAD C:/ST/STM32CubeIDE_1.14.0/STM32CubeIDE/plugins/com.st.stm32cube.ide.mcu.externaltools.gnu-tools-for-stm32.11.3.rel1.win32_1.1.100.202309141235/tools/bin/../lib/gcc/arm-none-eabi/11.3.1/thumb/v7-m/nofp\libgcc.a

.comment        0x0000000000000000       0x43
 .comment       0x0000000000000000       0x43 C:/ST/STM32CubeIDE_1.14.0/STM32CubeIDE/plugins/com.st.stm32cube.ide.mcu.externaltools.gnu-tools-for-stm32.11.3.rel1.win32_1.1.100.202309141235/tools/bin/../lib/gcc/arm-none-eabi/11.3.1/thumb/v7-m/nofp/crtbegin.o
                                         0x44 (size before relaxing)
 .comment       0x0000000000000043       0x44 ./MCUv7/GpioMCU.o
 .comment       0x0000000000000043       0x44 ./MCUv7/Protocol_I2C.o
 .comment       0x0000000000000043       0x44 ./My/Application/Blink.o
 .comment       0x0000000000000043       0x44 ./My/Application/Config.o
 .comment       0x0000000000000043       0x44 ./My/Application/Crc.o
 .comment       0x0000000000000043       0x44 ./My/Application/DS18B20.o
 .comment       0x0000000000000043       0x44 ./My/Application/DS2782.o
 .comment       0x0000000000000043       0x44 ./My/Application/Delay.o
 .comment       0x0000000000000043       0x44 ./My/Application/Encoder.o
 .comment       0x0000000000000043       0x44 ./My/Application/Time.o
 .comment       0x0000000000000043       0x44 ./My/CMSIS/system_stm32f1xx.o
 .comment       0x0000000000000043       0x44 ./My/Display/Ascii_Tab_12864.o
 .comment       0x0000000000000043       0x44 ./My/Display/LM6063D.o
 .comment       0x0000000000000043       0x44 ./My/Display/LcdGraphic.o
 .comment       0x0000000000000043       0x44 ./My/Main/main.o
 .comment       0x0000000000000043       0x44 ./My/STM32_Perif/flash_ST.o
 .comment       0x0000000000000043       0x44 ./My/STM32_Perif/gpio_ST.o
 .comment       0x0000000000000043       0x44 ./My/STM32_Perif/i2c_ST.o
 .comment       0x0000000000000043       0x44 ./My/STM32_Perif/spi_ST.o
 .comment       0x0000000000000043       0x44 ./My/STM32_Perif/stm32f10x_it.o
 .comment       0x0000000000000043       0x44 ./My/STM32_Perif/sys_ST.o
 .comment       0x0000000000000043       0x44 ./My/STM32_Perif/sys_tick_ST.o
 .comment       0x0000000000000043       0x44 ./My/STM32_Perif/uart_ST.o
 .comment       0x0000000000000043       0x44 ./My/Sheduler/rtos.o

.debug_frame    0x0000000000000000      0x4ec
 .debug_frame   0x0000000000000000       0x2c C:/ST/STM32CubeIDE_1.14.0/STM32CubeIDE/plugins/com.st.stm32cube.ide.mcu.externaltools.gnu-tools-for-stm32.11.3.rel1.win32_1.1.100.202309141235/tools/bin/../lib/gcc/arm-none-eabi/11.3.1/../../../../arm-none-eabi/lib/thumb/v7-m/nofp\libc_nano.a(libc_a-init.o)
 .debug_frame   0x000000000000002c       0x38 C:/ST/STM32CubeIDE_1.14.0/STM32CubeIDE/plugins/com.st.stm32cube.ide.mcu.externaltools.gnu-tools-for-stm32.11.3.rel1.win32_1.1.100.202309141235/tools/bin/../lib/gcc/arm-none-eabi/11.3.1/../../../../arm-none-eabi/lib/thumb/v7-m/nofp\libm.a(libm_a-sf_cos.o)
 .debug_frame   0x0000000000000064       0x38 C:/ST/STM32CubeIDE_1.14.0/STM32CubeIDE/plugins/com.st.stm32cube.ide.mcu.externaltools.gnu-tools-for-stm32.11.3.rel1.win32_1.1.100.202309141235/tools/bin/../lib/gcc/arm-none-eabi/11.3.1/../../../../arm-none-eabi/lib/thumb/v7-m/nofp\libm.a(libm_a-sf_sin.o)
 .debug_frame   0x000000000000009c       0x30 C:/ST/STM32CubeIDE_1.14.0/STM32CubeIDE/plugins/com.st.stm32cube.ide.mcu.externaltools.gnu-tools-for-stm32.11.3.rel1.win32_1.1.100.202309141235/tools/bin/../lib/gcc/arm-none-eabi/11.3.1/../../../../arm-none-eabi/lib/thumb/v7-m/nofp\libm.a(libm_a-kf_cos.o)
 .debug_frame   0x00000000000000cc       0x34 C:/ST/STM32CubeIDE_1.14.0/STM32CubeIDE/plugins/com.st.stm32cube.ide.mcu.externaltools.gnu-tools-for-stm32.11.3.rel1.win32_1.1.100.202309141235/tools/bin/../lib/gcc/arm-none-eabi/11.3.1/../../../../arm-none-eabi/lib/thumb/v7-m/nofp\libm.a(libm_a-kf_sin.o)
 .debug_frame   0x0000000000000100       0x40 C:/ST/STM32CubeIDE_1.14.0/STM32CubeIDE/plugins/com.st.stm32cube.ide.mcu.externaltools.gnu-tools-for-stm32.11.3.rel1.win32_1.1.100.202309141235/tools/bin/../lib/gcc/arm-none-eabi/11.3.1/../../../../arm-none-eabi/lib/thumb/v7-m/nofp\libm.a(libm_a-ef_rem_pio2.o)
 .debug_frame   0x0000000000000140       0x20 C:/ST/STM32CubeIDE_1.14.0/STM32CubeIDE/plugins/com.st.stm32cube.ide.mcu.externaltools.gnu-tools-for-stm32.11.3.rel1.win32_1.1.100.202309141235/tools/bin/../lib/gcc/arm-none-eabi/11.3.1/../../../../arm-none-eabi/lib/thumb/v7-m/nofp\libm.a(libm_a-sf_fabs.o)
 .debug_frame   0x0000000000000160       0x44 C:/ST/STM32CubeIDE_1.14.0/STM32CubeIDE/plugins/com.st.stm32cube.ide.mcu.externaltools.gnu-tools-for-stm32.11.3.rel1.win32_1.1.100.202309141235/tools/bin/../lib/gcc/arm-none-eabi/11.3.1/../../../../arm-none-eabi/lib/thumb/v7-m/nofp\libm.a(libm_a-kf_rem_pio2.o)
 .debug_frame   0x00000000000001a4       0x2c C:/ST/STM32CubeIDE_1.14.0/STM32CubeIDE/plugins/com.st.stm32cube.ide.mcu.externaltools.gnu-tools-for-stm32.11.3.rel1.win32_1.1.100.202309141235/tools/bin/../lib/gcc/arm-none-eabi/11.3.1/../../../../arm-none-eabi/lib/thumb/v7-m/nofp\libm.a(libm_a-sf_scalbn.o)
 .debug_frame   0x00000000000001d0       0x2c C:/ST/STM32CubeIDE_1.14.0/STM32CubeIDE/plugins/com.st.stm32cube.ide.mcu.externaltools.gnu-tools-for-stm32.11.3.rel1.win32_1.1.100.202309141235/tools/bin/../lib/gcc/arm-none-eabi/11.3.1/../../../../arm-none-eabi/lib/thumb/v7-m/nofp\libm.a(libm_a-sf_floor.o)
 .debug_frame   0x00000000000001fc       0x24 C:/ST/STM32CubeIDE_1.14.0/STM32CubeIDE/plugins/com.st.stm32cube.ide.mcu.externaltools.gnu-tools-for-stm32.11.3.rel1.win32_1.1.100.202309141235/tools/bin/../lib/gcc/arm-none-eabi/11.3.1/thumb/v7-m/nofp\libgcc.a(_arm_mulsf3.o)
 .debug_frame   0x0000000000000220       0xac C:/ST/STM32CubeIDE_1.14.0/STM32CubeIDE/plugins/com.st.stm32cube.ide.mcu.externaltools.gnu-tools-for-stm32.11.3.rel1.win32_1.1.100.202309141235/tools/bin/../lib/gcc/arm-none-eabi/11.3.1/thumb/v7-m/nofp\libgcc.a(_arm_addsubdf3.o)
 .debug_frame   0x00000000000002cc       0xc4 C:/ST/STM32CubeIDE_1.14.0/STM32CubeIDE/plugins/com.st.stm32cube.ide.mcu.externaltools.gnu-tools-for-stm32.11.3.rel1.win32_1.1.100.202309141235/tools/bin/../lib/gcc/arm-none-eabi/11.3.1/thumb/v7-m/nofp\libgcc.a(_arm_cmpdf2.o)
 .debug_frame   0x0000000000000390       0x24 C:/ST/STM32CubeIDE_1.14.0/STM32CubeIDE/plugins/com.st.stm32cube.ide.mcu.externaltools.gnu-tools-for-stm32.11.3.rel1.win32_1.1.100.202309141235/tools/bin/../lib/gcc/arm-none-eabi/11.3.1/thumb/v7-m/nofp\libgcc.a(_arm_truncdfsf2.o)
 .debug_frame   0x00000000000003b4       0x4c C:/ST/STM32CubeIDE_1.14.0/STM32CubeIDE/plugins/com.st.stm32cube.ide.mcu.externaltools.gnu-tools-for-stm32.11.3.rel1.win32_1.1.100.202309141235/tools/bin/../lib/gcc/arm-none-eabi/11.3.1/thumb/v7-m/nofp\libgcc.a(_arm_addsubsf3.o)
 .debug_frame   0x0000000000000400       0xc8 C:/ST/STM32CubeIDE_1.14.0/STM32CubeIDE/plugins/com.st.stm32cube.ide.mcu.externaltools.gnu-tools-for-stm32.11.3.rel1.win32_1.1.100.202309141235/tools/bin/../lib/gcc/arm-none-eabi/11.3.1/thumb/v7-m/nofp\libgcc.a(_arm_cmpsf2.o)
 .debug_frame   0x00000000000004c8       0x24 C:/ST/STM32CubeIDE_1.14.0/STM32CubeIDE/plugins/com.st.stm32cube.ide.mcu.externaltools.gnu-tools-for-stm32.11.3.rel1.win32_1.1.100.202309141235/tools/bin/../lib/gcc/arm-none-eabi/11.3.1/thumb/v7-m/nofp\libgcc.a(_arm_fixsfsi.o)
