Archive member included to satisfy reference by file (symbol)

c:/st/stm32cubeide_1.5.0/stm32cubeide/plugins/com.st.stm32cube.ide.mcu.externaltools.gnu-tools-for-stm32.9-2020-q2-update.win32_1.5.0.202011040924/tools/bin/../lib/gcc/arm-none-eabi/9.3.1/../../../../arm-none-eabi/lib/thumb/v7-m/nofp\libc_nano.a(lib_a-exit.o)
                              c:/st/stm32cubeide_1.5.0/stm32cubeide/plugins/com.st.stm32cube.ide.mcu.externaltools.gnu-tools-for-stm32.9-2020-q2-update.win32_1.5.0.202011040924/tools/bin/../lib/gcc/arm-none-eabi/9.3.1/../../../../arm-none-eabi/lib/thumb/v7-m/nofp/crt0.o (exit)
c:/st/stm32cubeide_1.5.0/stm32cubeide/plugins/com.st.stm32cube.ide.mcu.externaltools.gnu-tools-for-stm32.9-2020-q2-update.win32_1.5.0.202011040924/tools/bin/../lib/gcc/arm-none-eabi/9.3.1/../../../../arm-none-eabi/lib/thumb/v7-m/nofp\libc_nano.a(lib_a-impure.o)
                              c:/st/stm32cubeide_1.5.0/stm32cubeide/plugins/com.st.stm32cube.ide.mcu.externaltools.gnu-tools-for-stm32.9-2020-q2-update.win32_1.5.0.202011040924/tools/bin/../lib/gcc/arm-none-eabi/9.3.1/../../../../arm-none-eabi/lib/thumb/v7-m/nofp\libc_nano.a(lib_a-exit.o) (_global_impure_ptr)
c:/st/stm32cubeide_1.5.0/stm32cubeide/plugins/com.st.stm32cube.ide.mcu.externaltools.gnu-tools-for-stm32.9-2020-q2-update.win32_1.5.0.202011040924/tools/bin/../lib/gcc/arm-none-eabi/9.3.1/../../../../arm-none-eabi/lib/thumb/v7-m/nofp\libc_nano.a(lib_a-init.o)
                              c:/st/stm32cubeide_1.5.0/stm32cubeide/plugins/com.st.stm32cube.ide.mcu.externaltools.gnu-tools-for-stm32.9-2020-q2-update.win32_1.5.0.202011040924/tools/bin/../lib/gcc/arm-none-eabi/9.3.1/../../../../arm-none-eabi/lib/thumb/v7-m/nofp/crt0.o (__libc_init_array)
c:/st/stm32cubeide_1.5.0/stm32cubeide/plugins/com.st.stm32cube.ide.mcu.externaltools.gnu-tools-for-stm32.9-2020-q2-update.win32_1.5.0.202011040924/tools/bin/../lib/gcc/arm-none-eabi/9.3.1/../../../../arm-none-eabi/lib/thumb/v7-m/nofp\libc_nano.a(lib_a-memset.o)
                              c:/st/stm32cubeide_1.5.0/stm32cubeide/plugins/com.st.stm32cube.ide.mcu.externaltools.gnu-tools-for-stm32.9-2020-q2-update.win32_1.5.0.202011040924/tools/bin/../lib/gcc/arm-none-eabi/9.3.1/../../../../arm-none-eabi/lib/thumb/v7-m/nofp/crt0.o (memset)
c:/st/stm32cubeide_1.5.0/stm32cubeide/plugins/com.st.stm32cube.ide.mcu.externaltools.gnu-tools-for-stm32.9-2020-q2-update.win32_1.5.0.202011040924/tools/bin/../lib/gcc/arm-none-eabi/9.3.1/../../../../arm-none-eabi/lib/thumb/v7-m/nofp\libnosys.a(_exit.o)
                              c:/st/stm32cubeide_1.5.0/stm32cubeide/plugins/com.st.stm32cube.ide.mcu.externaltools.gnu-tools-for-stm32.9-2020-q2-update.win32_1.5.0.202011040924/tools/bin/../lib/gcc/arm-none-eabi/9.3.1/../../../../arm-none-eabi/lib/thumb/v7-m/nofp\libc_nano.a(lib_a-exit.o) (_exit)

Allocating common symbols
Common symbol       size              file

PID                 0x14              My/Main/main.o
Sensor_2            0x18              My/Main/main.o
Encoder             0x2c              My/Main/main.o
DS2782              0x18              My/Main/main.o
Sensor_3            0x18              My/Main/main.o
Sensor_1            0x18              My/Main/main.o

Discarded input sections

 .text          0x0000000000000000        0x0 c:/st/stm32cubeide_1.5.0/stm32cubeide/plugins/com.st.stm32cube.ide.mcu.externaltools.gnu-tools-for-stm32.9-2020-q2-update.win32_1.5.0.202011040924/tools/bin/../lib/gcc/arm-none-eabi/9.3.1/thumb/v7-m/nofp/crti.o
 .data          0x0000000000000000        0x0 c:/st/stm32cubeide_1.5.0/stm32cubeide/plugins/com.st.stm32cube.ide.mcu.externaltools.gnu-tools-for-stm32.9-2020-q2-update.win32_1.5.0.202011040924/tools/bin/../lib/gcc/arm-none-eabi/9.3.1/thumb/v7-m/nofp/crti.o
 .bss           0x0000000000000000        0x0 c:/st/stm32cubeide_1.5.0/stm32cubeide/plugins/com.st.stm32cube.ide.mcu.externaltools.gnu-tools-for-stm32.9-2020-q2-update.win32_1.5.0.202011040924/tools/bin/../lib/gcc/arm-none-eabi/9.3.1/thumb/v7-m/nofp/crti.o
 .data          0x0000000000000000        0x4 c:/st/stm32cubeide_1.5.0/stm32cubeide/plugins/com.st.stm32cube.ide.mcu.externaltools.gnu-tools-for-stm32.9-2020-q2-update.win32_1.5.0.202011040924/tools/bin/../lib/gcc/arm-none-eabi/9.3.1/thumb/v7-m/nofp/crtbegin.o
 .text          0x0000000000000000       0x7c c:/st/stm32cubeide_1.5.0/stm32cubeide/plugins/com.st.stm32cube.ide.mcu.externaltools.gnu-tools-for-stm32.9-2020-q2-update.win32_1.5.0.202011040924/tools/bin/../lib/gcc/arm-none-eabi/9.3.1/../../../../arm-none-eabi/lib/thumb/v7-m/nofp/crt0.o
 .data          0x0000000000000000        0x0 c:/st/stm32cubeide_1.5.0/stm32cubeide/plugins/com.st.stm32cube.ide.mcu.externaltools.gnu-tools-for-stm32.9-2020-q2-update.win32_1.5.0.202011040924/tools/bin/../lib/gcc/arm-none-eabi/9.3.1/../../../../arm-none-eabi/lib/thumb/v7-m/nofp/crt0.o
 .bss           0x0000000000000000        0x0 c:/st/stm32cubeide_1.5.0/stm32cubeide/plugins/com.st.stm32cube.ide.mcu.externaltools.gnu-tools-for-stm32.9-2020-q2-update.win32_1.5.0.202011040924/tools/bin/../lib/gcc/arm-none-eabi/9.3.1/../../../../arm-none-eabi/lib/thumb/v7-m/nofp/crt0.o
 .ARM.extab     0x0000000000000000        0x0 c:/st/stm32cubeide_1.5.0/stm32cubeide/plugins/com.st.stm32cube.ide.mcu.externaltools.gnu-tools-for-stm32.9-2020-q2-update.win32_1.5.0.202011040924/tools/bin/../lib/gcc/arm-none-eabi/9.3.1/../../../../arm-none-eabi/lib/thumb/v7-m/nofp/crt0.o
 .ARM.exidx     0x0000000000000000       0x10 c:/st/stm32cubeide_1.5.0/stm32cubeide/plugins/com.st.stm32cube.ide.mcu.externaltools.gnu-tools-for-stm32.9-2020-q2-update.win32_1.5.0.202011040924/tools/bin/../lib/gcc/arm-none-eabi/9.3.1/../../../../arm-none-eabi/lib/thumb/v7-m/nofp/crt0.o
 .ARM.attributes
                0x0000000000000000       0x1b c:/st/stm32cubeide_1.5.0/stm32cubeide/plugins/com.st.stm32cube.ide.mcu.externaltools.gnu-tools-for-stm32.9-2020-q2-update.win32_1.5.0.202011040924/tools/bin/../lib/gcc/arm-none-eabi/9.3.1/../../../../arm-none-eabi/lib/thumb/v7-m/nofp/crt0.o
 .text          0x0000000000000000        0x0 My/Application/AHT10.o
 .data          0x0000000000000000        0x0 My/Application/AHT10.o
 .bss           0x0000000000000000        0x0 My/Application/AHT10.o
 .text.AHT10_Init
                0x0000000000000000        0x2 My/Application/AHT10.o
 .text.AHT10_SoftReset
                0x0000000000000000       0x34 My/Application/AHT10.o
 .text.AHT10    0x0000000000000000        0x8 My/Application/AHT10.o
 .text.AHT10_ReadData
                0x0000000000000000       0xa0 My/Application/AHT10.o
 .text.AHT10_GetTemperatureSign
                0x0000000000000000        0xc My/Application/AHT10.o
 .bss.AHT10Str  0x0000000000000000        0x4 My/Application/AHT10.o
 .bss.TemperatureSign
                0x0000000000000000        0x1 My/Application/AHT10.o
 .comment       0x0000000000000000       0x54 My/Application/AHT10.o
 .ARM.attributes
                0x0000000000000000       0x2d My/Application/AHT10.o
 .text          0x0000000000000000        0x0 My/Application/Ascii_Tab_12864.o
 .data          0x0000000000000000        0x0 My/Application/Ascii_Tab_12864.o
 .bss           0x0000000000000000        0x0 My/Application/Ascii_Tab_12864.o
 .text          0x0000000000000000        0x0 My/Application/Blink.o
 .data          0x0000000000000000        0x0 My/Application/Blink.o
 .bss           0x0000000000000000        0x0 My/Application/Blink.o
 .text.Blink    0x0000000000000000       0x14 My/Application/Blink.o
 .text          0x0000000000000000        0x0 My/Application/DS18B20.o
 .data          0x0000000000000000        0x0 My/Application/DS18B20.o
 .bss           0x0000000000000000        0x0 My/Application/DS18B20.o
 .text.OneWire_Reset
                0x0000000000000000       0x3c My/Application/DS18B20.o
 .text.OneWire_WriteByte
                0x0000000000000000       0x50 My/Application/DS18B20.o
 .text.TemperatureSens_GpioInit
                0x0000000000000000       0xa0 My/Application/DS18B20.o
 .text.TemperatureSens_SetResolution
                0x0000000000000000       0x34 My/Application/DS18B20.o
 .text.TemperatureSens_StartConvertTemperature
                0x0000000000000000       0x20 My/Application/DS18B20.o
 .text.TemperatureSens_ReadTemperature
                0x0000000000000000       0xb0 My/Application/DS18B20.o
 .text.TemperatureSens_Sign
                0x0000000000000000        0x4 My/Application/DS18B20.o
 .text.TemperatureSens_Temperature
                0x0000000000000000        0x4 My/Application/DS18B20.o
 .comment       0x0000000000000000       0x54 My/Application/DS18B20.o
 .ARM.attributes
                0x0000000000000000       0x2d My/Application/DS18B20.o
 .text          0x0000000000000000        0x0 My/Application/DS2782.o
 .data          0x0000000000000000        0x0 My/Application/DS2782.o
 .bss           0x0000000000000000        0x0 My/Application/DS2782.o
 .text.DS2782_ReadData
                0x0000000000000000       0x38 My/Application/DS2782.o
 .text.DS2782_GetI2cAddress
                0x0000000000000000       0x14 My/Application/DS2782.o
 .text.DS2782_GetID
                0x0000000000000000       0x34 My/Application/DS2782.o
 .text.DS2782_GetTemperature
                0x0000000000000000       0x20 My/Application/DS2782.o
 .text.DS2782_GetVoltage
                0x0000000000000000       0x30 My/Application/DS2782.o
 .text.DS2782_GetCurrent
                0x0000000000000000       0x26 My/Application/DS2782.o
 .text.DS2782_GetAverageCurrent
                0x0000000000000000       0x26 My/Application/DS2782.o
 .text.DS2782_GetAccumulatedCurrent
                0x0000000000000000       0x26 My/Application/DS2782.o
 .text.Coulomb_Calc
                0x0000000000000000        0x2 My/Application/DS2782.o
 .text          0x0000000000000000        0x0 My/Application/Delay.o
 .data          0x0000000000000000        0x0 My/Application/Delay.o
 .bss           0x0000000000000000        0x0 My/Application/Delay.o
 .text.msDelay  0x0000000000000000       0x20 My/Application/Delay.o
 .text          0x0000000000000000        0x0 My/Application/EEP_AT24Cxx.o
 .data          0x0000000000000000        0x0 My/Application/EEP_AT24Cxx.o
 .bss           0x0000000000000000        0x0 My/Application/EEP_AT24Cxx.o
 .comment       0x0000000000000000       0x54 My/Application/EEP_AT24Cxx.o
 .ARM.attributes
                0x0000000000000000       0x33 My/Application/EEP_AT24Cxx.o
 .text          0x0000000000000000        0x0 My/Application/Encoder.o
 .data          0x0000000000000000        0x0 My/Application/Encoder.o
 .bss           0x0000000000000000        0x0 My/Application/Encoder.o
 .text.Encoder_IncDecParam
                0x0000000000000000       0x2c My/Application/Encoder.o
 .text          0x0000000000000000        0x0 My/Application/Filters.o
 .data          0x0000000000000000        0x0 My/Application/Filters.o
 .bss           0x0000000000000000        0x0 My/Application/Filters.o
 .text.Average  0x0000000000000000       0x38 My/Application/Filters.o
 .text.Filter   0x0000000000000000       0x20 My/Application/Filters.o
 .text.Filter_SMA
                0x0000000000000000       0x38 My/Application/Filters.o
 .text.runMiddleArifmOptim
                0x0000000000000000       0x3c My/Application/Filters.o
 .text.Filter_EMA
                0x0000000000000000       0x14 My/Application/Filters.o
 .bss.Dacc.6854
                0x0000000000000000        0x4 My/Application/Filters.o
 .bss.Dout.6855
                0x0000000000000000        0x2 My/Application/Filters.o
 .bss.arr.6873  0x0000000000000000       0x20 My/Application/Filters.o
 .bss.average.6874
                0x0000000000000000        0x4 My/Application/Filters.o
 .bss.avrCount.6848
                0x0000000000000000        0x1 My/Application/Filters.o
 .bss.avrOldValue.6850
                0x0000000000000000        0x2 My/Application/Filters.o
 .bss.filVal.6878
                0x0000000000000000        0x2 My/Application/Filters.o
 .bss.filterBuf.6859
                0x0000000000000000       0x80 My/Application/Filters.o
 .bss.sum.6849  0x0000000000000000        0x4 My/Application/Filters.o
 .bss.t.6872    0x0000000000000000        0x2 My/Application/Filters.o
 .comment       0x0000000000000000       0x54 My/Application/Filters.o
 .ARM.attributes
                0x0000000000000000       0x2d My/Application/Filters.o
 .text          0x0000000000000000        0x0 My/Application/LcdGraphic.o
 .data          0x0000000000000000        0x0 My/Application/LcdGraphic.o
 .bss           0x0000000000000000        0x0 My/Application/LcdGraphic.o
 .text.Lcd_pVideoBuffer
                0x0000000000000000        0x8 My/Application/LcdGraphic.o
 .text.UartTextBuf
                0x0000000000000000       0x14 My/Application/LcdGraphic.o
 .text.Lcd_Filling
                0x0000000000000000       0x18 My/Application/LcdGraphic.o
 .text.Lcd_Pixel
                0x0000000000000000       0x48 My/Application/LcdGraphic.o
 .text.Lcd_Line
                0x0000000000000000       0xb2 My/Application/LcdGraphic.o
 .text.Lcd_Circle
                0x0000000000000000       0xf2 My/Application/LcdGraphic.o
 .text.Lcd_Bar  0x0000000000000000       0xec My/Application/LcdGraphic.o
 .text.Lcd_ChrBold
                0x0000000000000000       0xc8 My/Application/LcdGraphic.o
 .text.Lcd_StringBold
                0x0000000000000000       0x30 My/Application/LcdGraphic.o
 .text.Lcd_ChrBig
                0x0000000000000000       0xac My/Application/LcdGraphic.o
 .text.Lcd_StringBig
                0x0000000000000000       0x3c My/Application/LcdGraphic.o
 .text.Lcd_PrintBold
                0x0000000000000000       0x1c My/Application/LcdGraphic.o
 .text.Lcd_PrintBig
                0x0000000000000000       0x1c My/Application/LcdGraphic.o
 .text.Lcd_Image
                0x0000000000000000       0x18 My/Application/LcdGraphic.o
 .text.Lcd_BinToDec
                0x0000000000000000       0xc8 My/Application/LcdGraphic.o
 .text.Lcd_u8ToHex
                0x0000000000000000       0x26 My/Application/LcdGraphic.o
 .rodata.Lcd_u32ToHex.str1.1
                0x0000000000000000        0x3 My/Application/LcdGraphic.o
 .text.Lcd_u32ToHex
                0x0000000000000000       0x30 My/Application/LcdGraphic.o
 .text          0x0000000000000000        0x0 My/Application/Lcd_TIC32.o
 .data          0x0000000000000000        0x0 My/Application/Lcd_TIC32.o
 .bss           0x0000000000000000        0x0 My/Application/Lcd_TIC32.o
 .text.Lcd_TIC32_Init
                0x0000000000000000       0xf4 My/Application/Lcd_TIC32.o
 .text.Lcd_TIC32_ClearRAM
                0x0000000000000000       0x50 My/Application/Lcd_TIC32.o
 .text.Lcd_TIC32_SendData
                0x0000000000000000       0xa0 My/Application/Lcd_TIC32.o
 .bss.Tic32Buf  0x0000000000000000        0x2 My/Application/Lcd_TIC32.o
 .rodata.qweqwe
                0x0000000000000000      0x200 My/Application/Lcd_TIC32.o
 .comment       0x0000000000000000       0x54 My/Application/Lcd_TIC32.o
 .ARM.attributes
                0x0000000000000000       0x2d My/Application/Lcd_TIC32.o
 .text          0x0000000000000000        0x0 My/Application/Lcd_i2c_1602.o
 .data          0x0000000000000000        0x0 My/Application/Lcd_i2c_1602.o
 .bss           0x0000000000000000        0x0 My/Application/Lcd_i2c_1602.o
 .text.lcd_send_tetrad
                0x0000000000000000       0x64 My/Application/Lcd_i2c_1602.o
 .text.lcd_send
                0x0000000000000000       0x1a My/Application/Lcd_i2c_1602.o
 .text.lcd_clear
                0x0000000000000000       0x14 My/Application/Lcd_i2c_1602.o
 .text.lcd_init
                0x0000000000000000       0x52 My/Application/Lcd_i2c_1602.o
 .text.lcd_set_cursor
                0x0000000000000000        0xc My/Application/Lcd_i2c_1602.o
 .text.lcd_print_ch
                0x0000000000000000        0x6 My/Application/Lcd_i2c_1602.o
 .text.lcd_print_string
                0x0000000000000000       0x14 My/Application/Lcd_i2c_1602.o
 .text.lcd_BinToDec
                0x0000000000000000       0x64 My/Application/Lcd_i2c_1602.o
 .text.lcd_BacklightON
                0x0000000000000000        0x8 My/Application/Lcd_i2c_1602.o
 .text.lcd_BacklightOFF
                0x0000000000000000        0x8 My/Application/Lcd_i2c_1602.o
 .comment       0x0000000000000000       0x54 My/Application/Lcd_i2c_1602.o
 .ARM.attributes
                0x0000000000000000       0x2d My/Application/Lcd_i2c_1602.o
 .text          0x0000000000000000        0x0 My/Application/MyString.o
 .data          0x0000000000000000        0x0 My/Application/MyString.o
 .bss           0x0000000000000000        0x0 My/Application/MyString.o
 .text.Txt_Buf  0x0000000000000000        0x8 My/Application/MyString.o
 .text.Txt_Chr  0x0000000000000000       0x18 My/Application/MyString.o
 .text.Txt_Print
                0x0000000000000000       0x1a My/Application/MyString.o
 .text.Txt_BinToDec
                0x0000000000000000       0xc8 My/Application/MyString.o
 .text.Txt_u8ToHex
                0x0000000000000000       0x26 My/Application/MyString.o
 .rodata.Txt_u32ToHex.str1.1
                0x0000000000000000        0x3 My/Application/MyString.o
 .text.Txt_u32ToHex
                0x0000000000000000       0x30 My/Application/MyString.o
 .bss.TxtBuf    0x0000000000000000      0x102 My/Application/MyString.o
 .comment       0x0000000000000000       0x54 My/Application/MyString.o
 .ARM.attributes
                0x0000000000000000       0x2d My/Application/MyString.o
 .text          0x0000000000000000        0x0 My/Application/PID.o
 .data          0x0000000000000000        0x0 My/Application/PID.o
 .bss           0x0000000000000000        0x0 My/Application/PID.o
 .text.PID_Controller
                0x0000000000000000       0x8c My/Application/PID.o
 .text.PID_Reset_Integrator
                0x0000000000000000        0x6 My/Application/PID.o
 .text          0x0000000000000000        0x0 My/Application/RingBuffer.o
 .data          0x0000000000000000        0x0 My/Application/RingBuffer.o
 .bss           0x0000000000000000        0x0 My/Application/RingBuffer.o
 .comment       0x0000000000000000       0x54 My/Application/RingBuffer.o
 .ARM.attributes
                0x0000000000000000       0x33 My/Application/RingBuffer.o
 .text          0x0000000000000000        0x0 My/CMSIS/system_stm32f1xx.o
 .data          0x0000000000000000        0x0 My/CMSIS/system_stm32f1xx.o
 .bss           0x0000000000000000        0x0 My/CMSIS/system_stm32f1xx.o
 .text.SystemCoreClockUpdate
                0x0000000000000000       0x58 My/CMSIS/system_stm32f1xx.o
 .data.SystemCoreClock
                0x0000000000000000        0x4 My/CMSIS/system_stm32f1xx.o
 .rodata.AHBPrescTable
                0x0000000000000000       0x10 My/CMSIS/system_stm32f1xx.o
 .rodata.APBPrescTable
                0x0000000000000000        0x8 My/CMSIS/system_stm32f1xx.o
 .text          0x0000000000000000        0x0 My/LCD/LM6063D.o
 .data          0x0000000000000000        0x0 My/LCD/LM6063D.o
 .bss           0x0000000000000000        0x0 My/LCD/LM6063D.o
 .text          0x0000000000000000        0x0 My/LCD/OLED_SSD1306.o
 .data          0x0000000000000000        0x0 My/LCD/OLED_SSD1306.o
 .bss           0x0000000000000000        0x0 My/LCD/OLED_SSD1306.o
 .text.ssd1306_I2C_WriteCMD
                0x0000000000000000       0x24 My/LCD/OLED_SSD1306.o
 .text.SSD1306_Init
                0x0000000000000000       0xd0 My/LCD/OLED_SSD1306.o
 .text.SSD1306_UpdateScreen
                0x0000000000000000       0x60 My/LCD/OLED_SSD1306.o
 .text.SSD1306_ToggleInvert
                0x0000000000000000       0x2c My/LCD/OLED_SSD1306.o
 .text.SSD1306_Fill
                0x0000000000000000       0x18 My/LCD/OLED_SSD1306.o
 .text.SSD1306_DrawPixel
                0x0000000000000000       0x44 My/LCD/OLED_SSD1306.o
 .text.SSD1306_GotoXY
                0x0000000000000000        0xc My/LCD/OLED_SSD1306.o
 .text.SSD1306_Putc
                0x0000000000000000       0x94 My/LCD/OLED_SSD1306.o
 .text.SSD1306_Puts
                0x0000000000000000       0x20 My/LCD/OLED_SSD1306.o
 .text.SSD1306_DrawLine
                0x0000000000000000      0x13a My/LCD/OLED_SSD1306.o
 .text.SSD1306_DrawRectangle
                0x0000000000000000       0x82 My/LCD/OLED_SSD1306.o
 .text.SSD1306_DrawFilledRectangle
                0x0000000000000000       0x62 My/LCD/OLED_SSD1306.o
 .text.SSD1306_DrawTriangle
                0x0000000000000000       0x40 My/LCD/OLED_SSD1306.o
 .text.SSD1306_DrawFilledTriangle
                0x0000000000000000       0xdc My/LCD/OLED_SSD1306.o
 .text.SSD1306_DrawCircle
                0x0000000000000000      0x114 My/LCD/OLED_SSD1306.o
 .text.SSD1306_DrawFilledCircle
                0x0000000000000000      0x11a My/LCD/OLED_SSD1306.o
 .text.SSD1306_ON
                0x0000000000000000       0x18 My/LCD/OLED_SSD1306.o
 .text.SSD1306_OFF
                0x0000000000000000       0x18 My/LCD/OLED_SSD1306.o
 .bss.SSD1306   0x0000000000000000        0x6 My/LCD/OLED_SSD1306.o
 .bss.SSD1306_lcdType
                0x0000000000000000        0x4 My/LCD/OLED_SSD1306.o
 .bss.count.6854
                0x0000000000000000        0x4 My/LCD/OLED_SSD1306.o
 .bss.pVideoBuffer
                0x0000000000000000        0x4 My/LCD/OLED_SSD1306.o
 .comment       0x0000000000000000       0x54 My/LCD/OLED_SSD1306.o
 .ARM.attributes
                0x0000000000000000       0x2d My/LCD/OLED_SSD1306.o
 .text          0x0000000000000000        0x0 My/LCD/fonts.o
 .data          0x0000000000000000        0x0 My/LCD/fonts.o
 .bss           0x0000000000000000        0x0 My/LCD/fonts.o
 .rodata.Font11x18
                0x0000000000000000      0xd5c My/LCD/fonts.o
 .rodata.Font16x26
                0x0000000000000000     0x134c My/LCD/fonts.o
 .rodata.Font7x10
                0x0000000000000000      0x76c My/LCD/fonts.o
 .comment       0x0000000000000000       0x54 My/LCD/fonts.o
 .ARM.attributes
                0x0000000000000000       0x33 My/LCD/fonts.o
 .text          0x0000000000000000        0x0 My/Main/main.o
 .data          0x0000000000000000        0x0 My/Main/main.o
 .bss           0x0000000000000000        0x0 My/Main/main.o
 .text.IncrementOnEachPass
                0x0000000000000000       0x18 My/Main/main.o
 .text.Time_Calculation
                0x0000000000000000       0x40 My/Main/main.o
 .text.Led_Blink
                0x0000000000000000       0x2c My/Main/main.o
 .rodata.Temperature_Display.str1.1
                0x0000000000000000        0xb My/Main/main.o
 .text.Temperature_Display
                0x0000000000000000       0x74 My/Main/main.o
 .rodata.Temperature_TxtDisplay.str1.1
                0x0000000000000000        0x4 My/Main/main.o
 .text.Temperature_TxtDisplay
                0x0000000000000000       0x60 My/Main/main.o
 .rodata.Time_Display.str1.1
                0x0000000000000000        0x7 My/Main/main.o
 .text.Time_Display
                0x0000000000000000       0x4c My/Main/main.o
 .rodata.Task_DS2782_Display.str1.1
                0x0000000000000000       0x63 My/Main/main.o
 .text.Task_DS2782_Display
                0x0000000000000000      0x184 My/Main/main.o
 .rodata.Task_Temperature_Display.str1.1
                0x0000000000000000       0x18 My/Main/main.o
 .text.Task_Temperature_Display
                0x0000000000000000       0xa8 My/Main/main.o
 .rodata.Task_PID.str1.1
                0x0000000000000000       0x26 My/Main/main.o
 .text.Task_PID
                0x0000000000000000       0xd0 My/Main/main.o
 .text.Task_DS2782
                0x0000000000000000       0x30 My/Main/main.o
 .text.Task_GPS
                0x0000000000000000       0x20 My/Main/main.o
 .text.Task_STM32_Master_Write
                0x0000000000000000       0x34 My/Main/main.o
 .text.Task_STM32_Master_Read
                0x0000000000000000       0x84 My/Main/main.o
 .rodata.Task_UartSend.str1.1
                0x0000000000000000       0x4c My/Main/main.o
 .text.Task_UartSend
                0x0000000000000000      0x19c My/Main/main.o
 .text.Task_AT24C08
                0x0000000000000000       0x20 My/Main/main.o
 .text.Task_LcdUpdate
                0x0000000000000000       0x5c My/Main/main.o
 .bss.At24c08_Buf
                0x0000000000000000       0x20 My/Main/main.o
 .bss.ButtonPressCount
                0x0000000000000000        0x4 My/Main/main.o
 .bss.GpsRxBuf  0x0000000000000000      0x100 My/Main/main.o
 .bss.I2CRxBuf  0x0000000000000000       0x20 My/Main/main.o
 .bss.I2CTxBuf  0x0000000000000000       0x20 My/Main/main.o
 .bss.PIDcontrol
                0x0000000000000000        0x2 My/Main/main.o
 .bss.Time      0x0000000000000000        0x3 My/Main/main.o
 .bss.flag.6867
                0x0000000000000000        0x4 My/Main/main.o
 .bss.millisOld.6866
                0x0000000000000000        0x4 My/Main/main.o
 .bss.oldState.6857
                0x0000000000000000        0x2 My/Main/main.o
 .bss.outVal.6914
                0x0000000000000000        0x2 My/Main/main.o
 .data.motorSpeedCnt
                0x0000000000000000        0x4 My/Main/main.o
 .text          0x0000000000000000        0x0 My/Perif_Drv/adc_ST.o
 .data          0x0000000000000000        0x0 My/Perif_Drv/adc_ST.o
 .bss           0x0000000000000000        0x0 My/Perif_Drv/adc_ST.o
 .text.Adc_Init
                0x0000000000000000       0x78 My/Perif_Drv/adc_ST.o
 .text.Adc_Loop
                0x0000000000000000        0x2 My/Perif_Drv/adc_ST.o
 .text.Adc_GetMeas
                0x0000000000000000       0x1c My/Perif_Drv/adc_ST.o
 .text.Adc_GetRegDR
                0x0000000000000000        0x6 My/Perif_Drv/adc_ST.o
 .text.Adc_GetRegJDRx
                0x0000000000000000       0x26 My/Perif_Drv/adc_ST.o
 .comment       0x0000000000000000       0x54 My/Perif_Drv/adc_ST.o
 .ARM.attributes
                0x0000000000000000       0x2d My/Perif_Drv/adc_ST.o
 .text          0x0000000000000000        0x0 My/Perif_Drv/dma_ST.o
 .data          0x0000000000000000        0x0 My/Perif_Drv/dma_ST.o
 .bss           0x0000000000000000        0x0 My/Perif_Drv/dma_ST.o
 .text.DMA1_ChX_Init
                0x0000000000000000       0x34 My/Perif_Drv/dma_ST.o
 .text.DMAx_Init
                0x0000000000000000       0x10 My/Perif_Drv/dma_ST.o
 .text.DMAx_Start
                0x0000000000000000       0x16 My/Perif_Drv/dma_ST.o
 .comment       0x0000000000000000       0x54 My/Perif_Drv/dma_ST.o
 .ARM.attributes
                0x0000000000000000       0x2d My/Perif_Drv/dma_ST.o
 .text          0x0000000000000000        0x0 My/Perif_Drv/gpio_ST.o
 .data          0x0000000000000000        0x0 My/Perif_Drv/gpio_ST.o
 .bss           0x0000000000000000        0x0 My/Perif_Drv/gpio_ST.o
 .text.Gpio_CheckLoop
                0x0000000000000000       0xb0 My/Perif_Drv/gpio_ST.o
 .text.Gpio_GetState
                0x0000000000000000       0x24 My/Perif_Drv/gpio_ST.o
 .bss.GpioAIDRtemp.6846
                0x0000000000000000        0x6 My/Perif_Drv/gpio_ST.o
 .bss.GpioAState
                0x0000000000000000        0x2 My/Perif_Drv/gpio_ST.o
 .bss.GpioBIDRtemp.6847
                0x0000000000000000        0x6 My/Perif_Drv/gpio_ST.o
 .bss.GpioBState
                0x0000000000000000        0x2 My/Perif_Drv/gpio_ST.o
 .bss.GpioCIDRtemp.6848
                0x0000000000000000        0x6 My/Perif_Drv/gpio_ST.o
 .bss.GpioCState
                0x0000000000000000        0x2 My/Perif_Drv/gpio_ST.o
 .bss.cycle.6845
                0x0000000000000000        0x1 My/Perif_Drv/gpio_ST.o
 .bss.mScount.6844
                0x0000000000000000        0x1 My/Perif_Drv/gpio_ST.o
 .text          0x0000000000000000        0x0 My/Perif_Drv/i2c_ST.o
 .data          0x0000000000000000        0x0 My/Perif_Drv/i2c_ST.o
 .bss           0x0000000000000000        0x0 My/Perif_Drv/i2c_ST.o
 .text.I2C_LongWait
                0x0000000000000000       0x2c My/Perif_Drv/i2c_ST.o
 .text.I2C_StartAndSendDeviceAddr
                0x0000000000000000       0x50 My/Perif_Drv/i2c_ST.o
 .text.I2C_GetNacCount
                0x0000000000000000       0x1c My/Perif_Drv/i2c_ST.o
 .text.I2C_SendByte
                0x0000000000000000       0x16 My/Perif_Drv/i2c_ST.o
 .text.I2C_SendData
                0x0000000000000000       0x3c My/Perif_Drv/i2c_ST.o
 .text.I2C_ReadData
                0x0000000000000000       0xc2 My/Perif_Drv/i2c_ST.o
 .text.I2C_Write
                0x0000000000000000       0x34 My/Perif_Drv/i2c_ST.o
 .text.I2C_Read
                0x0000000000000000       0x60 My/Perif_Drv/i2c_ST.o
 .text.I2C_IT_Init
                0x0000000000000000       0x20 My/Perif_Drv/i2c_ST.o
 .text.I2C_IT_StartTx
                0x0000000000000000       0x28 My/Perif_Drv/i2c_ST.o
 .text.I2C_IT_StartRx
                0x0000000000000000       0x14 My/Perif_Drv/i2c_ST.o
 .text.I2C_IT_SendData
                0x0000000000000000       0x38 My/Perif_Drv/i2c_ST.o
 .text.I2C_IT_GetData
                0x0000000000000000        0x4 My/Perif_Drv/i2c_ST.o
 .text.I2C_IT_GetState
                0x0000000000000000        0xc My/Perif_Drv/i2c_ST.o
 .text.I2C_DMA_State
                0x0000000000000000        0xc My/Perif_Drv/i2c_ST.o
 .text.I2C_DMA_Write
                0x0000000000000000       0x88 My/Perif_Drv/i2c_ST.o
 .text.I2C_DMA_Read
                0x0000000000000000       0x8c My/Perif_Drv/i2c_ST.o
 .bss.I2C1NacCount
                0x0000000000000000        0x4 My/Perif_Drv/i2c_ST.o
 .bss.I2C2NacCount
                0x0000000000000000        0x4 My/Perif_Drv/i2c_ST.o
 .bss.I2cIT_BufSize
                0x0000000000000000        0x4 My/Perif_Drv/i2c_ST.o
 .text          0x0000000000000000        0x0 My/Perif_Drv/spi_ST.o
 .data          0x0000000000000000        0x0 My/Perif_Drv/spi_ST.o
 .bss           0x0000000000000000        0x0 My/Perif_Drv/spi_ST.o
 .text.SPI_Enable
                0x0000000000000000        0xa My/Perif_Drv/spi_ST.o
 .text.SPI_Disable
                0x0000000000000000        0xa My/Perif_Drv/spi_ST.o
 .text.SPI_BiDirMode
                0x0000000000000000       0x22 My/Perif_Drv/spi_ST.o
 .text.SPI_RxData
                0x0000000000000000       0x1e My/Perif_Drv/spi_ST.o
 .text          0x0000000000000000        0x0 My/Perif_Drv/sys_ST.o
 .data          0x0000000000000000        0x0 My/Perif_Drv/sys_ST.o
 .bss           0x0000000000000000        0x0 My/Perif_Drv/sys_ST.o
 .text.Stm32Flash_Lock
                0x0000000000000000       0x10 My/Perif_Drv/sys_ST.o
 .text.Stm32Flash_Unlock
                0x0000000000000000       0x18 My/Perif_Drv/sys_ST.o
 .text.Stm32Flash_ErasePage
                0x0000000000000000       0x40 My/Perif_Drv/sys_ST.o
 .text.Stm32Flash_WriteWord
                0x0000000000000000       0x4c My/Perif_Drv/sys_ST.o
 .text.Stm32Flash_ReadWord
                0x0000000000000000        0x4 My/Perif_Drv/sys_ST.o
 .text          0x0000000000000000        0x0 My/Perif_Drv/sys_tick_ST.o
 .data          0x0000000000000000        0x0 My/Perif_Drv/sys_tick_ST.o
 .bss           0x0000000000000000        0x0 My/Perif_Drv/sys_tick_ST.o
 .text          0x0000000000000000        0x0 My/Perif_Drv/timers_ST.o
 .data          0x0000000000000000        0x0 My/Perif_Drv/timers_ST.o
 .bss           0x0000000000000000        0x0 My/Perif_Drv/timers_ST.o
 .text.TIM1_InitForCapture
                0x0000000000000000       0x5c My/Perif_Drv/timers_ST.o
 .text          0x0000000000000000        0x0 My/Perif_Drv/uart_ST.o
 .data          0x0000000000000000        0x0 My/Perif_Drv/uart_ST.o
 .bss           0x0000000000000000        0x0 My/Perif_Drv/uart_ST.o
 .text.Uart1ManagingRx
                0x0000000000000000       0x18 My/Perif_Drv/uart_ST.o
 .text.Uart1StarTx
                0x0000000000000000       0x28 My/Perif_Drv/uart_ST.o
 .text.Uart1Handler
                0x0000000000000000        0x8 My/Perif_Drv/uart_ST.o
 .text.Uart1Init
                0x0000000000000000       0x70 My/Perif_Drv/uart_ST.o
 .text.DMA1Ch4StartTx
                0x0000000000000000       0x1c My/Perif_Drv/uart_ST.o
 .text.Uart1DmaStarTx
                0x0000000000000000        0x4 My/Perif_Drv/uart_ST.o
 .bss.U1Handlers
                0x0000000000000000        0xc My/Perif_Drv/uart_ST.o
 .bss.U1WorkReg
                0x0000000000000000        0x8 My/Perif_Drv/uart_ST.o
 .text          0x0000000000000000        0x0 My/Sheduler/Scheduler.o
 .data          0x0000000000000000        0x0 My/Sheduler/Scheduler.o
 .bss           0x0000000000000000        0x0 My/Sheduler/Scheduler.o
 .text.IdleTask
                0x0000000000000000        0x2 My/Sheduler/Scheduler.o
 .text.Scheduler_Init
                0x0000000000000000       0x38 My/Sheduler/Scheduler.o
 .text.Scheduler_SetTask
                0x0000000000000000       0x2c My/Sheduler/Scheduler.o
 .text.Scheduler_SetTimerTask
                0x0000000000000000       0x48 My/Sheduler/Scheduler.o
 .text.Scheduler_Loop
                0x0000000000000000       0x44 My/Sheduler/Scheduler.o
 .text.Scheduler_TimerServiceLoop
                0x0000000000000000       0x4c My/Sheduler/Scheduler.o
 .text.Scheduler_GetTickCount
                0x0000000000000000        0xc My/Sheduler/Scheduler.o
 .text.Scheduler_Start
                0x0000000000000000        0x2 My/Sheduler/Scheduler.o
 .bss.SchedulerTickCount
                0x0000000000000000        0x4 My/Sheduler/Scheduler.o
 .bss.TaskQueue
                0x0000000000000000       0x54 My/Sheduler/Scheduler.o
 .bss.TaskWithTime
                0x0000000000000000       0xa8 My/Sheduler/Scheduler.o
 .comment       0x0000000000000000       0x54 My/Sheduler/Scheduler.o
 .ARM.attributes
                0x0000000000000000       0x2d My/Sheduler/Scheduler.o
 .text          0x0000000000000000        0x0 My/Sheduler/rtos.o
 .data          0x0000000000000000        0x0 My/Sheduler/rtos.o
 .bss           0x0000000000000000        0x0 My/Sheduler/rtos.o
 .text.RTOS_GetTickCount
                0x0000000000000000        0xc My/Sheduler/rtos.o
 .text          0x0000000000000000       0x14 My/Startup/startup_stm32f103rbtx.o
 .data          0x0000000000000000        0x0 My/Startup/startup_stm32f103rbtx.o
 .bss           0x0000000000000000        0x0 My/Startup/startup_stm32f103rbtx.o
 .text          0x0000000000000000        0x0 c:/st/stm32cubeide_1.5.0/stm32cubeide/plugins/com.st.stm32cube.ide.mcu.externaltools.gnu-tools-for-stm32.9-2020-q2-update.win32_1.5.0.202011040924/tools/bin/../lib/gcc/arm-none-eabi/9.3.1/../../../../arm-none-eabi/lib/thumb/v7-m/nofp\libc_nano.a(lib_a-exit.o)
 .data          0x0000000000000000        0x0 c:/st/stm32cubeide_1.5.0/stm32cubeide/plugins/com.st.stm32cube.ide.mcu.externaltools.gnu-tools-for-stm32.9-2020-q2-update.win32_1.5.0.202011040924/tools/bin/../lib/gcc/arm-none-eabi/9.3.1/../../../../arm-none-eabi/lib/thumb/v7-m/nofp\libc_nano.a(lib_a-exit.o)
 .bss           0x0000000000000000        0x0 c:/st/stm32cubeide_1.5.0/stm32cubeide/plugins/com.st.stm32cube.ide.mcu.externaltools.gnu-tools-for-stm32.9-2020-q2-update.win32_1.5.0.202011040924/tools/bin/../lib/gcc/arm-none-eabi/9.3.1/../../../../arm-none-eabi/lib/thumb/v7-m/nofp\libc_nano.a(lib_a-exit.o)
 .text.exit     0x0000000000000000       0x28 c:/st/stm32cubeide_1.5.0/stm32cubeide/plugins/com.st.stm32cube.ide.mcu.externaltools.gnu-tools-for-stm32.9-2020-q2-update.win32_1.5.0.202011040924/tools/bin/../lib/gcc/arm-none-eabi/9.3.1/../../../../arm-none-eabi/lib/thumb/v7-m/nofp\libc_nano.a(lib_a-exit.o)
 .debug_frame   0x0000000000000000       0x28 c:/st/stm32cubeide_1.5.0/stm32cubeide/plugins/com.st.stm32cube.ide.mcu.externaltools.gnu-tools-for-stm32.9-2020-q2-update.win32_1.5.0.202011040924/tools/bin/../lib/gcc/arm-none-eabi/9.3.1/../../../../arm-none-eabi/lib/thumb/v7-m/nofp\libc_nano.a(lib_a-exit.o)
 .ARM.attributes
                0x0000000000000000       0x2d c:/st/stm32cubeide_1.5.0/stm32cubeide/plugins/com.st.stm32cube.ide.mcu.externaltools.gnu-tools-for-stm32.9-2020-q2-update.win32_1.5.0.202011040924/tools/bin/../lib/gcc/arm-none-eabi/9.3.1/../../../../arm-none-eabi/lib/thumb/v7-m/nofp\libc_nano.a(lib_a-exit.o)
 .text          0x0000000000000000        0x0 c:/st/stm32cubeide_1.5.0/stm32cubeide/plugins/com.st.stm32cube.ide.mcu.externaltools.gnu-tools-for-stm32.9-2020-q2-update.win32_1.5.0.202011040924/tools/bin/../lib/gcc/arm-none-eabi/9.3.1/../../../../arm-none-eabi/lib/thumb/v7-m/nofp\libc_nano.a(lib_a-impure.o)
 .data          0x0000000000000000        0x0 c:/st/stm32cubeide_1.5.0/stm32cubeide/plugins/com.st.stm32cube.ide.mcu.externaltools.gnu-tools-for-stm32.9-2020-q2-update.win32_1.5.0.202011040924/tools/bin/../lib/gcc/arm-none-eabi/9.3.1/../../../../arm-none-eabi/lib/thumb/v7-m/nofp\libc_nano.a(lib_a-impure.o)
 .bss           0x0000000000000000        0x0 c:/st/stm32cubeide_1.5.0/stm32cubeide/plugins/com.st.stm32cube.ide.mcu.externaltools.gnu-tools-for-stm32.9-2020-q2-update.win32_1.5.0.202011040924/tools/bin/../lib/gcc/arm-none-eabi/9.3.1/../../../../arm-none-eabi/lib/thumb/v7-m/nofp\libc_nano.a(lib_a-impure.o)
 .data._impure_ptr
                0x0000000000000000        0x4 c:/st/stm32cubeide_1.5.0/stm32cubeide/plugins/com.st.stm32cube.ide.mcu.externaltools.gnu-tools-for-stm32.9-2020-q2-update.win32_1.5.0.202011040924/tools/bin/../lib/gcc/arm-none-eabi/9.3.1/../../../../arm-none-eabi/lib/thumb/v7-m/nofp\libc_nano.a(lib_a-impure.o)
 .data.impure_data
                0x0000000000000000       0x60 c:/st/stm32cubeide_1.5.0/stm32cubeide/plugins/com.st.stm32cube.ide.mcu.externaltools.gnu-tools-for-stm32.9-2020-q2-update.win32_1.5.0.202011040924/tools/bin/../lib/gcc/arm-none-eabi/9.3.1/../../../../arm-none-eabi/lib/thumb/v7-m/nofp\libc_nano.a(lib_a-impure.o)
 .rodata._global_impure_ptr
                0x0000000000000000        0x4 c:/st/stm32cubeide_1.5.0/stm32cubeide/plugins/com.st.stm32cube.ide.mcu.externaltools.gnu-tools-for-stm32.9-2020-q2-update.win32_1.5.0.202011040924/tools/bin/../lib/gcc/arm-none-eabi/9.3.1/../../../../arm-none-eabi/lib/thumb/v7-m/nofp\libc_nano.a(lib_a-impure.o)
 .ARM.attributes
                0x0000000000000000       0x2d c:/st/stm32cubeide_1.5.0/stm32cubeide/plugins/com.st.stm32cube.ide.mcu.externaltools.gnu-tools-for-stm32.9-2020-q2-update.win32_1.5.0.202011040924/tools/bin/../lib/gcc/arm-none-eabi/9.3.1/../../../../arm-none-eabi/lib/thumb/v7-m/nofp\libc_nano.a(lib_a-impure.o)
 .text          0x0000000000000000        0x0 c:/st/stm32cubeide_1.5.0/stm32cubeide/plugins/com.st.stm32cube.ide.mcu.externaltools.gnu-tools-for-stm32.9-2020-q2-update.win32_1.5.0.202011040924/tools/bin/../lib/gcc/arm-none-eabi/9.3.1/../../../../arm-none-eabi/lib/thumb/v7-m/nofp\libc_nano.a(lib_a-init.o)
 .data          0x0000000000000000        0x0 c:/st/stm32cubeide_1.5.0/stm32cubeide/plugins/com.st.stm32cube.ide.mcu.externaltools.gnu-tools-for-stm32.9-2020-q2-update.win32_1.5.0.202011040924/tools/bin/../lib/gcc/arm-none-eabi/9.3.1/../../../../arm-none-eabi/lib/thumb/v7-m/nofp\libc_nano.a(lib_a-init.o)
 .bss           0x0000000000000000        0x0 c:/st/stm32cubeide_1.5.0/stm32cubeide/plugins/com.st.stm32cube.ide.mcu.externaltools.gnu-tools-for-stm32.9-2020-q2-update.win32_1.5.0.202011040924/tools/bin/../lib/gcc/arm-none-eabi/9.3.1/../../../../arm-none-eabi/lib/thumb/v7-m/nofp\libc_nano.a(lib_a-init.o)
 .text          0x0000000000000000        0x0 c:/st/stm32cubeide_1.5.0/stm32cubeide/plugins/com.st.stm32cube.ide.mcu.externaltools.gnu-tools-for-stm32.9-2020-q2-update.win32_1.5.0.202011040924/tools/bin/../lib/gcc/arm-none-eabi/9.3.1/../../../../arm-none-eabi/lib/thumb/v7-m/nofp\libc_nano.a(lib_a-memset.o)
 .data          0x0000000000000000        0x0 c:/st/stm32cubeide_1.5.0/stm32cubeide/plugins/com.st.stm32cube.ide.mcu.externaltools.gnu-tools-for-stm32.9-2020-q2-update.win32_1.5.0.202011040924/tools/bin/../lib/gcc/arm-none-eabi/9.3.1/../../../../arm-none-eabi/lib/thumb/v7-m/nofp\libc_nano.a(lib_a-memset.o)
 .bss           0x0000000000000000        0x0 c:/st/stm32cubeide_1.5.0/stm32cubeide/plugins/com.st.stm32cube.ide.mcu.externaltools.gnu-tools-for-stm32.9-2020-q2-update.win32_1.5.0.202011040924/tools/bin/../lib/gcc/arm-none-eabi/9.3.1/../../../../arm-none-eabi/lib/thumb/v7-m/nofp\libc_nano.a(lib_a-memset.o)
 .text.memset   0x0000000000000000       0x10 c:/st/stm32cubeide_1.5.0/stm32cubeide/plugins/com.st.stm32cube.ide.mcu.externaltools.gnu-tools-for-stm32.9-2020-q2-update.win32_1.5.0.202011040924/tools/bin/../lib/gcc/arm-none-eabi/9.3.1/../../../../arm-none-eabi/lib/thumb/v7-m/nofp\libc_nano.a(lib_a-memset.o)
 .debug_frame   0x0000000000000000       0x20 c:/st/stm32cubeide_1.5.0/stm32cubeide/plugins/com.st.stm32cube.ide.mcu.externaltools.gnu-tools-for-stm32.9-2020-q2-update.win32_1.5.0.202011040924/tools/bin/../lib/gcc/arm-none-eabi/9.3.1/../../../../arm-none-eabi/lib/thumb/v7-m/nofp\libc_nano.a(lib_a-memset.o)
 .ARM.attributes
                0x0000000000000000       0x2d c:/st/stm32cubeide_1.5.0/stm32cubeide/plugins/com.st.stm32cube.ide.mcu.externaltools.gnu-tools-for-stm32.9-2020-q2-update.win32_1.5.0.202011040924/tools/bin/../lib/gcc/arm-none-eabi/9.3.1/../../../../arm-none-eabi/lib/thumb/v7-m/nofp\libc_nano.a(lib_a-memset.o)
 .text          0x0000000000000000        0x0 c:/st/stm32cubeide_1.5.0/stm32cubeide/plugins/com.st.stm32cube.ide.mcu.externaltools.gnu-tools-for-stm32.9-2020-q2-update.win32_1.5.0.202011040924/tools/bin/../lib/gcc/arm-none-eabi/9.3.1/../../../../arm-none-eabi/lib/thumb/v7-m/nofp\libnosys.a(_exit.o)
 .data          0x0000000000000000        0x0 c:/st/stm32cubeide_1.5.0/stm32cubeide/plugins/com.st.stm32cube.ide.mcu.externaltools.gnu-tools-for-stm32.9-2020-q2-update.win32_1.5.0.202011040924/tools/bin/../lib/gcc/arm-none-eabi/9.3.1/../../../../arm-none-eabi/lib/thumb/v7-m/nofp\libnosys.a(_exit.o)
 .bss           0x0000000000000000        0x0 c:/st/stm32cubeide_1.5.0/stm32cubeide/plugins/com.st.stm32cube.ide.mcu.externaltools.gnu-tools-for-stm32.9-2020-q2-update.win32_1.5.0.202011040924/tools/bin/../lib/gcc/arm-none-eabi/9.3.1/../../../../arm-none-eabi/lib/thumb/v7-m/nofp\libnosys.a(_exit.o)
 .text._exit    0x0000000000000000        0x2 c:/st/stm32cubeide_1.5.0/stm32cubeide/plugins/com.st.stm32cube.ide.mcu.externaltools.gnu-tools-for-stm32.9-2020-q2-update.win32_1.5.0.202011040924/tools/bin/../lib/gcc/arm-none-eabi/9.3.1/../../../../arm-none-eabi/lib/thumb/v7-m/nofp\libnosys.a(_exit.o)
 .debug_frame   0x0000000000000000       0x20 c:/st/stm32cubeide_1.5.0/stm32cubeide/plugins/com.st.stm32cube.ide.mcu.externaltools.gnu-tools-for-stm32.9-2020-q2-update.win32_1.5.0.202011040924/tools/bin/../lib/gcc/arm-none-eabi/9.3.1/../../../../arm-none-eabi/lib/thumb/v7-m/nofp\libnosys.a(_exit.o)
 .ARM.attributes
                0x0000000000000000       0x2d c:/st/stm32cubeide_1.5.0/stm32cubeide/plugins/com.st.stm32cube.ide.mcu.externaltools.gnu-tools-for-stm32.9-2020-q2-update.win32_1.5.0.202011040924/tools/bin/../lib/gcc/arm-none-eabi/9.3.1/../../../../arm-none-eabi/lib/thumb/v7-m/nofp\libnosys.a(_exit.o)
 .text          0x0000000000000000        0x0 c:/st/stm32cubeide_1.5.0/stm32cubeide/plugins/com.st.stm32cube.ide.mcu.externaltools.gnu-tools-for-stm32.9-2020-q2-update.win32_1.5.0.202011040924/tools/bin/../lib/gcc/arm-none-eabi/9.3.1/thumb/v7-m/nofp/crtend.o
 .data          0x0000000000000000        0x0 c:/st/stm32cubeide_1.5.0/stm32cubeide/plugins/com.st.stm32cube.ide.mcu.externaltools.gnu-tools-for-stm32.9-2020-q2-update.win32_1.5.0.202011040924/tools/bin/../lib/gcc/arm-none-eabi/9.3.1/thumb/v7-m/nofp/crtend.o
 .bss           0x0000000000000000        0x0 c:/st/stm32cubeide_1.5.0/stm32cubeide/plugins/com.st.stm32cube.ide.mcu.externaltools.gnu-tools-for-stm32.9-2020-q2-update.win32_1.5.0.202011040924/tools/bin/../lib/gcc/arm-none-eabi/9.3.1/thumb/v7-m/nofp/crtend.o
 .eh_frame      0x0000000000000000        0x4 c:/st/stm32cubeide_1.5.0/stm32cubeide/plugins/com.st.stm32cube.ide.mcu.externaltools.gnu-tools-for-stm32.9-2020-q2-update.win32_1.5.0.202011040924/tools/bin/../lib/gcc/arm-none-eabi/9.3.1/thumb/v7-m/nofp/crtend.o
 .ARM.attributes
                0x0000000000000000       0x2d c:/st/stm32cubeide_1.5.0/stm32cubeide/plugins/com.st.stm32cube.ide.mcu.externaltools.gnu-tools-for-stm32.9-2020-q2-update.win32_1.5.0.202011040924/tools/bin/../lib/gcc/arm-none-eabi/9.3.1/thumb/v7-m/nofp/crtend.o
 .text          0x0000000000000000        0x0 c:/st/stm32cubeide_1.5.0/stm32cubeide/plugins/com.st.stm32cube.ide.mcu.externaltools.gnu-tools-for-stm32.9-2020-q2-update.win32_1.5.0.202011040924/tools/bin/../lib/gcc/arm-none-eabi/9.3.1/thumb/v7-m/nofp/crtn.o
 .data          0x0000000000000000        0x0 c:/st/stm32cubeide_1.5.0/stm32cubeide/plugins/com.st.stm32cube.ide.mcu.externaltools.gnu-tools-for-stm32.9-2020-q2-update.win32_1.5.0.202011040924/tools/bin/../lib/gcc/arm-none-eabi/9.3.1/thumb/v7-m/nofp/crtn.o
 .bss           0x0000000000000000        0x0 c:/st/stm32cubeide_1.5.0/stm32cubeide/plugins/com.st.stm32cube.ide.mcu.externaltools.gnu-tools-for-stm32.9-2020-q2-update.win32_1.5.0.202011040924/tools/bin/../lib/gcc/arm-none-eabi/9.3.1/thumb/v7-m/nofp/crtn.o

Memory Configuration

Name             Origin             Length             Attributes
RAM              0x0000000020000000 0x0000000000005000 xrw
FLASH            0x0000000008000000 0x0000000000020000 xr
*default*        0x0000000000000000 0xffffffffffffffff

Linker script and memory map

LOAD c:/st/stm32cubeide_1.5.0/stm32cubeide/plugins/com.st.stm32cube.ide.mcu.externaltools.gnu-tools-for-stm32.9-2020-q2-update.win32_1.5.0.202011040924/tools/bin/../lib/gcc/arm-none-eabi/9.3.1/thumb/v7-m/nofp/crti.o
LOAD c:/st/stm32cubeide_1.5.0/stm32cubeide/plugins/com.st.stm32cube.ide.mcu.externaltools.gnu-tools-for-stm32.9-2020-q2-update.win32_1.5.0.202011040924/tools/bin/../lib/gcc/arm-none-eabi/9.3.1/thumb/v7-m/nofp/crtbegin.o
LOAD c:/st/stm32cubeide_1.5.0/stm32cubeide/plugins/com.st.stm32cube.ide.mcu.externaltools.gnu-tools-for-stm32.9-2020-q2-update.win32_1.5.0.202011040924/tools/bin/../lib/gcc/arm-none-eabi/9.3.1/../../../../arm-none-eabi/lib/thumb/v7-m/nofp/crt0.o
LOAD My/Application/AHT10.o
LOAD My/Application/Ascii_Tab_12864.o
LOAD My/Application/Blink.o
LOAD My/Application/DS18B20.o
LOAD My/Application/DS2782.o
LOAD My/Application/Delay.o
LOAD My/Application/EEP_AT24Cxx.o
LOAD My/Application/Encoder.o
LOAD My/Application/Filters.o
LOAD My/Application/LcdGraphic.o
LOAD My/Application/Lcd_TIC32.o
LOAD My/Application/Lcd_i2c_1602.o
LOAD My/Application/MyString.o
LOAD My/Application/PID.o
LOAD My/Application/RingBuffer.o
LOAD My/CMSIS/system_stm32f1xx.o
LOAD My/LCD/LM6063D.o
LOAD My/LCD/OLED_SSD1306.o
LOAD My/LCD/fonts.o
LOAD My/Main/main.o
LOAD My/Perif_Drv/adc_ST.o
LOAD My/Perif_Drv/dma_ST.o
LOAD My/Perif_Drv/gpio_ST.o
LOAD My/Perif_Drv/i2c_ST.o
LOAD My/Perif_Drv/spi_ST.o
LOAD My/Perif_Drv/sys_ST.o
LOAD My/Perif_Drv/sys_tick_ST.o
LOAD My/Perif_Drv/timers_ST.o
LOAD My/Perif_Drv/uart_ST.o
LOAD My/Sheduler/Scheduler.o
LOAD My/Sheduler/rtos.o
LOAD My/Startup/startup_stm32f103rbtx.o
START GROUP
LOAD c:/st/stm32cubeide_1.5.0/stm32cubeide/plugins/com.st.stm32cube.ide.mcu.externaltools.gnu-tools-for-stm32.9-2020-q2-update.win32_1.5.0.202011040924/tools/bin/../lib/gcc/arm-none-eabi/9.3.1/../../../../arm-none-eabi/lib/thumb/v7-m/nofp\libc_nano.a
LOAD c:/st/stm32cubeide_1.5.0/stm32cubeide/plugins/com.st.stm32cube.ide.mcu.externaltools.gnu-tools-for-stm32.9-2020-q2-update.win32_1.5.0.202011040924/tools/bin/../lib/gcc/arm-none-eabi/9.3.1/../../../../arm-none-eabi/lib/thumb/v7-m/nofp\libm.a
END GROUP
START GROUP
LOAD c:/st/stm32cubeide_1.5.0/stm32cubeide/plugins/com.st.stm32cube.ide.mcu.externaltools.gnu-tools-for-stm32.9-2020-q2-update.win32_1.5.0.202011040924/tools/bin/../lib/gcc/arm-none-eabi/9.3.1/thumb/v7-m/nofp\libgcc.a
LOAD c:/st/stm32cubeide_1.5.0/stm32cubeide/plugins/com.st.stm32cube.ide.mcu.externaltools.gnu-tools-for-stm32.9-2020-q2-update.win32_1.5.0.202011040924/tools/bin/../lib/gcc/arm-none-eabi/9.3.1/../../../../arm-none-eabi/lib/thumb/v7-m/nofp\libc_nano.a
END GROUP
START GROUP
LOAD c:/st/stm32cubeide_1.5.0/stm32cubeide/plugins/com.st.stm32cube.ide.mcu.externaltools.gnu-tools-for-stm32.9-2020-q2-update.win32_1.5.0.202011040924/tools/bin/../lib/gcc/arm-none-eabi/9.3.1/thumb/v7-m/nofp\libgcc.a
LOAD c:/st/stm32cubeide_1.5.0/stm32cubeide/plugins/com.st.stm32cube.ide.mcu.externaltools.gnu-tools-for-stm32.9-2020-q2-update.win32_1.5.0.202011040924/tools/bin/../lib/gcc/arm-none-eabi/9.3.1/../../../../arm-none-eabi/lib/thumb/v7-m/nofp\libc_nano.a
LOAD c:/st/stm32cubeide_1.5.0/stm32cubeide/plugins/com.st.stm32cube.ide.mcu.externaltools.gnu-tools-for-stm32.9-2020-q2-update.win32_1.5.0.202011040924/tools/bin/../lib/gcc/arm-none-eabi/9.3.1/../../../../arm-none-eabi/lib/thumb/v7-m/nofp\libnosys.a
END GROUP
START GROUP
LOAD c:/st/stm32cubeide_1.5.0/stm32cubeide/plugins/com.st.stm32cube.ide.mcu.externaltools.gnu-tools-for-stm32.9-2020-q2-update.win32_1.5.0.202011040924/tools/bin/../lib/gcc/arm-none-eabi/9.3.1/thumb/v7-m/nofp\libgcc.a
LOAD c:/st/stm32cubeide_1.5.0/stm32cubeide/plugins/com.st.stm32cube.ide.mcu.externaltools.gnu-tools-for-stm32.9-2020-q2-update.win32_1.5.0.202011040924/tools/bin/../lib/gcc/arm-none-eabi/9.3.1/../../../../arm-none-eabi/lib/thumb/v7-m/nofp\libc_nano.a
LOAD c:/st/stm32cubeide_1.5.0/stm32cubeide/plugins/com.st.stm32cube.ide.mcu.externaltools.gnu-tools-for-stm32.9-2020-q2-update.win32_1.5.0.202011040924/tools/bin/../lib/gcc/arm-none-eabi/9.3.1/../../../../arm-none-eabi/lib/thumb/v7-m/nofp\libnosys.a
END GROUP
LOAD c:/st/stm32cubeide_1.5.0/stm32cubeide/plugins/com.st.stm32cube.ide.mcu.externaltools.gnu-tools-for-stm32.9-2020-q2-update.win32_1.5.0.202011040924/tools/bin/../lib/gcc/arm-none-eabi/9.3.1/thumb/v7-m/nofp/crtend.o
LOAD c:/st/stm32cubeide_1.5.0/stm32cubeide/plugins/com.st.stm32cube.ide.mcu.externaltools.gnu-tools-for-stm32.9-2020-q2-update.win32_1.5.0.202011040924/tools/bin/../lib/gcc/arm-none-eabi/9.3.1/thumb/v7-m/nofp/crtn.o
                0x0000000020005000                _estack = (ORIGIN (RAM) + LENGTH (RAM))
                0x0000000000000200                _Min_Heap_Size = 0x200
                0x0000000000000400                _Min_Stack_Size = 0x400

.isr_vector     0x0000000008000000      0x130
                0x0000000008000000                . = ALIGN (0x4)
 *(.isr_vector)
 .isr_vector    0x0000000008000000      0x130 My/Startup/startup_stm32f103rbtx.o
                0x0000000008000000                g_pfnVectors
                0x0000000008000130                . = ALIGN (0x4)

.text           0x0000000008000130      0xf20
                0x0000000008000130                . = ALIGN (0x4)
 *(.text)
 .text          0x0000000008000130       0x40 c:/st/stm32cubeide_1.5.0/stm32cubeide/plugins/com.st.stm32cube.ide.mcu.externaltools.gnu-tools-for-stm32.9-2020-q2-update.win32_1.5.0.202011040924/tools/bin/../lib/gcc/arm-none-eabi/9.3.1/thumb/v7-m/nofp/crtbegin.o
 *(.text*)
 .text.Blink_Loop
                0x0000000008000170       0x9c My/Application/Blink.o
                0x0000000008000170                Blink_Loop
 .text.DS2782_Init
                0x000000000800020c        0x4 My/Application/DS2782.o
                0x000000000800020c                DS2782_Init
 .text.msDelay_Loop
                0x0000000008000210       0x10 My/Application/Delay.o
                0x0000000008000210                msDelay_Loop
 .text.microDelay_Init
                0x0000000008000220       0x20 My/Application/Delay.o
                0x0000000008000220                microDelay_Init
 .text.microDelay
                0x0000000008000240       0x18 My/Application/Delay.o
                0x0000000008000240                microDelay
 .text._encoder_GpioInit
                0x0000000008000258       0xa8 My/Application/Encoder.o
 .text.Encoder_Init
                0x0000000008000300       0x20 My/Application/Encoder.o
                0x0000000008000300                Encoder_Init
 .text.Encoder_ScanLoop
                0x0000000008000320       0x80 My/Application/Encoder.o
                0x0000000008000320                Encoder_ScanLoop
 .text.ClearTextBuf
                0x00000000080003a0       0x18 My/Application/LcdGraphic.o
 .text.Lcd_Init
                0x00000000080003b8        0x4 My/Application/LcdGraphic.o
                0x00000000080003b8                Lcd_Init
 .text.Lcd_Update
                0x00000000080003bc        0xc My/Application/LcdGraphic.o
                0x00000000080003bc                Lcd_Update
 .text.Lcd_ClearVideoBuffer
                0x00000000080003c8       0x18 My/Application/LcdGraphic.o
                0x00000000080003c8                Lcd_ClearVideoBuffer
 .text.Lcd_GotoXYFont
                0x00000000080003e0       0x20 My/Application/LcdGraphic.o
                0x00000000080003e0                Lcd_GotoXYFont
 .text.Lcd_Chr  0x0000000008000400       0x50 My/Application/LcdGraphic.o
                0x0000000008000400                Lcd_Chr
 .text.Lcd_SetCursor
                0x0000000008000450       0x38 My/Application/LcdGraphic.o
                0x0000000008000450                Lcd_SetCursor
 .text.Lcd_Print
                0x0000000008000488       0x1c My/Application/LcdGraphic.o
                0x0000000008000488                Lcd_Print
 .text.PID_Init
                0x00000000080004a4       0x28 My/Application/PID.o
                0x00000000080004a4                PID_Init
 .text.SystemInit
                0x00000000080004cc       0x4c My/CMSIS/system_stm32f1xx.o
                0x00000000080004cc                SystemInit
 .text.Lm6063LcdSendByte
                0x0000000008000518       0x30 My/LCD/LM6063D.o
 .text.Lm6063LcdInit
                0x0000000008000548       0xc0 My/LCD/LM6063D.o
                0x0000000008000548                Lm6063LcdInit
 .text.Lm6063LcdUpdate
                0x0000000008000608       0x60 My/LCD/LM6063D.o
                0x0000000008000608                Lm6063LcdUpdate
 .text.Task_Debug
                0x0000000008000668        0x2 My/Main/main.o
                0x0000000008000668                Task_Debug
 *fill*         0x000000000800066a        0x2 
 .text.startup.main
                0x000000000800066c       0xa4 My/Main/main.o
                0x000000000800066c                main
 .text.SysTick_Handler
                0x0000000008000710       0x28 My/Main/main.o
                0x0000000008000710                SysTick_Handler
 .text.Gpio_Init
                0x0000000008000738       0x4c My/Perif_Drv/gpio_ST.o
                0x0000000008000738                Gpio_Init
 .text.I2C_Init
                0x0000000008000784       0xb8 My/Perif_Drv/i2c_ST.o
                0x0000000008000784                I2C_Init
 .text.I2C_IT_EV_Handler
                0x000000000800083c       0xa4 My/Perif_Drv/i2c_ST.o
                0x000000000800083c                I2C_IT_EV_Handler
 .text.I2C_IT_ER_Handler
                0x00000000080008e0       0x7c My/Perif_Drv/i2c_ST.o
                0x00000000080008e0                I2C_IT_ER_Handler
 .text.I2C1_EV_IRQHandler
                0x000000000800095c        0xc My/Perif_Drv/i2c_ST.o
                0x000000000800095c                I2C1_EV_IRQHandler
 .text.I2C1_ER_IRQHandler
                0x0000000008000968        0xc My/Perif_Drv/i2c_ST.o
                0x0000000008000968                I2C1_ER_IRQHandler
 .text.I2C2_EV_IRQHandler
                0x0000000008000974        0xc My/Perif_Drv/i2c_ST.o
                0x0000000008000974                I2C2_EV_IRQHandler
 .text.I2C2_ER_IRQHandler
                0x0000000008000980        0xc My/Perif_Drv/i2c_ST.o
                0x0000000008000980                I2C2_ER_IRQHandler
 .text.I2C_DMA_Init
                0x000000000800098c       0x38 My/Perif_Drv/i2c_ST.o
                0x000000000800098c                I2C_DMA_Init
 .text.DMA1_Channel6_IRQHandler
                0x00000000080009c4       0x70 My/Perif_Drv/i2c_ST.o
                0x00000000080009c4                DMA1_Channel6_IRQHandler
 .text.DMA1_Channel7_IRQHandler
                0x0000000008000a34       0x6c My/Perif_Drv/i2c_ST.o
                0x0000000008000a34                DMA1_Channel7_IRQHandler
 .text.SPI_Init
                0x0000000008000aa0       0xc0 My/Perif_Drv/spi_ST.o
                0x0000000008000aa0                SPI_Init
 .text.SPI_TxRxByte
                0x0000000008000b60       0x3e My/Perif_Drv/spi_ST.o
                0x0000000008000b60                SPI_TxRxByte
 *fill*         0x0000000008000b9e        0x2 
 .text.SPI2_IRQHandler
                0x0000000008000ba0       0x24 My/Perif_Drv/spi_ST.o
                0x0000000008000ba0                SPI2_IRQHandler
 .text.Sys_Init
                0x0000000008000bc4       0xc0 My/Perif_Drv/sys_ST.o
                0x0000000008000bc4                Sys_Init
 .text.NMI_Handler
                0x0000000008000c84        0x2 My/Perif_Drv/sys_ST.o
                0x0000000008000c84                NMI_Handler
 *fill*         0x0000000008000c86        0x2 
 .text.HardFault_Handler
                0x0000000008000c88       0x20 My/Perif_Drv/sys_ST.o
                0x0000000008000c88                HardFault_Handler
 .text.MemManage_Handler
                0x0000000008000ca8        0x2 My/Perif_Drv/sys_ST.o
                0x0000000008000ca8                MemManage_Handler
 .text.BusFault_Handler
                0x0000000008000caa        0x2 My/Perif_Drv/sys_ST.o
                0x0000000008000caa                BusFault_Handler
 .text.UsageFault_Handler
                0x0000000008000cac        0x2 My/Perif_Drv/sys_ST.o
                0x0000000008000cac                UsageFault_Handler
 .text.SVC_Handler
                0x0000000008000cae        0x2 My/Perif_Drv/sys_ST.o
                0x0000000008000cae                SVC_Handler
 .text.SysTick_Init
                0x0000000008000cb0       0x18 My/Perif_Drv/sys_tick_ST.o
                0x0000000008000cb0                SysTick_Init
 .text.TIM3_InitForPWM
                0x0000000008000cc8       0x50 My/Perif_Drv/timers_ST.o
                0x0000000008000cc8                TIM3_InitForPWM
 .text.USART1_IRQHandler
                0x0000000008000d18       0x34 My/Perif_Drv/uart_ST.o
                0x0000000008000d18                USART1_IRQHandler
 .text.DMA1Ch4InitForTx
                0x0000000008000d4c       0x1c My/Perif_Drv/uart_ST.o
                0x0000000008000d4c                DMA1Ch4InitForTx
 .text.USART_Init
                0x0000000008000d68       0xc0 My/Perif_Drv/uart_ST.o
                0x0000000008000d68                USART_Init
 .text.DMA1_Channel4_IRQHandler
                0x0000000008000e28       0x34 My/Perif_Drv/uart_ST.o
                0x0000000008000e28                DMA1_Channel4_IRQHandler
 .text.RTOS_Init
                0x0000000008000e5c        0xc My/Sheduler/rtos.o
                0x0000000008000e5c                RTOS_Init
 .text.RTOS_SetTask
                0x0000000008000e68       0x5c My/Sheduler/rtos.o
                0x0000000008000e68                RTOS_SetTask
 .text.RTOS_DeleteTask
                0x0000000008000ec4       0x4c My/Sheduler/rtos.o
                0x0000000008000ec4                RTOS_DeleteTask
 .text.RTOS_DispatchLoop
                0x0000000008000f10       0x50 My/Sheduler/rtos.o
                0x0000000008000f10                RTOS_DispatchLoop
 .text.RTOS_TimerServiceLoop
                0x0000000008000f60       0x3c My/Sheduler/rtos.o
                0x0000000008000f60                RTOS_TimerServiceLoop
 .text.Reset_Handler
                0x0000000008000f9c       0x50 My/Startup/startup_stm32f103rbtx.o
                0x0000000008000f9c                Reset_Handler
 .text.Default_Handler
                0x0000000008000fec        0x2 My/Startup/startup_stm32f103rbtx.o
                0x0000000008000fec                EXTI2_IRQHandler
                0x0000000008000fec                TIM8_TRG_COM_IRQHandler
                0x0000000008000fec                TIM8_CC_IRQHandler
                0x0000000008000fec                DebugMon_Handler
                0x0000000008000fec                TIM1_CC_IRQHandler
                0x0000000008000fec                TIM6_IRQHandler
                0x0000000008000fec                PVD_IRQHandler
                0x0000000008000fec                SDIO_IRQHandler
                0x0000000008000fec                PendSV_Handler
                0x0000000008000fec                EXTI3_IRQHandler
                0x0000000008000fec                USB_HP_CAN_TX_IRQHandler
                0x0000000008000fec                EXTI0_IRQHandler
                0x0000000008000fec                ADC1_2_IRQHandler
                0x0000000008000fec                SPI1_IRQHandler
                0x0000000008000fec                CAN_SCE_IRQHandler
                0x0000000008000fec                TAMPER_IRQHandler
                0x0000000008000fec                TIM8_UP_IRQHandler
                0x0000000008000fec                DMA2_Channel2_IRQHandler
                0x0000000008000fec                USART3_IRQHandler
                0x0000000008000fec                RTC_IRQHandler
                0x0000000008000fec                UART5_IRQHandler
                0x0000000008000fec                ADC3_IRQHandler
                0x0000000008000fec                TIM4_IRQHandler
                0x0000000008000fec                CAN_RX1_IRQHandler
                0x0000000008000fec                DMA2_Channel1_IRQHandler
                0x0000000008000fec                UART4_IRQHandler
                0x0000000008000fec                TIM3_IRQHandler
                0x0000000008000fec                RCC_IRQHandler
                0x0000000008000fec                TIM1_TRG_COM_IRQHandler
                0x0000000008000fec                DMA1_Channel1_IRQHandler
                0x0000000008000fec                Default_Handler
                0x0000000008000fec                EXTI15_10_IRQHandler
                0x0000000008000fec                TIM7_IRQHandler
                0x0000000008000fec                TIM5_IRQHandler
                0x0000000008000fec                EXTI9_5_IRQHandler
                0x0000000008000fec                USB_LP_CAN_RX0_IRQHandler
                0x0000000008000fec                DMA1_Channel5_IRQHandler
                0x0000000008000fec                EXTI4_IRQHandler
                0x0000000008000fec                DMA1_Channel3_IRQHandler
                0x0000000008000fec                FSMC_IRQHandler
                0x0000000008000fec                TIM1_UP_IRQHandler
                0x0000000008000fec                WWDG_IRQHandler
                0x0000000008000fec                TIM2_IRQHandler
                0x0000000008000fec                TIM1_BRK_IRQHandler
                0x0000000008000fec                EXTI1_IRQHandler
                0x0000000008000fec                RTCAlarm_IRQHandler
                0x0000000008000fec                DMA2_Channel4_5_IRQHandler
                0x0000000008000fec                USART2_IRQHandler
                0x0000000008000fec                DMA1_Channel2_IRQHandler
                0x0000000008000fec                TIM8_BRK_IRQHandler
                0x0000000008000fec                FLASH_IRQHandler
                0x0000000008000fec                SPI3_IRQHandler
                0x0000000008000fec                DMA2_Channel3_IRQHandler
 *fill*         0x0000000008000fee        0x2 
 .text.__libc_init_array
                0x0000000008000ff0       0x48 c:/st/stm32cubeide_1.5.0/stm32cubeide/plugins/com.st.stm32cube.ide.mcu.externaltools.gnu-tools-for-stm32.9-2020-q2-update.win32_1.5.0.202011040924/tools/bin/../lib/gcc/arm-none-eabi/9.3.1/../../../../arm-none-eabi/lib/thumb/v7-m/nofp\libc_nano.a(lib_a-init.o)
                0x0000000008000ff0                __libc_init_array
 *(.glue_7)
 .glue_7        0x0000000008001038        0x0 linker stubs
 *(.glue_7t)
 .glue_7t       0x0000000008001038        0x0 linker stubs
 *(.eh_frame)
 .eh_frame      0x0000000008001038        0x0 c:/st/stm32cubeide_1.5.0/stm32cubeide/plugins/com.st.stm32cube.ide.mcu.externaltools.gnu-tools-for-stm32.9-2020-q2-update.win32_1.5.0.202011040924/tools/bin/../lib/gcc/arm-none-eabi/9.3.1/thumb/v7-m/nofp/crtbegin.o
 *(.init)
 .init          0x0000000008001038        0x4 c:/st/stm32cubeide_1.5.0/stm32cubeide/plugins/com.st.stm32cube.ide.mcu.externaltools.gnu-tools-for-stm32.9-2020-q2-update.win32_1.5.0.202011040924/tools/bin/../lib/gcc/arm-none-eabi/9.3.1/thumb/v7-m/nofp/crti.o
                0x0000000008001038                _init
 .init          0x000000000800103c        0x8 c:/st/stm32cubeide_1.5.0/stm32cubeide/plugins/com.st.stm32cube.ide.mcu.externaltools.gnu-tools-for-stm32.9-2020-q2-update.win32_1.5.0.202011040924/tools/bin/../lib/gcc/arm-none-eabi/9.3.1/thumb/v7-m/nofp/crtn.o
 *(.fini)
 .fini          0x0000000008001044        0x4 c:/st/stm32cubeide_1.5.0/stm32cubeide/plugins/com.st.stm32cube.ide.mcu.externaltools.gnu-tools-for-stm32.9-2020-q2-update.win32_1.5.0.202011040924/tools/bin/../lib/gcc/arm-none-eabi/9.3.1/thumb/v7-m/nofp/crti.o
                0x0000000008001044                _fini
 .fini          0x0000000008001048        0x8 c:/st/stm32cubeide_1.5.0/stm32cubeide/plugins/com.st.stm32cube.ide.mcu.externaltools.gnu-tools-for-stm32.9-2020-q2-update.win32_1.5.0.202011040924/tools/bin/../lib/gcc/arm-none-eabi/9.3.1/thumb/v7-m/nofp/crtn.o
                0x0000000008001050                . = ALIGN (0x4)
                0x0000000008001050                _etext = .

.vfp11_veneer   0x0000000008001050        0x0
 .vfp11_veneer  0x0000000008001050        0x0 linker stubs

.v4_bx          0x0000000008001050        0x0
 .v4_bx         0x0000000008001050        0x0 linker stubs

.iplt           0x0000000008001050        0x0
 .iplt          0x0000000008001050        0x0 c:/st/stm32cubeide_1.5.0/stm32cubeide/plugins/com.st.stm32cube.ide.mcu.externaltools.gnu-tools-for-stm32.9-2020-q2-update.win32_1.5.0.202011040924/tools/bin/../lib/gcc/arm-none-eabi/9.3.1/thumb/v7-m/nofp/crtbegin.o

.rodata         0x0000000008001050      0x50c
                0x0000000008001050                . = ALIGN (0x4)
 *(.rodata)
 *(.rodata*)
 .rodata.Ascii_Tab_12864
                0x0000000008001050      0x500 My/Application/Ascii_Tab_12864.o
                0x0000000008001050                Ascii_Tab_12864
 .rodata.HardFault_Handler.str1.1
                0x0000000008001550        0xa My/Perif_Drv/sys_ST.o
                0x000000000800155c                . = ALIGN (0x4)
 *fill*         0x000000000800155a        0x2 

.rel.dyn        0x000000000800155c        0x0
 .rel.iplt      0x000000000800155c        0x0 c:/st/stm32cubeide_1.5.0/stm32cubeide/plugins/com.st.stm32cube.ide.mcu.externaltools.gnu-tools-for-stm32.9-2020-q2-update.win32_1.5.0.202011040924/tools/bin/../lib/gcc/arm-none-eabi/9.3.1/thumb/v7-m/nofp/crtbegin.o

.ARM.extab      0x000000000800155c        0x0
                0x000000000800155c                . = ALIGN (0x4)
 *(.ARM.extab* .gnu.linkonce.armextab.*)
                0x000000000800155c                . = ALIGN (0x4)

.ARM            0x000000000800155c        0x0
                0x000000000800155c                . = ALIGN (0x4)
                0x000000000800155c                __exidx_start = .
 *(.ARM.exidx*)
                0x000000000800155c                __exidx_end = .
                0x000000000800155c                . = ALIGN (0x4)

.preinit_array  0x000000000800155c        0x0
                0x000000000800155c                . = ALIGN (0x4)
                0x000000000800155c                PROVIDE (__preinit_array_start = .)
 *(.preinit_array*)
                0x000000000800155c                PROVIDE (__preinit_array_end = .)
                0x000000000800155c                . = ALIGN (0x4)

.init_array     0x000000000800155c        0x4
                0x000000000800155c                . = ALIGN (0x4)
                0x000000000800155c                PROVIDE (__init_array_start = .)
 *(SORT_BY_NAME(.init_array.*))
 *(.init_array*)
 .init_array    0x000000000800155c        0x4 c:/st/stm32cubeide_1.5.0/stm32cubeide/plugins/com.st.stm32cube.ide.mcu.externaltools.gnu-tools-for-stm32.9-2020-q2-update.win32_1.5.0.202011040924/tools/bin/../lib/gcc/arm-none-eabi/9.3.1/thumb/v7-m/nofp/crtbegin.o
                0x0000000008001560                PROVIDE (__init_array_end = .)
                0x0000000008001560                . = ALIGN (0x4)

.fini_array     0x0000000008001560        0x4
                0x0000000008001560                . = ALIGN (0x4)
                [!provide]                        PROVIDE (__fini_array_start = .)
 *(SORT_BY_NAME(.fini_array.*))
 *(.fini_array*)
 .fini_array    0x0000000008001560        0x4 c:/st/stm32cubeide_1.5.0/stm32cubeide/plugins/com.st.stm32cube.ide.mcu.externaltools.gnu-tools-for-stm32.9-2020-q2-update.win32_1.5.0.202011040924/tools/bin/../lib/gcc/arm-none-eabi/9.3.1/thumb/v7-m/nofp/crtbegin.o
                [!provide]                        PROVIDE (__fini_array_end = .)
                0x0000000008001564                . = ALIGN (0x4)
                0x0000000008001564                _sidata = LOADADDR (.data)

.data           0x0000000020000000        0x4 load address 0x0000000008001564
                0x0000000020000000                . = ALIGN (0x4)
                0x0000000020000000                _sdata = .
 *(.data)
 *(.data*)
 .data.I2cDmaStateReg
                0x0000000020000000        0x1 My/Perif_Drv/i2c_ST.o
 *(.RamFunc)
 *(.RamFunc*)
                0x0000000020000004                . = ALIGN (0x4)
 *fill*         0x0000000020000001        0x3 
                0x0000000020000004                _edata = .

.igot.plt       0x0000000020000004        0x0 load address 0x0000000008001568
 .igot.plt      0x0000000020000004        0x0 c:/st/stm32cubeide_1.5.0/stm32cubeide/plugins/com.st.stm32cube.ide.mcu.externaltools.gnu-tools-for-stm32.9-2020-q2-update.win32_1.5.0.202011040924/tools/bin/../lib/gcc/arm-none-eabi/9.3.1/thumb/v7-m/nofp/crtbegin.o
                0x0000000020000004                . = ALIGN (0x4)

.bss            0x0000000020000004      0x644 load address 0x0000000008001568
                0x0000000020000004                _sbss = .
                0x0000000020000004                __bss_start__ = _sbss
 *(.bss)
 .bss           0x0000000020000004       0x1c c:/st/stm32cubeide_1.5.0/stm32cubeide/plugins/com.st.stm32cube.ide.mcu.externaltools.gnu-tools-for-stm32.9-2020-q2-update.win32_1.5.0.202011040924/tools/bin/../lib/gcc/arm-none-eabi/9.3.1/thumb/v7-m/nofp/crtbegin.o
 *(.bss*)
 .bss.BlinkReg  0x0000000020000020        0x2 My/Application/Blink.o
 .bss.blinkCount.6839
                0x0000000020000022        0x2 My/Application/Blink.o
 .bss.msCounter
                0x0000000020000024        0x4 My/Application/Delay.o
 .bss.oldStateButton.6851
                0x0000000020000028        0x1 My/Application/Encoder.o
 .bss.oldStateEncoder.6850
                0x0000000020000029        0x1 My/Application/Encoder.o
 .bss.LcdCacheIdx
                0x000000002000002a        0x2 My/Application/LcdGraphic.o
 .bss.UartTextBuffer
                0x000000002000002c       0x80 My/Application/LcdGraphic.o
 .bss.UartTextBufferIndex
                0x00000000200000ac        0x2 My/Application/LcdGraphic.o
 .bss.lcdTextBuf
                0x00000000200000ae       0x16 My/Application/LcdGraphic.o
 .bss.lcdVideoBuffer
                0x00000000200000c4      0x400 My/Application/LcdGraphic.o
 .bss.bufIndex.6855
                0x00000000200004c4        0x4 My/LCD/LM6063D.o
 .bss.count.6854
                0x00000000200004c8        0x4 My/LCD/LM6063D.o
 .bss.mScounter
                0x00000000200004cc        0x4 My/Main/main.o
 .bss.I2cIT_Buf
                0x00000000200004d0       0x20 My/Perif_Drv/i2c_ST.o
 .bss.I2cIT_State
                0x00000000200004f0        0x4 My/Perif_Drv/i2c_ST.o
 .bss.TxBufSize
                0x00000000200004f4        0x4 My/Perif_Drv/i2c_ST.o
 .bss.ptrTxBuf  0x00000000200004f8        0x4 My/Perif_Drv/i2c_ST.o
 .bss.txCount.6939
                0x00000000200004fc        0x4 My/Perif_Drv/i2c_ST.o
 .bss.ArrayTail
                0x0000000020000500        0x4 My/Sheduler/rtos.o
 .bss.TaskArray
                0x0000000020000504       0xa0 My/Sheduler/rtos.o
 .bss.TickCount
                0x00000000200005a4        0x4 My/Sheduler/rtos.o
 *(COMMON)
 COMMON         0x00000000200005a8       0xa0 My/Main/main.o
                0x00000000200005a8                PID
                0x00000000200005bc                Sensor_2
                0x00000000200005d4                Encoder
                0x0000000020000600                DS2782
                0x0000000020000618                Sensor_3
                0x0000000020000630                Sensor_1
                0x0000000020000648                . = ALIGN (0x4)
                0x0000000020000648                _ebss = .
                0x0000000020000648                __bss_end__ = _ebss

._user_heap_stack
                0x0000000020000648      0x600 load address 0x0000000008001568
                0x0000000020000648                . = ALIGN (0x8)
                [!provide]                        PROVIDE (end = .)
                [!provide]                        PROVIDE (_end = .)
                0x0000000020000848                . = (. + _Min_Heap_Size)
 *fill*         0x0000000020000648      0x200 
                0x0000000020000c48                . = (. + _Min_Stack_Size)
 *fill*         0x0000000020000848      0x400 
                0x0000000020000c48                . = ALIGN (0x8)

/DISCARD/
 libc.a(*)
 libm.a(*)
 libgcc.a(*)

.ARM.attributes
                0x0000000000000000       0x29
 *(.ARM.attributes)
 .ARM.attributes
                0x0000000000000000       0x1d c:/st/stm32cubeide_1.5.0/stm32cubeide/plugins/com.st.stm32cube.ide.mcu.externaltools.gnu-tools-for-stm32.9-2020-q2-update.win32_1.5.0.202011040924/tools/bin/../lib/gcc/arm-none-eabi/9.3.1/thumb/v7-m/nofp/crti.o
 .ARM.attributes
                0x000000000000001d       0x2d c:/st/stm32cubeide_1.5.0/stm32cubeide/plugins/com.st.stm32cube.ide.mcu.externaltools.gnu-tools-for-stm32.9-2020-q2-update.win32_1.5.0.202011040924/tools/bin/../lib/gcc/arm-none-eabi/9.3.1/thumb/v7-m/nofp/crtbegin.o
 .ARM.attributes
                0x000000000000004a       0x33 My/Application/Ascii_Tab_12864.o
 .ARM.attributes
                0x000000000000007d       0x2d My/Application/Blink.o
 .ARM.attributes
                0x00000000000000aa       0x2d My/Application/DS2782.o
 .ARM.attributes
                0x00000000000000d7       0x2d My/Application/Delay.o
 .ARM.attributes
                0x0000000000000104       0x2d My/Application/Encoder.o
 .ARM.attributes
                0x0000000000000131       0x2d My/Application/LcdGraphic.o
 .ARM.attributes
                0x000000000000015e       0x2d My/Application/PID.o
 .ARM.attributes
                0x000000000000018b       0x2d My/CMSIS/system_stm32f1xx.o
 .ARM.attributes
                0x00000000000001b8       0x2d My/LCD/LM6063D.o
 .ARM.attributes
                0x00000000000001e5       0x2d My/Main/main.o
 .ARM.attributes
                0x0000000000000212       0x2d My/Perif_Drv/gpio_ST.o
 .ARM.attributes
                0x000000000000023f       0x2d My/Perif_Drv/i2c_ST.o
 .ARM.attributes
                0x000000000000026c       0x2d My/Perif_Drv/spi_ST.o
 .ARM.attributes
                0x0000000000000299       0x2d My/Perif_Drv/sys_ST.o
 .ARM.attributes
                0x00000000000002c6       0x2d My/Perif_Drv/sys_tick_ST.o
 .ARM.attributes
                0x00000000000002f3       0x2d My/Perif_Drv/timers_ST.o
 .ARM.attributes
                0x0000000000000320       0x2d My/Perif_Drv/uart_ST.o
 .ARM.attributes
                0x000000000000034d       0x2d My/Sheduler/rtos.o
 .ARM.attributes
                0x000000000000037a       0x21 My/Startup/startup_stm32f103rbtx.o
 .ARM.attributes
                0x000000000000039b       0x2d c:/st/stm32cubeide_1.5.0/stm32cubeide/plugins/com.st.stm32cube.ide.mcu.externaltools.gnu-tools-for-stm32.9-2020-q2-update.win32_1.5.0.202011040924/tools/bin/../lib/gcc/arm-none-eabi/9.3.1/../../../../arm-none-eabi/lib/thumb/v7-m/nofp\libc_nano.a(lib_a-init.o)
 .ARM.attributes
                0x00000000000003c8       0x1d c:/st/stm32cubeide_1.5.0/stm32cubeide/plugins/com.st.stm32cube.ide.mcu.externaltools.gnu-tools-for-stm32.9-2020-q2-update.win32_1.5.0.202011040924/tools/bin/../lib/gcc/arm-none-eabi/9.3.1/thumb/v7-m/nofp/crtn.o
OUTPUT(f103rbt6_RF_Module_HC12.elf elf32-littlearm)
LOAD linker stubs
LOAD c:/st/stm32cubeide_1.5.0/stm32cubeide/plugins/com.st.stm32cube.ide.mcu.externaltools.gnu-tools-for-stm32.9-2020-q2-update.win32_1.5.0.202011040924/tools/bin/../lib/gcc/arm-none-eabi/9.3.1/../../../../arm-none-eabi/lib/thumb/v7-m/nofp\libc.a
LOAD c:/st/stm32cubeide_1.5.0/stm32cubeide/plugins/com.st.stm32cube.ide.mcu.externaltools.gnu-tools-for-stm32.9-2020-q2-update.win32_1.5.0.202011040924/tools/bin/../lib/gcc/arm-none-eabi/9.3.1/../../../../arm-none-eabi/lib/thumb/v7-m/nofp\libm.a
LOAD c:/st/stm32cubeide_1.5.0/stm32cubeide/plugins/com.st.stm32cube.ide.mcu.externaltools.gnu-tools-for-stm32.9-2020-q2-update.win32_1.5.0.202011040924/tools/bin/../lib/gcc/arm-none-eabi/9.3.1/thumb/v7-m/nofp\libgcc.a

.comment        0x0000000000000000       0x53
 .comment       0x0000000000000000       0x53 My/Application/Ascii_Tab_12864.o
                                         0x54 (size before relaxing)
 .comment       0x0000000000000053       0x54 My/Application/Blink.o
 .comment       0x0000000000000053       0x54 My/Application/DS2782.o
 .comment       0x0000000000000053       0x54 My/Application/Delay.o
 .comment       0x0000000000000053       0x54 My/Application/Encoder.o
 .comment       0x0000000000000053       0x54 My/Application/LcdGraphic.o
 .comment       0x0000000000000053       0x54 My/Application/PID.o
 .comment       0x0000000000000053       0x54 My/CMSIS/system_stm32f1xx.o
 .comment       0x0000000000000053       0x54 My/LCD/LM6063D.o
 .comment       0x0000000000000053       0x54 My/Main/main.o
 .comment       0x0000000000000053       0x54 My/Perif_Drv/gpio_ST.o
 .comment       0x0000000000000053       0x54 My/Perif_Drv/i2c_ST.o
 .comment       0x0000000000000053       0x54 My/Perif_Drv/spi_ST.o
 .comment       0x0000000000000053       0x54 My/Perif_Drv/sys_ST.o
 .comment       0x0000000000000053       0x54 My/Perif_Drv/sys_tick_ST.o
 .comment       0x0000000000000053       0x54 My/Perif_Drv/timers_ST.o
 .comment       0x0000000000000053       0x54 My/Perif_Drv/uart_ST.o
 .comment       0x0000000000000053       0x54 My/Sheduler/rtos.o

.debug_frame    0x0000000000000000       0x2c
 .debug_frame   0x0000000000000000       0x2c c:/st/stm32cubeide_1.5.0/stm32cubeide/plugins/com.st.stm32cube.ide.mcu.externaltools.gnu-tools-for-stm32.9-2020-q2-update.win32_1.5.0.202011040924/tools/bin/../lib/gcc/arm-none-eabi/9.3.1/../../../../arm-none-eabi/lib/thumb/v7-m/nofp\libc_nano.a(lib_a-init.o)
