../My/Main/main.c:57:6:map	24	static
../My/Main/main.c:63:9:map_I32	24	static
../My/Main/main.c:91:6:Lcd_AnalogScale	56	static
../My/Main/main.c:133:6:Lcd_HorizontalProgressBar	40	static
../My/Main/main.c:168:6:IncrementOnEachPass	32	static
../My/Main/main.c:184:10:Led_Blink	24	static
../My/Main/main.c:197:6:Temperature_Display	24	static
../My/Main/main.c:214:6:Temperature_TxtDisplay	24	static
../My/Main/main.c:229:6:Time_Display	16	static
../My/Main/main.c:249:9:Battery_GetPercentCharge	24	static
../My/Main/main.c:264:6:Task_DS2782	8	static
../My/Main/main.c:276:6:Task_DS2782_Display	24	static
../My/Main/main.c:373:6:Task_DataDisplay	24	static
../My/Main/main.c:447:6:Task_AnalogMeter	24	static
../My/Main/main.c:477:6:Task_Motor	16	static
../My/Main/main.c:501:6:Task_DisplayPageSelect	8	static
../My/Main/main.c:553:6:ADS1x15_Init	16	static
../My/Main/main.c:563:5:main	8	static,ignoring_inline_asm
../My/Main/main.c:620:6:SysTick_IT_Handler	8	static
