../My/Main/main.c:55:6:map	24	static
../My/Main/main.c:61:9:map_I32	24	static
../My/Main/main.c:89:6:Lcd_AnalogScale	56	static
../My/Main/main.c:131:6:Lcd_HorizontalProgressBar	40	static
../My/Main/main.c:166:6:IncrementOnEachPass	32	static
../My/Main/main.c:182:10:Led_Blink	24	static
../My/Main/main.c:195:6:Temperature_Display	24	static
../My/Main/main.c:212:6:Temperature_TxtDisplay	24	static
../My/Main/main.c:227:6:Time_Display	16	static
../My/Main/main.c:247:9:Battery_GetPercentCharge	24	static
../My/Main/main.c:262:6:Task_DS2782	8	static
../My/Main/main.c:274:6:Task_DS2782_Display	24	static
../My/Main/main.c:371:6:Task_MCUv7DataDisplay	24	static
../My/Main/main.c:443:6:Task_AnalogMeter	24	static
../My/Main/main.c:473:6:Task_Motor	16	static
../My/Main/main.c:497:6:Task_DisplayPageSelect	8	static
../My/Main/main.c:547:5:main	8	static,ignoring_inline_asm
../My/Main/main.c:604:6:SysTick_IT_Handler	8	static
