../My/Display/Lcd_i2c_1602.c:9:13:lcd_send_tetrad	24	static
../My/Display/Lcd_i2c_1602.c:30:13:lcd_send	16	static
../My/Display/Lcd_i2c_1602.c:38:6:lcd_init	8	static
../My/Display/Lcd_i2c_1602.c:60:6:lcd_clear	8	static
../My/Display/Lcd_i2c_1602.c:69:6:lcd_set_cursor	16	static
../My/Display/Lcd_i2c_1602.c:74:6:lcd_print_ch	16	static
../My/Display/Lcd_i2c_1602.c:80:6:lcd_print_string	16	static
../My/Display/Lcd_i2c_1602.c:89:6:lcd_BinToDec	24	static
../My/Display/Lcd_i2c_1602.c:113:6:lcd_BacklightON	8	static
../My/Display/Lcd_i2c_1602.c:118:6:lcd_BacklightOFF	8	static
