../My/Display/LcdGraphic.c:28:13:ClearTextBuf	16	static
../My/Display/LcdGraphic.c:36:6:Lcd_Init	8	static
../My/Display/LcdGraphic.c:43:6:Lcd_Update	8	static
../My/Display/LcdGraphic.c:50:10:Lcd_pVideoBuffer	4	static
../My/Display/LcdGraphic.c:56:6:Lcd_ClearVideoBuffer	16	static
../My/Display/LcdGraphic.c:62:10:UartTextBuf	4	static
../My/Display/LcdGraphic.c:68:6:Lcd_Filling	24	static
../My/Display/LcdGraphic.c:74:6:Lcd_Pixel	24	static
../My/Display/LcdGraphic.c:94:6:Lcd_Line	48	static
../My/Display/LcdGraphic.c:164:6:Lcd_Circle	32	static
../My/Display/LcdGraphic.c:190:6:Lcd_Bar	48	static
../My/Display/LcdGraphic.c:211:6:Lcd_GotoXYFont	16	static
../My/Display/LcdGraphic.c:218:6:Lcd_Chr	24	static
../My/Display/LcdGraphic.c:234:6:Lcd_SetCursor	24	static
../My/Display/LcdGraphic.c:251:6:Lcd_ChrBold	24	static
../My/Display/LcdGraphic.c:282:6:Lcd_StringBold	24	static
../My/Display/LcdGraphic.c:293:6:Lcd_ChrBig	24	static
../My/Display/LcdGraphic.c:320:6:Lcd_StringBig	24	static
../My/Display/LcdGraphic.c:333:9:Lcd_Print	24	static
../My/Display/LcdGraphic.c:346:9:Lcd_PrintBold	24	static
../My/Display/LcdGraphic.c:359:9:Lcd_PrintBig	24	static
../My/Display/LcdGraphic.c:373:6:Lcd_Image	24	static
../My/Display/LcdGraphic.c:382:10:Lcd_BinToDec	48	static
../My/Display/LcdGraphic.c:437:10:Lcd_BinToDecWithSign	32	static
../My/Display/LcdGraphic.c:456:6:Lcd_u8ToHex	24	static
../My/Display/LcdGraphic.c:471:6:Lcd_u32ToHex	16	static
../My/Display/LcdGraphic.c:480:6:Lcd_PrintStringAndNumber	24	static
