../My/Display/ssd1306.c:17:13:ssd1306_I2C_Init	4	static
../My/Display/ssd1306.c:31:13:ssd1306_I2C_WriteDataBuf	24	static
../My/Display/ssd1306.c:45:17:ssd1306_I2C_WriteCMD	24	static
../My/Display/ssd1306.c:53:10:SSD1306_Init	16	static
../My/Display/ssd1306.c:112:6:SSD1306_UpdateScreen	24	static
../My/Display/ssd1306.c:153:6:SSD1306_ToggleInvert	16	static
../My/Display/ssd1306.c:171:6:SSD1306_Fill	16	static
../My/Display/ssd1306.c:178:6:SSD1306_DrawPixel	16	static
../My/Display/ssd1306.c:193:6:SSD1306_GotoXY	16	static
../My/Display/ssd1306.c:199:6:SSD1306_Putc	32	static
../My/Display/ssd1306.c:230:6:SSD1306_Puts	24	static
../My/Display/ssd1306.c:245:6:SSD1306_DrawLine	40	static
../My/Display/ssd1306.c:322:6:SSD1306_DrawRectangle	32	static
../My/Display/ssd1306.c:347:6:SSD1306_DrawFilledRectangle	40	static
../My/Display/ssd1306.c:374:6:SSD1306_DrawTriangle	32	static
../My/Display/ssd1306.c:381:6:SSD1306_DrawFilledTriangle	64	static
../My/Display/ssd1306.c:437:6:SSD1306_DrawCircle	40	static
../My/Display/ssd1306.c:471:6:SSD1306_DrawFilledCircle	48	static
../My/Display/ssd1306.c:502:6:SSD1306_ON	8	static
../My/Display/ssd1306.c:508:6:SSD1306_OFF	8	static
