Archive member included to satisfy reference by file (symbol)

C:/ST/STM32CubeIDE_1.14.0/STM32CubeIDE/plugins/com.st.stm32cube.ide.mcu.externaltools.gnu-tools-for-stm32.11.3.rel1.win32_1.1.100.202309141235/tools/bin/../lib/gcc/arm-none-eabi/11.3.1/../../../../arm-none-eabi/lib/thumb/v7-m/nofp\libc_nano.a(libc_a-exit.o)
                              C:/ST/STM32CubeIDE_1.14.0/STM32CubeIDE/plugins/com.st.stm32cube.ide.mcu.externaltools.gnu-tools-for-stm32.11.3.rel1.win32_1.1.100.202309141235/tools/bin/../lib/gcc/arm-none-eabi/11.3.1/../../../../arm-none-eabi/lib/thumb/v7-m/nofp/crt0.o (exit)
C:/ST/STM32CubeIDE_1.14.0/STM32CubeIDE/plugins/com.st.stm32cube.ide.mcu.externaltools.gnu-tools-for-stm32.11.3.rel1.win32_1.1.100.202309141235/tools/bin/../lib/gcc/arm-none-eabi/11.3.1/../../../../arm-none-eabi/lib/thumb/v7-m/nofp\libc_nano.a(libc_a-findfp.o)
                              C:/ST/STM32CubeIDE_1.14.0/STM32CubeIDE/plugins/com.st.stm32cube.ide.mcu.externaltools.gnu-tools-for-stm32.11.3.rel1.win32_1.1.100.202309141235/tools/bin/../lib/gcc/arm-none-eabi/11.3.1/../../../../arm-none-eabi/lib/thumb/v7-m/nofp\libc_nano.a(libc_a-exit.o) (__stdio_exit_handler)
C:/ST/STM32CubeIDE_1.14.0/STM32CubeIDE/plugins/com.st.stm32cube.ide.mcu.externaltools.gnu-tools-for-stm32.11.3.rel1.win32_1.1.100.202309141235/tools/bin/../lib/gcc/arm-none-eabi/11.3.1/../../../../arm-none-eabi/lib/thumb/v7-m/nofp\libc_nano.a(libc_a-fwalk.o)
                              C:/ST/STM32CubeIDE_1.14.0/STM32CubeIDE/plugins/com.st.stm32cube.ide.mcu.externaltools.gnu-tools-for-stm32.11.3.rel1.win32_1.1.100.202309141235/tools/bin/../lib/gcc/arm-none-eabi/11.3.1/../../../../arm-none-eabi/lib/thumb/v7-m/nofp\libc_nano.a(libc_a-findfp.o) (_fwalk_sglue)
C:/ST/STM32CubeIDE_1.14.0/STM32CubeIDE/plugins/com.st.stm32cube.ide.mcu.externaltools.gnu-tools-for-stm32.11.3.rel1.win32_1.1.100.202309141235/tools/bin/../lib/gcc/arm-none-eabi/11.3.1/../../../../arm-none-eabi/lib/thumb/v7-m/nofp\libc_nano.a(libc_a-stdio.o)
                              C:/ST/STM32CubeIDE_1.14.0/STM32CubeIDE/plugins/com.st.stm32cube.ide.mcu.externaltools.gnu-tools-for-stm32.11.3.rel1.win32_1.1.100.202309141235/tools/bin/../lib/gcc/arm-none-eabi/11.3.1/../../../../arm-none-eabi/lib/thumb/v7-m/nofp\libc_nano.a(libc_a-findfp.o) (__sread)
C:/ST/STM32CubeIDE_1.14.0/STM32CubeIDE/plugins/com.st.stm32cube.ide.mcu.externaltools.gnu-tools-for-stm32.11.3.rel1.win32_1.1.100.202309141235/tools/bin/../lib/gcc/arm-none-eabi/11.3.1/../../../../arm-none-eabi/lib/thumb/v7-m/nofp\libc_nano.a(libc_a-memset.o)
                              C:/ST/STM32CubeIDE_1.14.0/STM32CubeIDE/plugins/com.st.stm32cube.ide.mcu.externaltools.gnu-tools-for-stm32.11.3.rel1.win32_1.1.100.202309141235/tools/bin/../lib/gcc/arm-none-eabi/11.3.1/../../../../arm-none-eabi/lib/thumb/v7-m/nofp/crt0.o (memset)
C:/ST/STM32CubeIDE_1.14.0/STM32CubeIDE/plugins/com.st.stm32cube.ide.mcu.externaltools.gnu-tools-for-stm32.11.3.rel1.win32_1.1.100.202309141235/tools/bin/../lib/gcc/arm-none-eabi/11.3.1/../../../../arm-none-eabi/lib/thumb/v7-m/nofp\libc_nano.a(libc_a-closer.o)
                              C:/ST/STM32CubeIDE_1.14.0/STM32CubeIDE/plugins/com.st.stm32cube.ide.mcu.externaltools.gnu-tools-for-stm32.11.3.rel1.win32_1.1.100.202309141235/tools/bin/../lib/gcc/arm-none-eabi/11.3.1/../../../../arm-none-eabi/lib/thumb/v7-m/nofp\libc_nano.a(libc_a-stdio.o) (_close_r)
C:/ST/STM32CubeIDE_1.14.0/STM32CubeIDE/plugins/com.st.stm32cube.ide.mcu.externaltools.gnu-tools-for-stm32.11.3.rel1.win32_1.1.100.202309141235/tools/bin/../lib/gcc/arm-none-eabi/11.3.1/../../../../arm-none-eabi/lib/thumb/v7-m/nofp\libc_nano.a(libc_a-reent.o)
                              C:/ST/STM32CubeIDE_1.14.0/STM32CubeIDE/plugins/com.st.stm32cube.ide.mcu.externaltools.gnu-tools-for-stm32.11.3.rel1.win32_1.1.100.202309141235/tools/bin/../lib/gcc/arm-none-eabi/11.3.1/../../../../arm-none-eabi/lib/thumb/v7-m/nofp\libc_nano.a(libc_a-closer.o) (errno)
C:/ST/STM32CubeIDE_1.14.0/STM32CubeIDE/plugins/com.st.stm32cube.ide.mcu.externaltools.gnu-tools-for-stm32.11.3.rel1.win32_1.1.100.202309141235/tools/bin/../lib/gcc/arm-none-eabi/11.3.1/../../../../arm-none-eabi/lib/thumb/v7-m/nofp\libc_nano.a(libc_a-impure.o)
                              C:/ST/STM32CubeIDE_1.14.0/STM32CubeIDE/plugins/com.st.stm32cube.ide.mcu.externaltools.gnu-tools-for-stm32.11.3.rel1.win32_1.1.100.202309141235/tools/bin/../lib/gcc/arm-none-eabi/11.3.1/../../../../arm-none-eabi/lib/thumb/v7-m/nofp\libc_nano.a(libc_a-reent.o) (_impure_ptr)
C:/ST/STM32CubeIDE_1.14.0/STM32CubeIDE/plugins/com.st.stm32cube.ide.mcu.externaltools.gnu-tools-for-stm32.11.3.rel1.win32_1.1.100.202309141235/tools/bin/../lib/gcc/arm-none-eabi/11.3.1/../../../../arm-none-eabi/lib/thumb/v7-m/nofp\libc_nano.a(libc_a-lseekr.o)
[...]
Memory Configuration

Name             Origin             Length             Attributes
RAM              0x0000000020000000 0x0000000000005000 xrw
FLASH            0x0000000008000000 0x0000000000020000 xr
*default*        0x0000000000000000 0xffffffffffffffff

Linker script and memory map

LOAD C:/ST/STM32CubeIDE_1.14.0/STM32CubeIDE/plugins/com.st.stm32cube.ide.mcu.externaltools.gnu-tools-for-stm32.11.3.rel1.win32_1.1.100.202309141235/tools/bin/../lib/gcc/arm-none-eabi/11.3.1/thumb/v7-m/nofp/crti.o
LOAD C:/ST/STM32CubeIDE_1.14.0/STM32CubeIDE/plugins/com.st.stm32cube.ide.mcu.externaltools.gnu-tools-for-stm32.11.3.rel1.win32_1.1.100.202309141235/tools/bin/../lib/gcc/arm-none-eabi/11.3.1/thumb/v7-m/nofp/crtbegin.o
LOAD C:/ST/STM32CubeIDE_1.14.0/STM32CubeIDE/plugins/com.st.stm32cube.ide.mcu.externaltools.gnu-tools-for-stm32.11.3.rel1.win32_1.1.100.202309141235/tools/bin/../lib/gcc/arm-none-eabi/11.3.1/../../../../arm-none-eabi/lib/thumb/v7-m/nofp/crt0.o
LOAD ./MCUv7/GpioMCU.o
LOAD ./MCUv7/Protocol_I2C.o
LOAD ./My/Application/AHT10.o
LOAD ./My/Application/Blink.o
LOAD ./My/Application/Buttons.o
LOAD ./My/Application/Config.o
LOAD ./My/Application/Crc.o
LOAD ./My/Application/DS18B20.o
LOAD ./My/Application/DS2782.o
LOAD ./My/Application/Delay.o
LOAD ./My/Application/Encoder.o
LOAD ./My/Application/Filters.o
LOAD ./My/Application/MyString.o
LOAD ./My/Application/PID.o
LOAD ./My/Application/Time.o
LOAD ./My/CMSIS/system_stm32f1xx.o
LOAD ./My/Display/Ascii_Tab_12864.o
LOAD ./My/Display/LM6063D.o
LOAD ./My/Display/LcdGraphic.o
LOAD ./My/Display/Lcd_TIC32.o
LOAD ./My/Display/Lcd_i2c_1602.o
LOAD ./My/Display/fonts.o
LOAD ./My/Display/ssd1306.o
LOAD ./My/Main/main.o
LOAD ./My/STM32_Perif/adc_ST.o
LOAD ./My/STM32_Perif/dma_ST.o
LOAD ./My/STM32_Perif/flash_ST.o
LOAD ./My/STM32_Perif/gpio_ST.o
LOAD ./My/STM32_Perif/i2c_ST.o
LOAD ./My/STM32_Perif/rtc_ST.o
LOAD ./My/STM32_Perif/spi_ST.o
LOAD ./My/STM32_Perif/stm32f10x_it.o
LOAD ./My/STM32_Perif/sys_ST.o
LOAD ./My/STM32_Perif/sys_tick_ST.o
LOAD ./My/STM32_Perif/timers_ST.o
LOAD ./My/STM32_Perif/uart_ST.o
LOAD ./My/Sheduler/rtos.o
LOAD ./My/Startup/startup_stm32f103rbtx.o
START GROUP
LOAD C:/ST/STM32CubeIDE_1.14.0/STM32CubeIDE/plugins/com.st.stm32cube.ide.mcu.externaltools.gnu-tools-for-stm32.11.3.rel1.win32_1.1.100.202309141235/tools/bin/../lib/gcc/arm-none-eabi/11.3.1/../../../../arm-none-eabi/lib/thumb/v7-m/nofp\libc_nano.a
LOAD C:/ST/STM32CubeIDE_1.14.0/STM32CubeIDE/plugins/com.st.stm32cube.ide.mcu.externaltools.gnu-tools-for-stm32.11.3.rel1.win32_1.1.100.202309141235/tools/bin/../lib/gcc/arm-none-eabi/11.3.1/../../../../arm-none-eabi/lib/thumb/v7-m/nofp\libm.a
END GROUP
START GROUP
LOAD C:/ST/STM32CubeIDE_1.14.0/STM32CubeIDE/plugins/com.st.stm32cube.ide.mcu.externaltools.gnu-tools-for-stm32.11.3.rel1.win32_1.1.100.202309141235/tools/bin/../lib/gcc/arm-none-eabi/11.3.1/thumb/v7-m/nofp\libgcc.a
LOAD C:/ST/STM32CubeIDE_1.14.0/STM32CubeIDE/plugins/com.st.stm32cube.ide.mcu.externaltools.gnu-tools-for-stm32.11.3.rel1.win32_1.1.100.202309141235/tools/bin/../lib/gcc/arm-none-eabi/11.3.1/../../../../arm-none-eabi/lib/thumb/v7-m/nofp\libc_nano.a
END GROUP
START GROUP
LOAD C:/ST/STM32CubeIDE_1.14.0/STM32CubeIDE/plugins/com.st.stm32cube.ide.mcu.externaltools.gnu-tools-for-stm32.11.3.rel1.win32_1.1.100.202309141235/tools/bin/../lib/gcc/arm-none-eabi/11.3.1/thumb/v7-m/nofp\libgcc.a
LOAD C:/ST/STM32CubeIDE_1.14.0/STM32CubeIDE/plugins/com.st.stm32cube.ide.mcu.externaltools.gnu-tools-for-stm32.11.3.rel1.win32_1.1.100.202309141235/tools/bin/../lib/gcc/arm-none-eabi/11.3.1/../../../../arm-none-eabi/lib/thumb/v7-m/nofp\libc_nano.a
LOAD C:/ST/STM32CubeIDE_1.14.0/STM32CubeIDE/plugins/com.st.stm32cube.ide.mcu.externaltools.gnu-tools-for-stm32.11.3.rel1.win32_1.1.100.202309141235/tools/bin/../lib/gcc/arm-none-eabi/11.3.1/../../../../arm-none-eabi/lib/thumb/v7-m/nofp\libnosys.a
END GROUP
START GROUP
LOAD C:/ST/STM32CubeIDE_1.14.0/STM32CubeIDE/plugins/com.st.stm32cube.ide.mcu.externaltools.gnu-tools-for-stm32.11.3.rel1.win32_1.1.100.202309141235/tools/bin/../lib/gcc/arm-none-eabi/11.3.1/thumb/v7-m/nofp\libgcc.a
LOAD C:/ST/STM32CubeIDE_1.14.0/STM32CubeIDE/plugins/com.st.stm32cube.ide.mcu.externaltools.gnu-tools-for-stm32.11.3.rel1.win32_1.1.100.202309141235/tools/bin/../lib/gcc/arm-none-eabi/11.3.1/../../../../arm-none-eabi/lib/thumb/v7-m/nofp\libc_nano.a
LOAD C:/ST/STM32CubeIDE_1.14.0/STM32CubeIDE/plugins/com.st.stm32cube.ide.mcu.externaltools.gnu-tools-for-stm32.11.3.rel1.win32_1.1.100.202309141235/tools/bin/../lib/gcc/arm-none-eabi/11.3.1/../../../../arm-none-eabi/lib/thumb/v7-m/nofp\libnosys.a
END GROUP
LOAD C:/ST/STM32CubeIDE_1.14.0/STM32CubeIDE/plugins/com.st.stm32cube.ide.mcu.externaltools.gnu-tools-for-stm32.11.3.rel1.win32_1.1.100.202309141235/tools/bin/../lib/gcc/arm-none-eabi/11.3.1/thumb/v7-m/nofp/crtend.o
LOAD C:/ST/STM32CubeIDE_1.14.0/STM32CubeIDE/plugins/com.st.stm32cube.ide.mcu.externaltools.gnu-tools-for-stm32.11.3.rel1.win32_1.1.100.202309141235/tools/bin/../lib/gcc/arm-none-eabi/11.3.1/thumb/v7-m/nofp/crtn.o
                0x0000000020005000                _estack = (ORIGIN (RAM) + LENGTH (RAM))
                0x0000000000000000                _Min_Heap_Size = 0x0
                0x0000000000000200                _Min_Stack_Size = 0x200

.isr_vector     0x0000000008000000      0x130
                0x0000000008000000                . = ALIGN (0x4)
 *(.isr_vector)
 .isr_vector    0x0000000008000000      0x130 ./My/Startup/startup_stm32f103rbtx.o
                0x0000000008000000                g_pfnVectors
                0x0000000008000130                . = ALIGN (0x4)

.text           0x0000000008000130     0x52c8
                0x0000000008000130                . = ALIGN (0x4)
 *(.text)
 .text          0x0000000008000130       0x40 C:/ST/STM32CubeIDE_1.14.0/STM32CubeIDE/plugins/com.st.stm32cube.ide.mcu.externaltools.gnu-tools-for-stm32.11.3.rel1.win32_1.1.100.202309141235/tools/bin/../lib/gcc/arm-none-eabi/11.3.1/thumb/v7-m/nofp/crtbegin.o
 .text          0x0000000008000170      0x168 C:/ST/STM32CubeIDE_1.14.0/STM32CubeIDE/plugins/com.st.stm32cube.ide.mcu.externaltools.gnu-tools-for-stm32.11.3.rel1.win32_1.1.100.202309141235/tools/bin/../lib/gcc/arm-none-eabi/11.3.1/thumb/v7-m/nofp\libgcc.a(_arm_mulsf3.o)
                0x0000000008000170                __aeabi_fmul
                0x0000000008000170                __mulsf3
 .text          0x00000000080002d8      0x378 C:/ST/STM32CubeIDE_1.14.0/STM32CubeIDE/plugins/com.st.stm32cube.ide.mcu.externaltools.gnu-tools-for-stm32.11.3.rel1.win32_1.1.100.202309141235/tools/bin/../lib/gcc/arm-none-eabi/11.3.1/thumb/v7-m/nofp\libgcc.a(_arm_addsubdf3.o)
                0x00000000080002d8                __aeabi_drsub
                0x00000000080002e0                __aeabi_dsub
                0x00000000080002e0                __subdf3
                0x00000000080002e4                __aeabi_dadd
                0x00000000080002e4                __adddf3
                0x000000000800055c                __floatunsidf
                0x000000000800055c                __aeabi_ui2d
                0x000000000800057c                __floatsidf
                0x000000000800057c                __aeabi_i2d
                0x00000000080005a0                __aeabi_f2d
                0x00000000080005a0                __extendsfdf2
                0x00000000080005e4                __floatundidf
                0x00000000080005e4                __aeabi_ul2d
                0x00000000080005f4                __floatdidf
                0x00000000080005f4                __aeabi_l2d
 .text          0x0000000008000650      0x110 C:/ST/STM32CubeIDE_1.14.0/STM32CubeIDE/plugins/com.st.stm32cube.ide.mcu.externaltools.gnu-tools-for-stm32.11.3.rel1.win32_1.1.100.202309141235/tools/bin/../lib/gcc/arm-none-eabi/11.3.1/thumb/v7-m/nofp\libgcc.a(_arm_cmpdf2.o)
                0x0000000008000650                __gtdf2
                0x0000000008000650                __gedf2
                0x0000000008000658                __ltdf2
                0x0000000008000658                __ledf2
                0x0000000008000660                __nedf2
                0x0000000008000660                __eqdf2
                0x0000000008000660                __cmpdf2
                0x00000000080006dc                __aeabi_cdrcmple
                0x00000000080006ec                __aeabi_cdcmpeq
                0x00000000080006ec                __aeabi_cdcmple
                0x00000000080006fc                __aeabi_dcmpeq
                0x0000000008000710                __aeabi_dcmplt
                0x0000000008000724                __aeabi_dcmple
                0x0000000008000738                __aeabi_dcmpge
                0x000000000800074c                __aeabi_dcmpgt
 .text          0x0000000008000760       0xa0 C:/ST/STM32CubeIDE_1.14.0/STM32CubeIDE/plugins/com.st.stm32cube.ide.mcu.externaltools.gnu-tools-for-stm32.11.3.rel1.win32_1.1.100.202309141235/tools/bin/../lib/gcc/arm-none-eabi/11.3.1/thumb/v7-m/nofp\libgcc.a(_arm_truncdfsf2.o)
                0x0000000008000760                __truncdfsf2
                0x0000000008000760                __aeabi_d2f
 .text          0x0000000008000800      0x21c C:/ST/STM32CubeIDE_1.14.0/STM32CubeIDE/plugins/com.st.stm32cube.ide.mcu.externaltools.gnu-tools-for-stm32.11.3.rel1.win32_1.1.100.202309141235/tools/bin/../lib/gcc/arm-none-eabi/11.3.1/thumb/v7-m/nofp\libgcc.a(_arm_addsubsf3.o)
                0x0000000008000800                __aeabi_frsub
                0x0000000008000808                __subsf3
                0x0000000008000808                __aeabi_fsub
                0x000000000800080c                __aeabi_fadd
                0x000000000800080c                __addsf3
                0x000000000800096c                __aeabi_ui2f
                0x000000000800096c                __floatunsisf
                0x0000000008000974                __aeabi_i2f
                0x0000000008000974                __floatsisf
                0x0000000008000990                __aeabi_ul2f
                0x0000000008000990                __floatundisf
                0x00000000080009a0                __aeabi_l2f
                0x00000000080009a0                __floatdisf
 .text          0x0000000008000a1c       0xec C:/ST/STM32CubeIDE_1.14.0/STM32CubeIDE/plugins/com.st.stm32cube.ide.mcu.externaltools.gnu-tools-for-stm32.11.3.rel1.win32_1.1.100.202309141235/tools/bin/../lib/gcc/arm-none-eabi/11.3.1/thumb/v7-m/nofp\libgcc.a(_arm_cmpsf2.o)
                0x0000000008000a1c                __gesf2
                0x0000000008000a1c                __gtsf2
                0x0000000008000a24                __lesf2
                0x0000000008000a24                __ltsf2
                0x0000000008000a2c                __nesf2
                0x0000000008000a2c                __eqsf2
                0x0000000008000a2c                __cmpsf2
                0x0000000008000a8c                __aeabi_cfrcmple
                0x0000000008000a94                __aeabi_cfcmpeq
                0x0000000008000a94                __aeabi_cfcmple
                0x0000000008000aa4                __aeabi_fcmpeq
                0x0000000008000ab8                __aeabi_fcmplt
                0x0000000008000acc                __aeabi_fcmple
                0x0000000008000ae0                __aeabi_fcmpge
                0x0000000008000af4                __aeabi_fcmpgt
 .text          0x0000000008000b08       0x4c C:/ST/STM32CubeIDE_1.14.0/STM32CubeIDE/plugins/com.st.stm32cube.ide.mcu.externaltools.gnu-tools-for-stm32.11.3.rel1.win32_1.1.100.202309141235/tools/bin/../lib/gcc/arm-none-eabi/11.3.1/thumb/v7-m/nofp\libgcc.a(_arm_fixsfsi.o)
                0x0000000008000b08                __aeabi_f2iz
                0x0000000008000b08                __fixsfsi
 *(.text*)
 .text.GPIO_MCU_Init
                0x0000000008000b54       0x20 ./MCUv7/GpioMCU.o
                0x0000000008000b54                GPIO_MCU_Init
 .text.I2cRxParsing
                0x0000000008000b74      0x200 ./MCUv7/Protocol_I2C.o
 .text.I2cTxParsing
                0x0000000008000d74        0xc ./MCUv7/Protocol_I2C.o
 .text.PROTOCOL_MASTER_I2C_Init
                0x0000000008000d80       0x40 ./MCUv7/Protocol_I2C.o
                0x0000000008000d80                PROTOCOL_MASTER_I2C_Init
 .text.PROTOCOL_MASTER_I2C_RequestToMCU
                0x0000000008000dc0      0x288 ./MCUv7/Protocol_I2C.o
                0x0000000008000dc0                PROTOCOL_MASTER_I2C_RequestToMCU
 .text.PROTOCOL_MASTER_I2C_GetI2cNacCount
                0x0000000008001048       0x18 ./MCUv7/Protocol_I2C.o
                0x0000000008001048                PROTOCOL_MASTER_I2C_GetI2cNacCount
 .text.PROTOCOL_MASTER_I2C_GetDataMCU
                0x0000000008001060       0x14 ./MCUv7/Protocol_I2C.o
                0x0000000008001060                PROTOCOL_MASTER_I2C_GetDataMCU
 .text.Blink_Loop
                0x0000000008001074      0x114 ./My/Application/Blink.o
                0x0000000008001074                Blink_Loop
 .text._config_SaveToFlash
                0x0000000008001188       0x54 ./My/Application/Config.o
                0x0000000008001188                _config_SaveToFlash
 .text.Config_SaveLoop
                0x00000000080011dc       0x38 ./My/Application/Config.o
                0x00000000080011dc                Config_SaveLoop
 .text.CRC8_FastCalculate
                0x0000000008001214       0x40 ./My/Application/Crc.o
                0x0000000008001214                CRC8_FastCalculate
 .text.CRC_Calculate
                0x0000000008001254       0x1c ./My/Application/Crc.o
                0x0000000008001254                CRC_Calculate
 .text.TemperatureSens_Sign
                0x0000000008001270       0x16 ./My/Application/DS18B20.o
                0x0000000008001270                TemperatureSens_Sign
 *fill*         0x0000000008001286        0x2 
 .text._ds2782_ReadData
                0x0000000008001288       0x58 ./My/Application/DS2782.o
 .text._ds2782_WriteData
                0x00000000080012e0       0x2c ./My/Application/DS2782.o
 .text.DS2782_Init
                0x000000000800130c       0x24 ./My/Application/DS2782.o
                0x000000000800130c                DS2782_Init
 .text.DS2782_GetTemperature
                0x0000000008001330       0x40 ./My/Application/DS2782.o
                0x0000000008001330                DS2782_GetTemperature
 .text.DS2782_GetVoltage
                0x0000000008001370       0x54 ./My/Application/DS2782.o
                0x0000000008001370                DS2782_GetVoltage
 .text.msDelay_Loop
                0x00000000080013c4       0x1c ./My/Application/Delay.o
                0x00000000080013c4                msDelay_Loop
 .text.DELAY_Init
                0x00000000080013e0       0x34 ./My/Application/Delay.o
                0x00000000080013e0                DELAY_Init
 .text.DELAY_microS
                0x0000000008001414       0x44 ./My/Application/Delay.o
                0x0000000008001414                DELAY_microS
 .text.DELAY_milliS
                0x0000000008001458       0x20 ./My/Application/Delay.o
                0x0000000008001458                DELAY_milliS
 .text._encoder_GpioInit
                0x0000000008001478      0x110 ./My/Application/Encoder.o
 .text.ENCODER_Init
                0x0000000008001588       0x4c ./My/Application/Encoder.o
                0x0000000008001588                ENCODER_Init
 .text.ENCODER_ScanLoop
                0x00000000080015d4       0xfc ./My/Application/Encoder.o
                0x00000000080015d4                ENCODER_ScanLoop
 .text.ENCODER_IncDecParam
                0x00000000080016d0       0x72 ./My/Application/Encoder.o
                0x00000000080016d0                ENCODER_IncDecParam
 .text.ENCODER_GetButton
                0x0000000008001742       0x16 ./My/Application/Encoder.o
                0x0000000008001742                ENCODER_GetButton
 .text.TIME_Calculation
                0x0000000008001758       0x9c ./My/Application/Time.o
                0x0000000008001758                TIME_Calculation
 .text.SystemInit
                0x00000000080017f4       0x68 ./My/CMSIS/system_stm32f1xx.o
                0x00000000080017f4                SystemInit
 .text.Lm6063LcdPause
                0x000000000800185c       0x24 ./My/Display/LM6063D.o
 .text.Lm6063LcdGpioInit
                0x0000000008001880       0x50 ./My/Display/LM6063D.o
 .text.Lm6063LcdSendByte
                0x00000000080018d0       0x54 ./My/Display/LM6063D.o
 .text.Lm6063LcdInit
                0x0000000008001924       0xa8 ./My/Display/LM6063D.o
                0x0000000008001924                Lm6063LcdInit
 .text.Lm6063LcdUpdate
                0x00000000080019cc       0x98 ./My/Display/LM6063D.o
                0x00000000080019cc                Lm6063LcdUpdate
 .text.ClearTextBuf
                0x0000000008001a64       0x30 ./My/Display/LcdGraphic.o
 .text.Lcd_Init
                0x0000000008001a94        0xc ./My/Display/LcdGraphic.o
                0x0000000008001a94                Lcd_Init
 .text.Lcd_Update
                0x0000000008001aa0       0x14 ./My/Display/LcdGraphic.o
                0x0000000008001aa0                Lcd_Update
 .text.Lcd_ClearVideoBuffer
                0x0000000008001ab4       0x34 ./My/Display/LcdGraphic.o
                0x0000000008001ab4                Lcd_ClearVideoBuffer
 .text.Lcd_Pixel
                0x0000000008001ae8       0xc0 ./My/Display/LcdGraphic.o
                0x0000000008001ae8                Lcd_Pixel
 .text.Lcd_Line
                0x0000000008001ba8      0x15c ./My/Display/LcdGraphic.o
                0x0000000008001ba8                Lcd_Line
 .text.Lcd_GotoXYFont
                0x0000000008001d04       0x50 ./My/Display/LcdGraphic.o
                0x0000000008001d04                Lcd_GotoXYFont
 .text.Lcd_Chr  0x0000000008001d54       0x84 ./My/Display/LcdGraphic.o
                0x0000000008001d54                Lcd_Chr
 .text.Lcd_SetCursor
                0x0000000008001dd8       0x6c ./My/Display/LcdGraphic.o
                0x0000000008001dd8                Lcd_SetCursor
 .text.Lcd_ChrBold
                0x0000000008001e44      0x190 ./My/Display/LcdGraphic.o
                0x0000000008001e44                Lcd_ChrBold
 .text.Lcd_ChrBig
                0x0000000008001fd4      0x164 ./My/Display/LcdGraphic.o
                0x0000000008001fd4                Lcd_ChrBig
 .text.Lcd_Print
                0x0000000008002138       0x38 ./My/Display/LcdGraphic.o
                0x0000000008002138                Lcd_Print
 .text.Lcd_BinToDec
                0x0000000008002170       0xc0 ./My/Display/LcdGraphic.o
                0x0000000008002170                Lcd_BinToDec
 .text.Lcd_BinToDecWithSign
                0x0000000008002230       0x68 ./My/Display/LcdGraphic.o
                0x0000000008002230                Lcd_BinToDecWithSign
 .text.Lcd_PrintStringAndNumber
                0x0000000008002298       0x44 ./My/Display/LcdGraphic.o
                0x0000000008002298                Lcd_PrintStringAndNumber
 .text.map_I32  0x00000000080022dc       0x36 ./My/Main/main.o
                0x00000000080022dc                map_I32
 *fill*         0x0000000008002312        0x6 
 .text.Lcd_AnalogScale
                0x0000000008002318      0x1d8 ./My/Main/main.o
                0x0000000008002318                Lcd_AnalogScale
 .text.Lcd_HorizontalProgressBar
                0x00000000080024f0       0xb4 ./My/Main/main.o
                0x00000000080024f0                Lcd_HorizontalProgressBar
 .text.IncrementOnEachPass
                0x00000000080025a4       0x60 ./My/Main/main.o
                0x00000000080025a4                IncrementOnEachPass
 .text.Temperature_Display
                0x0000000008002604       0xb4 ./My/Main/main.o
                0x0000000008002604                Temperature_Display
 .text.Time_Display
                0x00000000080026b8       0x74 ./My/Main/main.o
                0x00000000080026b8                Time_Display
 .text.Battery_GetPercentCharge
                0x000000000800272c       0x4e ./My/Main/main.o
                0x000000000800272c                Battery_GetPercentCharge
 *fill*         0x000000000800277a        0x2 
 .text.Task_DS2782
                0x000000000800277c       0x18 ./My/Main/main.o
                0x000000000800277c                Task_DS2782
 .text.Task_DS2782_Display
                0x0000000008002794      0x210 ./My/Main/main.o
                0x0000000008002794                Task_DS2782_Display
 .text.Task_MCUv7DataDisplay
                0x00000000080029a4      0x17c ./My/Main/main.o
                0x00000000080029a4                Task_MCUv7DataDisplay
 .text.Task_AnalogMeter
                0x0000000008002b20       0x70 ./My/Main/main.o
                0x0000000008002b20                Task_AnalogMeter
 .text.Task_DisplayPageSelect
                0x0000000008002b90       0xc4 ./My/Main/main.o
                0x0000000008002b90                Task_DisplayPageSelect
 .text.main     0x0000000008002c54       0xb0 ./My/Main/main.o
                0x0000000008002c54                main
 .text.SysTick_IT_Handler
                0x0000000008002d04       0x20 ./My/Main/main.o
                0x0000000008002d04                SysTick_IT_Handler
 .text.STM32_Flash_Lock
                0x0000000008002d24       0x1c ./My/STM32_Perif/flash_ST.o
                0x0000000008002d24                STM32_Flash_Lock
 .text.STM32_Flash_Unlock
                0x0000000008002d40       0x24 ./My/STM32_Perif/flash_ST.o
                0x0000000008002d40                STM32_Flash_Unlock
 .text.STM32_Flash_ErasePage
                0x0000000008002d64       0x74 ./My/STM32_Perif/flash_ST.o
                0x0000000008002d64                STM32_Flash_ErasePage
 .text.STM32_Flash_WriteWord
                0x0000000008002dd8       0x8c ./My/STM32_Perif/flash_ST.o
                0x0000000008002dd8                STM32_Flash_WriteWord
 .text._gpio_PortXClockEnable
                0x0000000008002e64       0x6c ./My/STM32_Perif/gpio_ST.o
 .text.STM32_GPIO_InitForOutputPushPull
                0x0000000008002ed0       0x86 ./My/STM32_Perif/gpio_ST.o
                0x0000000008002ed0                STM32_GPIO_InitForOutputPushPull
 *fill*         0x0000000008002f56        0x2 
 .text.__NVIC_GetPriorityGrouping
                0x0000000008002f58       0x1c ./My/STM32_Perif/i2c_ST.o
 .text.__NVIC_EnableIRQ
                0x0000000008002f74       0x38 ./My/STM32_Perif/i2c_ST.o
 .text.__NVIC_SetPriority
                0x0000000008002fac       0x54 ./My/STM32_Perif/i2c_ST.o
 .text.NVIC_EncodePriority
                0x0000000008003000       0x64 ./My/STM32_Perif/i2c_ST.o
 .text._i2c_LongWait
                0x0000000008003064       0x3a ./My/STM32_Perif/i2c_ST.o
 *fill*         0x000000000800309e        0x2 
 .text._i2c_GPIO_Init
                0x00000000080030a0       0x80 ./My/STM32_Perif/i2c_ST.o
 .text.I2C_StartAndSendDeviceAddr
                0x0000000008003120       0x94 ./My/STM32_Perif/i2c_ST.o
                0x0000000008003120                I2C_StartAndSendDeviceAddr
 .text.I2C_SendByte
                0x00000000080031b4       0x2e ./My/STM32_Perif/i2c_ST.o
                0x00000000080031b4                I2C_SendByte
 .text.I2C_ReadData
                0x00000000080031e2      0x176 ./My/STM32_Perif/i2c_ST.o
                0x00000000080031e2                I2C_ReadData
 .text.I2C_Stop
                0x0000000008003358       0x30 ./My/STM32_Perif/i2c_ST.o
                0x0000000008003358                I2C_Stop
 .text.I2C_SendDataWithoutStop
                0x0000000008003388       0x5c ./My/STM32_Perif/i2c_ST.o
                0x0000000008003388                I2C_SendDataWithoutStop
 .text.I2C_SendData
                0x00000000080033e4       0x36 ./My/STM32_Perif/i2c_ST.o
                0x00000000080033e4                I2C_SendData
 *fill*         0x000000000800341a        0x2 
 .text.I2C_Master_Init
                0x000000000800341c       0xbc ./My/STM32_Perif/i2c_ST.o
                0x000000000800341c                I2C_Master_Init
 .text.I2C_Master_GetNacCount
                0x00000000080034d8       0x30 ./My/STM32_Perif/i2c_ST.o
                0x00000000080034d8                I2C_Master_GetNacCount
 .text.I2C_Master_Write
                0x0000000008003508       0x52 ./My/STM32_Perif/i2c_ST.o
                0x0000000008003508                I2C_Master_Write
 .text.I2C_Master_Read
                0x000000000800355a       0x78 ./My/STM32_Perif/i2c_ST.o
                0x000000000800355a                I2C_Master_Read
 *fill*         0x00000000080035d2        0x2 
 .text.I2C_Slave_Init
                0x00000000080035d4       0xc0 ./My/STM32_Perif/i2c_ST.o
                0x00000000080035d4                I2C_Slave_Init
 .text.I2C_IT_Init
                0x0000000008003694       0xb8 ./My/STM32_Perif/i2c_ST.o
                0x0000000008003694                I2C_IT_Init
 .text._i2c_ClearErrFlagAndStop
                0x000000000800374c       0x2e ./My/STM32_Perif/i2c_ST.o
                0x000000000800374c                _i2c_ClearErrFlagAndStop
 .text.I2C_IT_Error
                0x000000000800377a       0xb6 ./My/STM32_Perif/i2c_ST.o
 .text.I2C_IT_ER_Handler
                0x0000000008003830       0x3c ./My/STM32_Perif/i2c_ST.o
                0x0000000008003830                I2C_IT_ER_Handler
 .text.I2C_DMA_Init
                0x000000000800386c       0x2c ./My/STM32_Perif/i2c_ST.o
                0x000000000800386c                I2C_DMA_Init
 .text.I2C_DMA_Read
                0x0000000008003898       0xec ./My/STM32_Perif/i2c_ST.o
                0x0000000008003898                I2C_DMA_Read
 .text.DMA_ChDisableAndITFlagClear
                0x0000000008003984       0x30 ./My/STM32_Perif/i2c_ST.o
 .text.I2C_DMA_TX_Handler
                0x00000000080039b4       0x88 ./My/STM32_Perif/i2c_ST.o
 .text.I2C_DMA_RX_Handler
                0x0000000008003a3c       0x7c ./My/STM32_Perif/i2c_ST.o
 .text.I2C1_DMA_IT_TX_Handler
                0x0000000008003ab8       0x18 ./My/STM32_Perif/i2c_ST.o
                0x0000000008003ab8                I2C1_DMA_IT_TX_Handler
 .text.I2C1_DMA_IT_RX_Handler
                0x0000000008003ad0       0x18 ./My/STM32_Perif/i2c_ST.o
                0x0000000008003ad0                I2C1_DMA_IT_RX_Handler
 .text.SPI_Init
                0x0000000008003ae8      0x110 ./My/STM32_Perif/spi_ST.o
                0x0000000008003ae8                SPI_Init
 .text.SPI_TxRxByte
                0x0000000008003bf8       0x66 ./My/STM32_Perif/spi_ST.o
                0x0000000008003bf8                SPI_TxRxByte
 *fill*         0x0000000008003c5e        0x2 
 .text.SPI2_IRQHandler
                0x0000000008003c60       0x38 ./My/STM32_Perif/spi_ST.o
                0x0000000008003c60                SPI2_IRQHandler
 .text.SysTick_Handler
                0x0000000008003c98        0xc ./My/STM32_Perif/stm32f10x_it.o
                0x0000000008003c98                SysTick_Handler
 .text.WWDG_IRQHandler
                0x0000000008003ca4        0xc ./My/STM32_Perif/stm32f10x_it.o
                0x0000000008003ca4                WWDG_IRQHandler
 .text.PVD_IRQHandler
                0x0000000008003cb0        0xc ./My/STM32_Perif/stm32f10x_it.o
                0x0000000008003cb0                PVD_IRQHandler
 .text.TAMPER_IRQHandler
                0x0000000008003cbc        0xc ./My/STM32_Perif/stm32f10x_it.o
                0x0000000008003cbc                TAMPER_IRQHandler
 .text.RTC_IRQHandler
                0x0000000008003cc8        0xc ./My/STM32_Perif/stm32f10x_it.o
                0x0000000008003cc8                RTC_IRQHandler
 .text.FLASH_IRQHandler
                0x0000000008003cd4        0xc ./My/STM32_Perif/stm32f10x_it.o
                0x0000000008003cd4                FLASH_IRQHandler
 .text.RCC_IRQHandler
                0x0000000008003ce0        0xc ./My/STM32_Perif/stm32f10x_it.o
                0x0000000008003ce0                RCC_IRQHandler
 .text.EXTI0_IRQHandler
                0x0000000008003cec        0xc ./My/STM32_Perif/stm32f10x_it.o
                0x0000000008003cec                EXTI0_IRQHandler
 .text.EXTI1_IRQHandler
                0x0000000008003cf8        0xc ./My/STM32_Perif/stm32f10x_it.o
                0x0000000008003cf8                EXTI1_IRQHandler
 .text.EXTI2_IRQHandler
                0x0000000008003d04        0xc ./My/STM32_Perif/stm32f10x_it.o
                0x0000000008003d04                EXTI2_IRQHandler
 .text.EXTI3_IRQHandler
                0x0000000008003d10        0xc ./My/STM32_Perif/stm32f10x_it.o
                0x0000000008003d10                EXTI3_IRQHandler
 .text.EXTI4_IRQHandler
                0x0000000008003d1c        0xc ./My/STM32_Perif/stm32f10x_it.o
                0x0000000008003d1c                EXTI4_IRQHandler
 .text.DMA1_Channel1_IRQHandler
                0x0000000008003d28        0xc ./My/STM32_Perif/stm32f10x_it.o
                0x0000000008003d28                DMA1_Channel1_IRQHandler
 .text.DMA1_Channel2_IRQHandler
                0x0000000008003d34        0xc ./My/STM32_Perif/stm32f10x_it.o
                0x0000000008003d34                DMA1_Channel2_IRQHandler
 .text.DMA1_Channel3_IRQHandler
                0x0000000008003d40        0xc ./My/STM32_Perif/stm32f10x_it.o
                0x0000000008003d40                DMA1_Channel3_IRQHandler
 .text.DMA1_Channel5_IRQHandler
                0x0000000008003d4c        0xc ./My/STM32_Perif/stm32f10x_it.o
                0x0000000008003d4c                DMA1_Channel5_IRQHandler
 .text.DMA1_Channel6_IRQHandler
                0x0000000008003d58        0xc ./My/STM32_Perif/stm32f10x_it.o
                0x0000000008003d58                DMA1_Channel6_IRQHandler
 .text.DMA1_Channel7_IRQHandler
                0x0000000008003d64        0xc ./My/STM32_Perif/stm32f10x_it.o
                0x0000000008003d64                DMA1_Channel7_IRQHandler
 .text.ADC1_2_IRQHandler
                0x0000000008003d70        0xc ./My/STM32_Perif/stm32f10x_it.o
                0x0000000008003d70                ADC1_2_IRQHandler
 .text.USB_HP_CAN_TX_IRQHandler
                0x0000000008003d7c        0xc ./My/STM32_Perif/stm32f10x_it.o
                0x0000000008003d7c                USB_HP_CAN_TX_IRQHandler
 .text.USB_LP_CAN_RX0_IRQHandler
                0x0000000008003d88        0xc ./My/STM32_Perif/stm32f10x_it.o
                0x0000000008003d88                USB_LP_CAN_RX0_IRQHandler
 .text.CAN_RX1_IRQHandler
                0x0000000008003d94        0xc ./My/STM32_Perif/stm32f10x_it.o
                0x0000000008003d94                CAN_RX1_IRQHandler
 .text.CAN_SCE_IRQHandler
                0x0000000008003da0        0xc ./My/STM32_Perif/stm32f10x_it.o
                0x0000000008003da0                CAN_SCE_IRQHandler
 .text.EXTI9_5_IRQHandler
                0x0000000008003dac        0xc ./My/STM32_Perif/stm32f10x_it.o
                0x0000000008003dac                EXTI9_5_IRQHandler
 .text.TIM1_BRK_IRQHandler
                0x0000000008003db8        0xc ./My/STM32_Perif/stm32f10x_it.o
                0x0000000008003db8                TIM1_BRK_IRQHandler
 .text.TIM1_UP_IRQHandler
                0x0000000008003dc4       0x1c ./My/STM32_Perif/stm32f10x_it.o
                0x0000000008003dc4                TIM1_UP_IRQHandler
 .text.TIM1_TRG_COM_IRQHandler
                0x0000000008003de0        0xc ./My/STM32_Perif/stm32f10x_it.o
                0x0000000008003de0                TIM1_TRG_COM_IRQHandler
 .text.TIM1_CC_IRQHandler
                0x0000000008003dec        0xc ./My/STM32_Perif/stm32f10x_it.o
                0x0000000008003dec                TIM1_CC_IRQHandler
 .text.TIM2_IRQHandler
                0x0000000008003df8       0x1c ./My/STM32_Perif/stm32f10x_it.o
                0x0000000008003df8                TIM2_IRQHandler
 .text.TIM3_IRQHandler
                0x0000000008003e14        0xc ./My/STM32_Perif/stm32f10x_it.o
                0x0000000008003e14                TIM3_IRQHandler
 .text.TIM4_IRQHandler
                0x0000000008003e20        0xc ./My/STM32_Perif/stm32f10x_it.o
                0x0000000008003e20                TIM4_IRQHandler
 .text.I2C1_EV_IRQHandler
                0x0000000008003e2c        0xc ./My/STM32_Perif/stm32f10x_it.o
                0x0000000008003e2c                I2C1_EV_IRQHandler
 .text.I2C1_ER_IRQHandler
                0x0000000008003e38       0x14 ./My/STM32_Perif/stm32f10x_it.o
                0x0000000008003e38                I2C1_ER_IRQHandler
 .text.I2C2_EV_IRQHandler
                0x0000000008003e4c        0xc ./My/STM32_Perif/stm32f10x_it.o
                0x0000000008003e4c                I2C2_EV_IRQHandler
 .text.I2C2_ER_IRQHandler
                0x0000000008003e58        0xc ./My/STM32_Perif/stm32f10x_it.o
                0x0000000008003e58                I2C2_ER_IRQHandler
 .text.SPI1_IRQHandler
                0x0000000008003e64        0xc ./My/STM32_Perif/stm32f10x_it.o
                0x0000000008003e64                SPI1_IRQHandler
 .text.USART2_IRQHandler
                0x0000000008003e70        0xc ./My/STM32_Perif/stm32f10x_it.o
                0x0000000008003e70                USART2_IRQHandler
 .text.USART3_IRQHandler
                0x0000000008003e7c        0xc ./My/STM32_Perif/stm32f10x_it.o
                0x0000000008003e7c                USART3_IRQHandler
 .text.EXTI15_10_IRQHandler
                0x0000000008003e88        0xc ./My/STM32_Perif/stm32f10x_it.o
                0x0000000008003e88                EXTI15_10_IRQHandler
 .text.RTCAlarm_IRQHandler
                0x0000000008003e94        0xc ./My/STM32_Perif/stm32f10x_it.o
                0x0000000008003e94                RTCAlarm_IRQHandler
 .text.TIM8_BRK_IRQHandler
                0x0000000008003ea0        0xc ./My/STM32_Perif/stm32f10x_it.o
                0x0000000008003ea0                TIM8_BRK_IRQHandler
 .text.TIM8_UP_IRQHandler
                0x0000000008003eac        0xc ./My/STM32_Perif/stm32f10x_it.o
                0x0000000008003eac                TIM8_UP_IRQHandler
 .text.TIM8_TRG_COM_IRQHandler
                0x0000000008003eb8        0xc ./My/STM32_Perif/stm32f10x_it.o
                0x0000000008003eb8                TIM8_TRG_COM_IRQHandler
 .text.TIM8_CC_IRQHandler
                0x0000000008003ec4        0xc ./My/STM32_Perif/stm32f10x_it.o
                0x0000000008003ec4                TIM8_CC_IRQHandler
 .text.ADC3_IRQHandler
                0x0000000008003ed0        0xc ./My/STM32_Perif/stm32f10x_it.o
                0x0000000008003ed0                ADC3_IRQHandler
 .text.FSMC_IRQHandler
                0x0000000008003edc        0xc ./My/STM32_Perif/stm32f10x_it.o
                0x0000000008003edc                FSMC_IRQHandler
 .text.SDIO_IRQHandler
                0x0000000008003ee8        0xc ./My/STM32_Perif/stm32f10x_it.o
                0x0000000008003ee8                SDIO_IRQHandler
 .text.TIM5_IRQHandler
                0x0000000008003ef4        0xc ./My/STM32_Perif/stm32f10x_it.o
                0x0000000008003ef4                TIM5_IRQHandler
 .text.SPI3_IRQHandler
                0x0000000008003f00        0xc ./My/STM32_Perif/stm32f10x_it.o
                0x0000000008003f00                SPI3_IRQHandler
 .text.UART4_IRQHandler
                0x0000000008003f0c        0xc ./My/STM32_Perif/stm32f10x_it.o
                0x0000000008003f0c                UART4_IRQHandler
 .text.UART5_IRQHandler
                0x0000000008003f18        0xc ./My/STM32_Perif/stm32f10x_it.o
                0x0000000008003f18                UART5_IRQHandler
 .text.TIM6_IRQHandler
                0x0000000008003f24        0xc ./My/STM32_Perif/stm32f10x_it.o
                0x0000000008003f24                TIM6_IRQHandler
 .text.TIM7_IRQHandler
                0x0000000008003f30        0xc ./My/STM32_Perif/stm32f10x_it.o
                0x0000000008003f30                TIM7_IRQHandler
 .text.DMA2_Channel1_IRQHandler
                0x0000000008003f3c        0xc ./My/STM32_Perif/stm32f10x_it.o
                0x0000000008003f3c                DMA2_Channel1_IRQHandler
 .text.DMA2_Channel2_IRQHandler
                0x0000000008003f48        0xc ./My/STM32_Perif/stm32f10x_it.o
                0x0000000008003f48                DMA2_Channel2_IRQHandler
 .text.DMA2_Channel3_IRQHandler
                0x0000000008003f54        0xc ./My/STM32_Perif/stm32f10x_it.o
                0x0000000008003f54                DMA2_Channel3_IRQHandler
 .text.DMA2_Channel4_5_IRQHandler
                0x0000000008003f60        0xc ./My/STM32_Perif/stm32f10x_it.o
                0x0000000008003f60                DMA2_Channel4_5_IRQHandler
 .text.Init_RCC
                0x0000000008003f6c      0x100 ./My/STM32_Perif/sys_ST.o
 .text.Sys_Init
                0x000000000800406c       0x5c ./My/STM32_Perif/sys_ST.o
                0x000000000800406c                Sys_Init
 .text.NMI_Handler
                0x00000000080040c8        0xc ./My/STM32_Perif/sys_ST.o
                0x00000000080040c8                NMI_Handler
 .text.HardFault_Handler
                0x00000000080040d4       0x24 ./My/STM32_Perif/sys_ST.o
                0x00000000080040d4                HardFault_Handler
 .text.MemManage_Handler
                0x00000000080040f8        0xc ./My/STM32_Perif/sys_ST.o
                0x00000000080040f8                MemManage_Handler
 .text.BusFault_Handler
                0x0000000008004104        0xc ./My/STM32_Perif/sys_ST.o
                0x0000000008004104                BusFault_Handler
 .text.UsageFault_Handler
                0x0000000008004110        0xc ./My/STM32_Perif/sys_ST.o
                0x0000000008004110                UsageFault_Handler
 .text.SVC_Handler
                0x000000000800411c        0xc ./My/STM32_Perif/sys_ST.o
                0x000000000800411c                SVC_Handler
 .text.__NVIC_GetPriorityGrouping
                0x0000000008004128       0x1c ./My/STM32_Perif/sys_tick_ST.o
 .text.__NVIC_EnableIRQ
                0x0000000008004144       0x38 ./My/STM32_Perif/sys_tick_ST.o
 .text.__NVIC_SetPriority
                0x000000000800417c       0x54 ./My/STM32_Perif/sys_tick_ST.o
 .text.NVIC_EncodePriority
                0x00000000080041d0       0x64 ./My/STM32_Perif/sys_tick_ST.o
 .text.SysTick_Init
                0x0000000008004234       0x48 ./My/STM32_Perif/sys_tick_ST.o
                0x0000000008004234                SysTick_Init
 .text.__NVIC_EnableIRQ
                0x000000000800427c       0x38 ./My/STM32_Perif/uart_ST.o
 .text.__NVIC_SetPriority
                0x00000000080042b4       0x54 ./My/STM32_Perif/uart_ST.o
 .text.Usart1ClrErrFlag
                0x0000000008004308       0x18 ./My/STM32_Perif/uart_ST.o
 .text.USART1_IRQHandler
                0x0000000008004320       0x54 ./My/STM32_Perif/uart_ST.o
                0x0000000008004320                USART1_IRQHandler
 .text.USART_Init
                0x0000000008004374      0x108 ./My/STM32_Perif/uart_ST.o
                0x0000000008004374                USART_Init
 .text.DMA1Ch4InitForTx
                0x000000000800447c       0x38 ./My/STM32_Perif/uart_ST.o
                0x000000000800447c                DMA1Ch4InitForTx
 .text.DMA1_Channel4_IRQHandler
                0x00000000080044b4       0x48 ./My/STM32_Perif/uart_ST.o
                0x00000000080044b4                DMA1_Channel4_IRQHandler
 .text._disableInterrupt
                0x00000000080044fc        0xc ./My/Sheduler/rtos.o
 .text._enableInterrupt
                0x0000000008004508        0xc ./My/Sheduler/rtos.o
 .text.RTOS_Init
                0x0000000008004514       0x18 ./My/Sheduler/rtos.o
                0x0000000008004514                RTOS_Init
 .text.RTOS_SetTask
                0x000000000800452c       0xa8 ./My/Sheduler/rtos.o
                0x000000000800452c                RTOS_SetTask
 .text.RTOS_DeleteTask
                0x00000000080045d4       0x78 ./My/Sheduler/rtos.o
                0x00000000080045d4                RTOS_DeleteTask
 .text.RTOS_DispatchLoop
                0x000000000800464c       0x80 ./My/Sheduler/rtos.o
                0x000000000800464c                RTOS_DispatchLoop
 .text.RTOS_TimerServiceLoop
                0x00000000080046cc       0x64 ./My/Sheduler/rtos.o
                0x00000000080046cc                RTOS_TimerServiceLoop
 .text.Reset_Handler
                0x0000000008004730       0x50 ./My/Startup/startup_stm32f103rbtx.o
                0x0000000008004730                Reset_Handler
 .text.Default_Handler
                0x0000000008004780        0x2 ./My/Startup/startup_stm32f103rbtx.o
                0x0000000008004780                PendSV_Handler
                0x0000000008004780                Default_Handler
                0x0000000008004780                DebugMon_Handler
 *fill*         0x0000000008004782        0x2 
 .text.__libc_init_array
                0x0000000008004784       0x48 C:/ST/STM32CubeIDE_1.14.0/STM32CubeIDE/plugins/com.st.stm32cube.ide.mcu.externaltools.gnu-tools-for-stm32.11.3.rel1.win32_1.1.100.202309141235/tools/bin/../lib/gcc/arm-none-eabi/11.3.1/../../../../arm-none-eabi/lib/thumb/v7-m/nofp\libc_nano.a(libc_a-init.o)
                0x0000000008004784                __libc_init_array
 .text.cosf     0x00000000080047cc       0x70 C:/ST/STM32CubeIDE_1.14.0/STM32CubeIDE/plugins/com.st.stm32cube.ide.mcu.externaltools.gnu-tools-for-stm32.11.3.rel1.win32_1.1.100.202309141235/tools/bin/../lib/gcc/arm-none-eabi/11.3.1/../../../../arm-none-eabi/lib/thumb/v7-m/nofp\libm.a(libm_a-sf_cos.o)
                0x00000000080047cc                cosf
 .text.sinf     0x000000000800483c       0x74 C:/ST/STM32CubeIDE_1.14.0/STM32CubeIDE/plugins/com.st.stm32cube.ide.mcu.externaltools.gnu-tools-for-stm32.11.3.rel1.win32_1.1.100.202309141235/tools/bin/../lib/gcc/arm-none-eabi/11.3.1/../../../../arm-none-eabi/lib/thumb/v7-m/nofp\libm.a(libm_a-sf_sin.o)
                0x000000000800483c                sinf
 .text.__kernel_cosf
                0x00000000080048b0      0x100 C:/ST/STM32CubeIDE_1.14.0/STM32CubeIDE/plugins/com.st.stm32cube.ide.mcu.externaltools.gnu-tools-for-stm32.11.3.rel1.win32_1.1.100.202309141235/tools/bin/../lib/gcc/arm-none-eabi/11.3.1/../../../../arm-none-eabi/lib/thumb/v7-m/nofp\libm.a(libm_a-kf_cos.o)
                0x00000000080048b0                __kernel_cosf
 .text.__kernel_sinf
                0x00000000080049b0       0xec C:/ST/STM32CubeIDE_1.14.0/STM32CubeIDE/plugins/com.st.stm32cube.ide.mcu.externaltools.gnu-tools-for-stm32.11.3.rel1.win32_1.1.100.202309141235/tools/bin/../lib/gcc/arm-none-eabi/11.3.1/../../../../arm-none-eabi/lib/thumb/v7-m/nofp\libm.a(libm_a-kf_sin.o)
                0x00000000080049b0                __kernel_sinf
 .text.__ieee754_rem_pio2f
                0x0000000008004a9c      0x2bc C:/ST/STM32CubeIDE_1.14.0/STM32CubeIDE/plugins/com.st.stm32cube.ide.mcu.externaltools.gnu-tools-for-stm32.11.3.rel1.win32_1.1.100.202309141235/tools/bin/../lib/gcc/arm-none-eabi/11.3.1/../../../../arm-none-eabi/lib/thumb/v7-m/nofp\libm.a(libm_a-ef_rem_pio2.o)
                0x0000000008004a9c                __ieee754_rem_pio2f
 .text.fabsf    0x0000000008004d58        0x6 C:/ST/STM32CubeIDE_1.14.0/STM32CubeIDE/plugins/com.st.stm32cube.ide.mcu.externaltools.gnu-tools-for-stm32.11.3.rel1.win32_1.1.100.202309141235/tools/bin/../lib/gcc/arm-none-eabi/11.3.1/../../../../arm-none-eabi/lib/thumb/v7-m/nofp\libm.a(libm_a-sf_fabs.o)
                0x0000000008004d58                fabsf
 *fill*         0x0000000008004d5e        0x2 
 .text.__kernel_rem_pio2f
                0x0000000008004d60      0x568 C:/ST/STM32CubeIDE_1.14.0/STM32CubeIDE/plugins/com.st.stm32cube.ide.mcu.externaltools.gnu-tools-for-stm32.11.3.rel1.win32_1.1.100.202309141235/tools/bin/../lib/gcc/arm-none-eabi/11.3.1/../../../../arm-none-eabi/lib/thumb/v7-m/nofp\libm.a(libm_a-kf_rem_pio2.o)
                0x0000000008004d60                __kernel_rem_pio2f
 .text.scalbnf  0x00000000080052c8       0x98 C:/ST/STM32CubeIDE_1.14.0/STM32CubeIDE/plugins/com.st.stm32cube.ide.mcu.externaltools.gnu-tools-for-stm32.11.3.rel1.win32_1.1.100.202309141235/tools/bin/../lib/gcc/arm-none-eabi/11.3.1/../../../../arm-none-eabi/lib/thumb/v7-m/nofp\libm.a(libm_a-sf_scalbn.o)
                0x00000000080052c8                scalbnf
 .text.floorf   0x0000000008005360       0x80 C:/ST/STM32CubeIDE_1.14.0/STM32CubeIDE/plugins/com.st.stm32cube.ide.mcu.externaltools.gnu-tools-for-stm32.11.3.rel1.win32_1.1.100.202309141235/tools/bin/../lib/gcc/arm-none-eabi/11.3.1/../../../../arm-none-eabi/lib/thumb/v7-m/nofp\libm.a(libm_a-sf_floor.o)
                0x0000000008005360                floorf
 *(.glue_7)
 .glue_7        0x00000000080053e0        0x0 linker stubs
 *(.glue_7t)
 .glue_7t       0x00000000080053e0        0x0 linker stubs
 *(.eh_frame)
 .eh_frame      0x00000000080053e0        0x0 C:/ST/STM32CubeIDE_1.14.0/STM32CubeIDE/plugins/com.st.stm32cube.ide.mcu.externaltools.gnu-tools-for-stm32.11.3.rel1.win32_1.1.100.202309141235/tools/bin/../lib/gcc/arm-none-eabi/11.3.1/thumb/v7-m/nofp/crtbegin.o
 *(.init)
 .init          0x00000000080053e0        0x4 C:/ST/STM32CubeIDE_1.14.0/STM32CubeIDE/plugins/com.st.stm32cube.ide.mcu.externaltools.gnu-tools-for-stm32.11.3.rel1.win32_1.1.100.202309141235/tools/bin/../lib/gcc/arm-none-eabi/11.3.1/thumb/v7-m/nofp/crti.o
                0x00000000080053e0                _init
 .init          0x00000000080053e4        0x8 C:/ST/STM32CubeIDE_1.14.0/STM32CubeIDE/plugins/com.st.stm32cube.ide.mcu.externaltools.gnu-tools-for-stm32.11.3.rel1.win32_1.1.100.202309141235/tools/bin/../lib/gcc/arm-none-eabi/11.3.1/thumb/v7-m/nofp/crtn.o
 *(.fini)
 .fini          0x00000000080053ec        0x4 C:/ST/STM32CubeIDE_1.14.0/STM32CubeIDE/plugins/com.st.stm32cube.ide.mcu.externaltools.gnu-tools-for-stm32.11.3.rel1.win32_1.1.100.202309141235/tools/bin/../lib/gcc/arm-none-eabi/11.3.1/thumb/v7-m/nofp/crti.o
                0x00000000080053ec                _fini
 .fini          0x00000000080053f0        0x8 C:/ST/STM32CubeIDE_1.14.0/STM32CubeIDE/plugins/com.st.stm32cube.ide.mcu.externaltools.gnu-tools-for-stm32.11.3.rel1.win32_1.1.100.202309141235/tools/bin/../lib/gcc/arm-none-eabi/11.3.1/thumb/v7-m/nofp/crtn.o
                0x00000000080053f8                . = ALIGN (0x4)
                0x00000000080053f8                _etext = .

.vfp11_veneer   0x00000000080053f8        0x0
 .vfp11_veneer  0x00000000080053f8        0x0 linker stubs

.v4_bx          0x00000000080053f8        0x0
 .v4_bx         0x00000000080053f8        0x0 linker stubs

.iplt           0x00000000080053f8        0x0
 .iplt          0x00000000080053f8        0x0 C:/ST/STM32CubeIDE_1.14.0/STM32CubeIDE/plugins/com.st.stm32cube.ide.mcu.externaltools.gnu-tools-for-stm32.11.3.rel1.win32_1.1.100.202309141235/tools/bin/../lib/gcc/arm-none-eabi/11.3.1/thumb/v7-m/nofp/crtbegin.o

.rodata         0x00000000080053f8      0xae8
                0x00000000080053f8                . = ALIGN (0x4)
 *(.rodata)
 .rodata        0x00000000080053f8      0x109 ./My/Main/main.o
 *fill*         0x0000000008005501        0x3 
 .rodata        0x0000000008005504        0xa ./My/STM32_Perif/sys_ST.o
 *(.rodata*)
 *fill*         0x000000000800550e        0x2 
 .rodata.Crc8Table
                0x0000000008005510      0x100 ./My/Application/Crc.o
                0x0000000008005510                Crc8Table
 .rodata.Ascii_Tab_12864
                0x0000000008005610      0x500 ./My/Display/Ascii_Tab_12864.o
                0x0000000008005610                Ascii_Tab_12864
 .rodata.npio2_hw
                0x0000000008005b10       0x80 C:/ST/STM32CubeIDE_1.14.0/STM32CubeIDE/plugins/com.st.stm32cube.ide.mcu.externaltools.gnu-tools-for-stm32.11.3.rel1.win32_1.1.100.202309141235/tools/bin/../lib/gcc/arm-none-eabi/11.3.1/../../../../arm-none-eabi/lib/thumb/v7-m/nofp\libm.a(libm_a-ef_rem_pio2.o)
 .rodata.two_over_pi
                0x0000000008005b90      0x318 C:/ST/STM32CubeIDE_1.14.0/STM32CubeIDE/plugins/com.st.stm32cube.ide.mcu.externaltools.gnu-tools-for-stm32.11.3.rel1.win32_1.1.100.202309141235/tools/bin/../lib/gcc/arm-none-eabi/11.3.1/../../../../arm-none-eabi/lib/thumb/v7-m/nofp\libm.a(libm_a-ef_rem_pio2.o)
 .rodata.PIo2   0x0000000008005ea8       0x2c C:/ST/STM32CubeIDE_1.14.0/STM32CubeIDE/plugins/com.st.stm32cube.ide.mcu.externaltools.gnu-tools-for-stm32.11.3.rel1.win32_1.1.100.202309141235/tools/bin/../lib/gcc/arm-none-eabi/11.3.1/../../../../arm-none-eabi/lib/thumb/v7-m/nofp\libm.a(libm_a-kf_rem_pio2.o)
 .rodata.init_jk
                0x0000000008005ed4        0xc C:/ST/STM32CubeIDE_1.14.0/STM32CubeIDE/plugins/com.st.stm32cube.ide.mcu.externaltools.gnu-tools-for-stm32.11.3.rel1.win32_1.1.100.202309141235/tools/bin/../lib/gcc/arm-none-eabi/11.3.1/../../../../arm-none-eabi/lib/thumb/v7-m/nofp\libm.a(libm_a-kf_rem_pio2.o)
                0x0000000008005ee0                . = ALIGN (0x4)

.rel.dyn        0x0000000008005ee0        0x0
 .rel.iplt      0x0000000008005ee0        0x0 C:/ST/STM32CubeIDE_1.14.0/STM32CubeIDE/plugins/com.st.stm32cube.ide.mcu.externaltools.gnu-tools-for-stm32.11.3.rel1.win32_1.1.100.202309141235/tools/bin/../lib/gcc/arm-none-eabi/11.3.1/thumb/v7-m/nofp/crtbegin.o

.ARM.extab      0x0000000008005ee0        0x0
                0x0000000008005ee0                . = ALIGN (0x4)
 *(.ARM.extab* .gnu.linkonce.armextab.*)
                0x0000000008005ee0                . = ALIGN (0x4)

.ARM            0x0000000008005ee0        0x0
                0x0000000008005ee0                . = ALIGN (0x4)
                0x0000000008005ee0                __exidx_start = .
 *(.ARM.exidx*)
                0x0000000008005ee0                __exidx_end = .
                0x0000000008005ee0                . = ALIGN (0x4)

.preinit_array  0x0000000008005ee0        0x0
                0x0000000008005ee0                . = ALIGN (0x4)
                0x0000000008005ee0                PROVIDE (__preinit_array_start = .)
 *(.preinit_array*)
                0x0000000008005ee0                PROVIDE (__preinit_array_end = .)
                0x0000000008005ee0                . = ALIGN (0x4)

.init_array     0x0000000008005ee0        0x4
                0x0000000008005ee0                . = ALIGN (0x4)
                0x0000000008005ee0                PROVIDE (__init_array_start = .)
 *(SORT_BY_NAME(.init_array.*))
 *(.init_array*)
 .init_array    0x0000000008005ee0        0x4 C:/ST/STM32CubeIDE_1.14.0/STM32CubeIDE/plugins/com.st.stm32cube.ide.mcu.externaltools.gnu-tools-for-stm32.11.3.rel1.win32_1.1.100.202309141235/tools/bin/../lib/gcc/arm-none-eabi/11.3.1/thumb/v7-m/nofp/crtbegin.o
                0x0000000008005ee4                PROVIDE (__init_array_end = .)
                0x0000000008005ee4                . = ALIGN (0x4)

.fini_array     0x0000000008005ee4        0x4
                0x0000000008005ee4                . = ALIGN (0x4)
                [!provide]                        PROVIDE (__fini_array_start = .)
 *(SORT_BY_NAME(.fini_array.*))
 *(.fini_array*)
 .fini_array    0x0000000008005ee4        0x4 C:/ST/STM32CubeIDE_1.14.0/STM32CubeIDE/plugins/com.st.stm32cube.ide.mcu.externaltools.gnu-tools-for-stm32.11.3.rel1.win32_1.1.100.202309141235/tools/bin/../lib/gcc/arm-none-eabi/11.3.1/thumb/v7-m/nofp/crtbegin.o
                [!provide]                        PROVIDE (__fini_array_end = .)
                0x0000000008005ee8                . = ALIGN (0x4)
                0x0000000008005ee8                _sidata = LOADADDR (.data)

.data           0x0000000020000000        0x8 load address 0x0000000008005ee8
                0x0000000020000000                . = ALIGN (0x4)
                0x0000000020000000                _sdata = .
 *(.data)
 *(.data*)
 .data.cyclCount.2
                0x0000000020000000        0x4 ./MCUv7/Protocol_I2C.o
 .data.angle.2  0x0000000020000004        0x4 ./My/Main/main.o
 *(.RamFunc)
 *(.RamFunc*)
                0x0000000020000008                . = ALIGN (0x4)
                0x0000000020000008                _edata = .

.igot.plt       0x0000000020000008        0x0 load address 0x0000000008005ef0
 .igot.plt      0x0000000020000008        0x0 C:/ST/STM32CubeIDE_1.14.0/STM32CubeIDE/plugins/com.st.stm32cube.ide.mcu.externaltools.gnu-tools-for-stm32.11.3.rel1.win32_1.1.100.202309141235/tools/bin/../lib/gcc/arm-none-eabi/11.3.1/thumb/v7-m/nofp/crtbegin.o
                0x0000000020000008                . = ALIGN (0x4)

.bss            0x0000000020000008      0x73c load address 0x0000000008005ef0
                0x0000000020000008                _sbss = .
                0x0000000020000008                __bss_start__ = _sbss
 *(.bss)
 .bss           0x0000000020000008       0x1c C:/ST/STM32CubeIDE_1.14.0/STM32CubeIDE/plugins/com.st.stm32cube.ide.mcu.externaltools.gnu-tools-for-stm32.11.3.rel1.win32_1.1.100.202309141235/tools/bin/../lib/gcc/arm-none-eabi/11.3.1/thumb/v7-m/nofp/crtbegin.o
 *(.bss*)
 .bss.I2cProtocol
                0x0000000020000024       0xb8 ./MCUv7/Protocol_I2C.o
 .bss.MCUc7Data
                0x00000000200000dc       0x24 ./MCUv7/Protocol_I2C.o
 .bss.responseSize
                0x0000000020000100        0x4 ./MCUv7/Protocol_I2C.o
 .bss.protocol_i2c_activFlag
                0x0000000020000104        0x4 ./MCUv7/Protocol_I2C.o
 .bss.flag.1    0x0000000020000108        0x4 ./MCUv7/Protocol_I2C.o
 .bss.blinkReg  0x000000002000010c        0x2 ./My/Application/Blink.o
 *fill*         0x000000002000010e        0x2 
 .bss.blink_mSCount
                0x0000000020000110        0x4 ./My/Application/Blink.o
 .bss.blinkCount.2
                0x0000000020000114        0x2 ./My/Application/Blink.o
 *fill*         0x0000000020000116        0x2 
 .bss.dataForFLASH
                0x0000000020000118       0x30 ./My/Application/Config.o
 .bss.changeConfig
                0x0000000020000148        0x4 ./My/Application/Config.o
 .bss.msCounter
                0x000000002000014c        0x4 ./My/Application/Delay.o
 .bss.oldStateEncoder.1
                0x0000000020000150        0x1 ./My/Application/Encoder.o
 .bss.oldStateButton.0
                0x0000000020000151        0x1 ./My/Application/Encoder.o
 *fill*         0x0000000020000152        0x2 
 .bss.count.1   0x0000000020000154        0x4 ./My/Display/LM6063D.o
 .bss.bufIndex.0
                0x0000000020000158        0x4 ./My/Display/LM6063D.o
 .bss.lcdTextBuf
                0x000000002000015c       0x16 ./My/Display/LcdGraphic.o
 *fill*         0x0000000020000172        0x2 
 .bss.lcdVideoBuffer
                0x0000000020000174      0x400 ./My/Display/LcdGraphic.o
 .bss.LcdCacheIdx
                0x0000000020000574        0x2 ./My/Display/LcdGraphic.o
 *fill*         0x0000000020000576        0x2 
 .bss.UartTextBuffer
                0x0000000020000578       0x80 ./My/Display/LcdGraphic.o
 .bss.UartTextBufferIndex
                0x00000000200005f8        0x2 ./My/Display/LcdGraphic.o
 *fill*         0x00000000200005fa        0x2 
 .bss.Time      0x00000000200005fc       0x10 ./My/Main/main.o
                0x00000000200005fc                Time
 .bss.Sensor_1  0x000000002000060c       0x18 ./My/Main/main.o
                0x000000002000060c                Sensor_1
 .bss.Sensor_2  0x0000000020000624       0x18 ./My/Main/main.o
                0x0000000020000624                Sensor_2
 .bss.DS2782    0x000000002000063c       0x1c ./My/Main/main.o
                0x000000002000063c                DS2782
 .bss.Encoder   0x0000000020000658       0x20 ./My/Main/main.o
                0x0000000020000658                Encoder
 .bss.redaction
                0x0000000020000678        0x4 ./My/Main/main.o
 .bss.oldState.7
                0x000000002000067c        0x4 ./My/Main/main.o
 .bss.strIndex.4
                0x0000000020000680        0x4 ./My/Main/main.o
 .bss.strIndex.3
                0x0000000020000684        0x4 ./My/Main/main.o
 .bss.pageIndex.0
                0x0000000020000688        0x4 ./My/Main/main.o
 .bss.I2C1NacCount
                0x000000002000068c        0x4 ./My/STM32_Perif/i2c_ST.o
 .bss.I2C2NacCount
                0x0000000020000690        0x4 ./My/STM32_Perif/i2c_ST.o
 .bss.i2c1_IT_Define
                0x0000000020000694        0x4 ./My/STM32_Perif/i2c_ST.o
 .bss.i2c2_IT_Define
                0x0000000020000698        0x4 ./My/STM32_Perif/i2c_ST.o
 .bss.taskArray
                0x000000002000069c       0xa0 ./My/Sheduler/rtos.o
 .bss.arrayTail
                0x000000002000073c        0x4 ./My/Sheduler/rtos.o
 .bss.tickCount
                0x0000000020000740        0x4 ./My/Sheduler/rtos.o
 *(COMMON)
                0x0000000020000744                . = ALIGN (0x4)
                0x0000000020000744                _ebss = .
                0x0000000020000744                __bss_end__ = _ebss

._user_heap_stack
                0x0000000020000744      0x204 load address 0x0000000008005ef0
                0x0000000020000748                . = ALIGN (0x8)
 *fill*         0x0000000020000744        0x4 
                0x0000000020000748                PROVIDE (end = .)
                [!provide]                        PROVIDE (_end = .)
                0x0000000020000748                . = (. + _Min_Heap_Size)
                0x0000000020000948                . = (. + _Min_Stack_Size)
 *fill*         0x0000000020000748      0x200 
                0x0000000020000948                . = ALIGN (0x8)

/DISCARD/
 libc.a(*)
 libm.a(*)
 libgcc.a(*)

.ARM.attributes
                0x0000000000000000       0x29
 *(.ARM.attributes)
 .ARM.attributes
                0x0000000000000000       0x1d C:/ST/STM32CubeIDE_1.14.0/STM32CubeIDE/plugins/com.st.stm32cube.ide.mcu.externaltools.gnu-tools-for-stm32.11.3.rel1.win32_1.1.100.202309141235/tools/bin/../lib/gcc/arm-none-eabi/11.3.1/thumb/v7-m/nofp/crti.o
 .ARM.attributes
                0x000000000000001d       0x2d C:/ST/STM32CubeIDE_1.14.0/STM32CubeIDE/plugins/com.st.stm32cube.ide.mcu.externaltools.gnu-tools-for-stm32.11.3.rel1.win32_1.1.100.202309141235/tools/bin/../lib/gcc/arm-none-eabi/11.3.1/thumb/v7-m/nofp/crtbegin.o
 .ARM.attributes
                0x000000000000004a       0x2d ./MCUv7/GpioMCU.o
 .ARM.attributes
                0x0000000000000077       0x2d ./MCUv7/Protocol_I2C.o
 .ARM.attributes
                0x00000000000000a4       0x2d ./My/Application/Blink.o
 .ARM.attributes
                0x00000000000000d1       0x2d ./My/Application/Config.o
 .ARM.attributes
                0x00000000000000fe       0x2d ./My/Application/Crc.o
 .ARM.attributes
                0x000000000000012b       0x2d ./My/Application/DS18B20.o
 .ARM.attributes
                0x0000000000000158       0x2d ./My/Application/DS2782.o
 .ARM.attributes
                0x0000000000000185       0x2d ./My/Application/Delay.o
 .ARM.attributes
                0x00000000000001b2       0x2d ./My/Application/Encoder.o
 .ARM.attributes
                0x00000000000001df       0x2d ./My/Application/Time.o
 .ARM.attributes
                0x000000000000020c       0x2d ./My/CMSIS/system_stm32f1xx.o
 .ARM.attributes
                0x0000000000000239       0x2d ./My/Display/Ascii_Tab_12864.o
 .ARM.attributes
                0x0000000000000266       0x2d ./My/Display/LM6063D.o
 .ARM.attributes
                0x0000000000000293       0x2d ./My/Display/LcdGraphic.o
 .ARM.attributes
                0x00000000000002c0       0x2d ./My/Main/main.o
 .ARM.attributes
                0x00000000000002ed       0x2d ./My/STM32_Perif/flash_ST.o
 .ARM.attributes
                0x000000000000031a       0x2d ./My/STM32_Perif/gpio_ST.o
 .ARM.attributes
                0x0000000000000347       0x2d ./My/STM32_Perif/i2c_ST.o
 .ARM.attributes
                0x0000000000000374       0x2d ./My/STM32_Perif/spi_ST.o
 .ARM.attributes
                0x00000000000003a1       0x2d ./My/STM32_Perif/stm32f10x_it.o
 .ARM.attributes
                0x00000000000003ce       0x2d ./My/STM32_Perif/sys_ST.o
 .ARM.attributes
                0x00000000000003fb       0x2d ./My/STM32_Perif/sys_tick_ST.o
 .ARM.attributes
                0x0000000000000428       0x2d ./My/STM32_Perif/uart_ST.o
 .ARM.attributes
                0x0000000000000455       0x2d ./My/Sheduler/rtos.o
 .ARM.attributes
                0x0000000000000482       0x21 ./My/Startup/startup_stm32f103rbtx.o
 .ARM.attributes
                0x00000000000004a3       0x2d C:/ST/STM32CubeIDE_1.14.0/STM32CubeIDE/plugins/com.st.stm32cube.ide.mcu.externaltools.gnu-tools-for-stm32.11.3.rel1.win32_1.1.100.202309141235/tools/bin/../lib/gcc/arm-none-eabi/11.3.1/../../../../arm-none-eabi/lib/thumb/v7-m/nofp\libc_nano.a(libc_a-init.o)
 .ARM.attributes
                0x00000000000004d0       0x2d C:/ST/STM32CubeIDE_1.14.0/STM32CubeIDE/plugins/com.st.stm32cube.ide.mcu.externaltools.gnu-tools-for-stm32.11.3.rel1.win32_1.1.100.202309141235/tools/bin/../lib/gcc/arm-none-eabi/11.3.1/../../../../arm-none-eabi/lib/thumb/v7-m/nofp\libm.a(libm_a-sf_cos.o)
 .ARM.attributes
                0x00000000000004fd       0x2d C:/ST/STM32CubeIDE_1.14.0/STM32CubeIDE/plugins/com.st.stm32cube.ide.mcu.externaltools.gnu-tools-for-stm32.11.3.rel1.win32_1.1.100.202309141235/tools/bin/../lib/gcc/arm-none-eabi/11.3.1/../../../../arm-none-eabi/lib/thumb/v7-m/nofp\libm.a(libm_a-sf_sin.o)
 .ARM.attributes
                0x000000000000052a       0x2d C:/ST/STM32CubeIDE_1.14.0/STM32CubeIDE/plugins/com.st.stm32cube.ide.mcu.externaltools.gnu-tools-for-stm32.11.3.rel1.win32_1.1.100.202309141235/tools/bin/../lib/gcc/arm-none-eabi/11.3.1/../../../../arm-none-eabi/lib/thumb/v7-m/nofp\libm.a(libm_a-kf_cos.o)
 .ARM.attributes
                0x0000000000000557       0x2d C:/ST/STM32CubeIDE_1.14.0/STM32CubeIDE/plugins/com.st.stm32cube.ide.mcu.externaltools.gnu-tools-for-stm32.11.3.rel1.win32_1.1.100.202309141235/tools/bin/../lib/gcc/arm-none-eabi/11.3.1/../../../../arm-none-eabi/lib/thumb/v7-m/nofp\libm.a(libm_a-kf_sin.o)
 .ARM.attributes
                0x0000000000000584       0x2d C:/ST/STM32CubeIDE_1.14.0/STM32CubeIDE/plugins/com.st.stm32cube.ide.mcu.externaltools.gnu-tools-for-stm32.11.3.rel1.win32_1.1.100.202309141235/tools/bin/../lib/gcc/arm-none-eabi/11.3.1/../../../../arm-none-eabi/lib/thumb/v7-m/nofp\libm.a(libm_a-ef_rem_pio2.o)
 .ARM.attributes
                0x00000000000005b1       0x2d C:/ST/STM32CubeIDE_1.14.0/STM32CubeIDE/plugins/com.st.stm32cube.ide.mcu.externaltools.gnu-tools-for-stm32.11.3.rel1.win32_1.1.100.202309141235/tools/bin/../lib/gcc/arm-none-eabi/11.3.1/../../../../arm-none-eabi/lib/thumb/v7-m/nofp\libm.a(libm_a-sf_fabs.o)
 .ARM.attributes
                0x00000000000005de       0x2d C:/ST/STM32CubeIDE_1.14.0/STM32CubeIDE/plugins/com.st.stm32cube.ide.mcu.externaltools.gnu-tools-for-stm32.11.3.rel1.win32_1.1.100.202309141235/tools/bin/../lib/gcc/arm-none-eabi/11.3.1/../../../../arm-none-eabi/lib/thumb/v7-m/nofp\libm.a(libm_a-kf_rem_pio2.o)
 .ARM.attributes
                0x000000000000060b       0x2d C:/ST/STM32CubeIDE_1.14.0/STM32CubeIDE/plugins/com.st.stm32cube.ide.mcu.externaltools.gnu-tools-for-stm32.11.3.rel1.win32_1.1.100.202309141235/tools/bin/../lib/gcc/arm-none-eabi/11.3.1/../../../../arm-none-eabi/lib/thumb/v7-m/nofp\libm.a(libm_a-sf_scalbn.o)
 .ARM.attributes
                0x0000000000000638       0x2d C:/ST/STM32CubeIDE_1.14.0/STM32CubeIDE/plugins/com.st.stm32cube.ide.mcu.externaltools.gnu-tools-for-stm32.11.3.rel1.win32_1.1.100.202309141235/tools/bin/../lib/gcc/arm-none-eabi/11.3.1/../../../../arm-none-eabi/lib/thumb/v7-m/nofp\libm.a(libm_a-sf_floor.o)
 .ARM.attributes
                0x0000000000000665       0x1d C:/ST/STM32CubeIDE_1.14.0/STM32CubeIDE/plugins/com.st.stm32cube.ide.mcu.externaltools.gnu-tools-for-stm32.11.3.rel1.win32_1.1.100.202309141235/tools/bin/../lib/gcc/arm-none-eabi/11.3.1/thumb/v7-m/nofp\libgcc.a(_arm_mulsf3.o)
 .ARM.attributes
                0x0000000000000682       0x1d C:/ST/STM32CubeIDE_1.14.0/STM32CubeIDE/plugins/com.st.stm32cube.ide.mcu.externaltools.gnu-tools-for-stm32.11.3.rel1.win32_1.1.100.202309141235/tools/bin/../lib/gcc/arm-none-eabi/11.3.1/thumb/v7-m/nofp\libgcc.a(_arm_addsubdf3.o)
 .ARM.attributes
                0x000000000000069f       0x1d C:/ST/STM32CubeIDE_1.14.0/STM32CubeIDE/plugins/com.st.stm32cube.ide.mcu.externaltools.gnu-tools-for-stm32.11.3.rel1.win32_1.1.100.202309141235/tools/bin/../lib/gcc/arm-none-eabi/11.3.1/thumb/v7-m/nofp\libgcc.a(_arm_cmpdf2.o)
 .ARM.attributes
                0x00000000000006bc       0x1d C:/ST/STM32CubeIDE_1.14.0/STM32CubeIDE/plugins/com.st.stm32cube.ide.mcu.externaltools.gnu-tools-for-stm32.11.3.rel1.win32_1.1.100.202309141235/tools/bin/../lib/gcc/arm-none-eabi/11.3.1/thumb/v7-m/nofp\libgcc.a(_arm_truncdfsf2.o)
 .ARM.attributes
                0x00000000000006d9       0x1d C:/ST/STM32CubeIDE_1.14.0/STM32CubeIDE/plugins/com.st.stm32cube.ide.mcu.externaltools.gnu-tools-for-stm32.11.3.rel1.win32_1.1.100.202309141235/tools/bin/../lib/gcc/arm-none-eabi/11.3.1/thumb/v7-m/nofp\libgcc.a(_arm_addsubsf3.o)
 .ARM.attributes
                0x00000000000006f6       0x1d C:/ST/STM32CubeIDE_1.14.0/STM32CubeIDE/plugins/com.st.stm32cube.ide.mcu.externaltools.gnu-tools-for-stm32.11.3.rel1.win32_1.1.100.202309141235/tools/bin/../lib/gcc/arm-none-eabi/11.3.1/thumb/v7-m/nofp\libgcc.a(_arm_cmpsf2.o)
 .ARM.attributes
                0x0000000000000713       0x1d C:/ST/STM32CubeIDE_1.14.0/STM32CubeIDE/plugins/com.st.stm32cube.ide.mcu.externaltools.gnu-tools-for-stm32.11.3.rel1.win32_1.1.100.202309141235/tools/bin/../lib/gcc/arm-none-eabi/11.3.1/thumb/v7-m/nofp\libgcc.a(_arm_fixsfsi.o)
 .ARM.attributes
                0x0000000000000730       0x1d C:/ST/STM32CubeIDE_1.14.0/STM32CubeIDE/plugins/com.st.stm32cube.ide.mcu.externaltools.gnu-tools-for-stm32.11.3.rel1.win32_1.1.100.202309141235/tools/bin/../lib/gcc/arm-none-eabi/11.3.1/thumb/v7-m/nofp/crtn.o
OUTPUT(f103rbt6_ADS1x15.elf elf32-littlearm)
LOAD linker stubs
LOAD C:/ST/STM32CubeIDE_1.14.0/STM32CubeIDE/plugins/com.st.stm32cube.ide.mcu.externaltools.gnu-tools-for-stm32.11.3.rel1.win32_1.1.100.202309141235/tools/bin/../lib/gcc/arm-none-eabi/11.3.1/../../../../arm-none-eabi/lib/thumb/v7-m/nofp\libc.a
LOAD C:/ST/STM32CubeIDE_1.14.0/STM32CubeIDE/plugins/com.st.stm32cube.ide.mcu.externaltools.gnu-tools-for-stm32.11.3.rel1.win32_1.1.100.202309141235/tools/bin/../lib/gcc/arm-none-eabi/11.3.1/../../../../arm-none-eabi/lib/thumb/v7-m/nofp\libm.a
LOAD C:/ST/STM32CubeIDE_1.14.0/STM32CubeIDE/plugins/com.st.stm32cube.ide.mcu.externaltools.gnu-tools-for-stm32.11.3.rel1.win32_1.1.100.202309141235/tools/bin/../lib/gcc/arm-none-eabi/11.3.1/thumb/v7-m/nofp\libgcc.a

.comment        0x0000000000000000       0x43
 .comment       0x0000000000000000       0x43 C:/ST/STM32CubeIDE_1.14.0/STM32CubeIDE/plugins/com.st.stm32cube.ide.mcu.externaltools.gnu-tools-for-stm32.11.3.rel1.win32_1.1.100.202309141235/tools/bin/../lib/gcc/arm-none-eabi/11.3.1/thumb/v7-m/nofp/crtbegin.o
                                         0x44 (size before relaxing)
 .comment       0x0000000000000043       0x44 ./MCUv7/GpioMCU.o
 .comment       0x0000000000000043       0x44 ./MCUv7/Protocol_I2C.o
 .comment       0x0000000000000043       0x44 ./My/Application/Blink.o
 .comment       0x0000000000000043       0x44 ./My/Application/Config.o
 .comment       0x0000000000000043       0x44 ./My/Application/Crc.o
 .comment       0x0000000000000043       0x44 ./My/Application/DS18B20.o
 .comment       0x0000000000000043       0x44 ./My/Application/DS2782.o
 .comment       0x0000000000000043       0x44 ./My/Application/Delay.o
 .comment       0x0000000000000043       0x44 ./My/Application/Encoder.o
 .comment       0x0000000000000043       0x44 ./My/Application/Time.o
 .comment       0x0000000000000043       0x44 ./My/CMSIS/system_stm32f1xx.o
 .comment       0x0000000000000043       0x44 ./My/Display/Ascii_Tab_12864.o
 .comment       0x0000000000000043       0x44 ./My/Display/LM6063D.o
 .comment       0x0000000000000043       0x44 ./My/Display/LcdGraphic.o
 .comment       0x0000000000000043       0x44 ./My/Main/main.o
 .comment       0x0000000000000043       0x44 ./My/STM32_Perif/flash_ST.o
 .comment       0x0000000000000043       0x44 ./My/STM32_Perif/gpio_ST.o
 .comment       0x0000000000000043       0x44 ./My/STM32_Perif/i2c_ST.o
 .comment       0x0000000000000043       0x44 ./My/STM32_Perif/spi_ST.o
 .comment       0x0000000000000043       0x44 ./My/STM32_Perif/stm32f10x_it.o
 .comment       0x0000000000000043       0x44 ./My/STM32_Perif/sys_ST.o
 .comment       0x0000000000000043       0x44 ./My/STM32_Perif/sys_tick_ST.o
 .comment       0x0000000000000043       0x44 ./My/STM32_Perif/uart_ST.o
 .comment       0x0000000000000043       0x44 ./My/Sheduler/rtos.o

.debug_info     0x0000000000000000     0x7d11
 .debug_info    0x0000000000000000      0x145 ./MCUv7/GpioMCU.o
 .debug_info    0x0000000000000145      0x8e8 ./MCUv7/Protocol_I2C.o
 .debug_info    0x0000000000000a2d      0x1c4 ./My/Application/Blink.o
 .debug_info    0x0000000000000bf1      0x33e ./My/Application/Config.o
 .debug_info    0x0000000000000f2f      0x24f ./My/Application/Crc.o
 .debug_info    0x000000000000117e      0x59c ./My/Application/DS18B20.o
 .debug_info    0x000000000000171a      0x5f1 ./My/Application/DS2782.o
 .debug_info    0x0000000000001d0b      0x2fd ./My/Application/Delay.o
 .debug_info    0x0000000000002008      0x401 ./My/Application/Encoder.o
 .debug_info    0x0000000000002409      0x136 ./My/Application/Time.o
 .debug_info    0x000000000000253f      0x3e6 ./My/CMSIS/system_stm32f1xx.o
 .debug_info    0x0000000000002925       0xb2 ./My/Display/Ascii_Tab_12864.o
 .debug_info    0x00000000000029d7      0x341 ./My/Display/LM6063D.o
 .debug_info    0x0000000000002d18      0x908 ./My/Display/LcdGraphic.o
 .debug_info    0x0000000000003620      0xe90 ./My/Main/main.o
 .debug_info    0x00000000000044b0      0x1e0 ./My/STM32_Perif/flash_ST.o
 .debug_info    0x0000000000004690      0x4a1 ./My/STM32_Perif/gpio_ST.o
 .debug_info    0x0000000000004b31     0x11ee ./My/STM32_Perif/i2c_ST.o
 .debug_info    0x0000000000005d1f      0x3ba ./My/STM32_Perif/spi_ST.o
 .debug_info    0x00000000000060d9      0x6b7 ./My/STM32_Perif/stm32f10x_it.o
 .debug_info    0x0000000000006790      0x2aa ./My/STM32_Perif/sys_ST.o
 .debug_info    0x0000000000006a3a      0x60e ./My/STM32_Perif/sys_tick_ST.o
 .debug_info    0x0000000000007048      0x9d5 ./My/STM32_Perif/uart_ST.o
 .debug_info    0x0000000000007a1d      0x2d1 ./My/Sheduler/rtos.o
 .debug_info    0x0000000000007cee       0x23 ./My/Startup/startup_stm32f103rbtx.o

.debug_abbrev   0x0000000000000000     0x2569
 .debug_abbrev  0x0000000000000000       0xc4 ./MCUv7/GpioMCU.o
 .debug_abbrev  0x00000000000000c4      0x288 ./MCUv7/Protocol_I2C.o
 .debug_abbrev  0x000000000000034c       0xba ./My/Application/Blink.o
 .debug_abbrev  0x0000000000000406      0x186 ./My/Application/Config.o
 .debug_abbrev  0x000000000000058c      0x10e ./My/Application/Crc.o
 .debug_abbrev  0x000000000000069a      0x219 ./My/Application/DS18B20.o
 .debug_abbrev  0x00000000000008b3      0x1b6 ./My/Application/DS2782.o
 .debug_abbrev  0x0000000000000a69      0x136 ./My/Application/Delay.o
 .debug_abbrev  0x0000000000000b9f      0x177 ./My/Application/Encoder.o
 .debug_abbrev  0x0000000000000d16       0xa7 ./My/Application/Time.o
 .debug_abbrev  0x0000000000000dbd      0x13d ./My/CMSIS/system_stm32f1xx.o
 .debug_abbrev  0x0000000000000efa       0x54 ./My/Display/Ascii_Tab_12864.o
 .debug_abbrev  0x0000000000000f4e      0x189 ./My/Display/LM6063D.o
 .debug_abbrev  0x00000000000010d7      0x23c ./My/Display/LcdGraphic.o
 .debug_abbrev  0x0000000000001313      0x343 ./My/Main/main.o
 .debug_abbrev  0x0000000000001656       0xed ./My/STM32_Perif/flash_ST.o
 .debug_abbrev  0x0000000000001743      0x186 ./My/STM32_Perif/gpio_ST.o
 .debug_abbrev  0x00000000000018c9      0x386 ./My/STM32_Perif/i2c_ST.o
 .debug_abbrev  0x0000000000001c4f      0x152 ./My/STM32_Perif/spi_ST.o
 .debug_abbrev  0x0000000000001da1      0x12c ./My/STM32_Perif/stm32f10x_it.o
 .debug_abbrev  0x0000000000001ecd      0x13d ./My/STM32_Perif/sys_ST.o
 .debug_abbrev  0x000000000000200a      0x190 ./My/STM32_Perif/sys_tick_ST.o
 .debug_abbrev  0x000000000000219a      0x256 ./My/STM32_Perif/uart_ST.o
 .debug_abbrev  0x00000000000023f0      0x167 ./My/Sheduler/rtos.o
 .debug_abbrev  0x0000000000002557       0x12 ./My/Startup/startup_stm32f103rbtx.o

.debug_aranges  0x0000000000000000      0xb30
 .debug_aranges
                0x0000000000000000       0x20 ./MCUv7/GpioMCU.o
 .debug_aranges
                0x0000000000000020       0x90 ./MCUv7/Protocol_I2C.o
 .debug_aranges
                0x00000000000000b0       0x30 ./My/Application/Blink.o
 .debug_aranges
                0x00000000000000e0       0x48 ./My/Application/Config.o
 .debug_aranges
                0x0000000000000128       0x38 ./My/Application/Crc.o
 .debug_aranges
                0x0000000000000160       0x80 ./My/Application/DS18B20.o
 .debug_aranges
                0x00000000000001e0       0x78 ./My/Application/DS2782.o
 .debug_aranges
                0x0000000000000258       0x48 ./My/Application/Delay.o
 .debug_aranges
                0x00000000000002a0       0x40 ./My/Application/Encoder.o
 .debug_aranges
                0x00000000000002e0       0x20 ./My/Application/Time.o
 .debug_aranges
                0x0000000000000300       0x28 ./My/CMSIS/system_stm32f1xx.o
 .debug_aranges
                0x0000000000000328       0x18 ./My/Display/Ascii_Tab_12864.o
 .debug_aranges
                0x0000000000000340       0x40 ./My/Display/LM6063D.o
 .debug_aranges
                0x0000000000000380       0xf0 ./My/Display/LcdGraphic.o
 .debug_aranges
                0x0000000000000470       0xb0 ./My/Main/main.o
 .debug_aranges
                0x0000000000000520       0x40 ./My/STM32_Perif/flash_ST.o
 .debug_aranges
                0x0000000000000560       0x70 ./My/STM32_Perif/gpio_ST.o
 .debug_aranges
                0x00000000000005d0      0x140 ./My/STM32_Perif/i2c_ST.o
 .debug_aranges
                0x0000000000000710       0x60 ./My/STM32_Perif/spi_ST.o
 .debug_aranges
                0x0000000000000770      0x228 ./My/STM32_Perif/stm32f10x_it.o
 .debug_aranges
                0x0000000000000998       0x58 ./My/STM32_Perif/sys_ST.o
 .debug_aranges
                0x00000000000009f0       0x40 ./My/STM32_Perif/sys_tick_ST.o
 .debug_aranges
                0x0000000000000a30       0x80 ./My/STM32_Perif/uart_ST.o
 .debug_aranges
                0x0000000000000ab0       0x58 ./My/Sheduler/rtos.o
 .debug_aranges
                0x0000000000000b08       0x28 ./My/Startup/startup_stm32f103rbtx.o

.debug_rnglists
                0x0000000000000000      0x811
 .debug_rnglists
                0x0000000000000000       0x13 ./MCUv7/GpioMCU.o
 .debug_rnglists
                0x0000000000000013       0x6a ./MCUv7/Protocol_I2C.o
 .debug_rnglists
                0x000000000000007d       0x20 ./My/Application/Blink.o
 .debug_rnglists
                0x000000000000009d       0x32 ./My/Application/Config.o
 .debug_rnglists
                0x00000000000000cf       0x25 ./My/Application/Crc.o
 .debug_rnglists
                0x00000000000000f4       0x5d ./My/Application/DS18B20.o
 .debug_rnglists
                0x0000000000000151       0x55 ./My/Application/DS2782.o
 .debug_rnglists
                0x00000000000001a6       0x31 ./My/Application/Delay.o
 .debug_rnglists
                0x00000000000001d7       0x2d ./My/Application/Encoder.o
 .debug_rnglists
                0x0000000000000204       0x14 ./My/Application/Time.o
 .debug_rnglists
                0x0000000000000218       0x1a ./My/CMSIS/system_stm32f1xx.o
 .debug_rnglists
                0x0000000000000232       0x2d ./My/Display/LM6063D.o
 .debug_rnglists
                0x000000000000025f       0xb7 ./My/Display/LcdGraphic.o
 .debug_rnglists
                0x0000000000000316       0x87 ./My/Main/main.o
 .debug_rnglists
                0x000000000000039d       0x2c ./My/STM32_Perif/flash_ST.o
 .debug_rnglists
                0x00000000000003c9       0x57 ./My/STM32_Perif/gpio_ST.o
 .debug_rnglists
                0x0000000000000420       0xf6 ./My/STM32_Perif/i2c_ST.o
 .debug_rnglists
                0x0000000000000516       0x44 ./My/STM32_Perif/spi_ST.o
 .debug_rnglists
                0x000000000000055a      0x199 ./My/STM32_Perif/stm32f10x_it.o
 .debug_rnglists
                0x00000000000006f3       0x3e ./My/STM32_Perif/sys_ST.o
 .debug_rnglists
                0x0000000000000731       0x2b ./My/STM32_Perif/sys_tick_ST.o
 .debug_rnglists
                0x000000000000075c       0x5d ./My/STM32_Perif/uart_ST.o
 .debug_rnglists
                0x00000000000007b9       0x3f ./My/Sheduler/rtos.o
 .debug_rnglists
                0x00000000000007f8       0x19 ./My/Startup/startup_stm32f103rbtx.o

.debug_macro    0x0000000000000000    0x1546e
 .debug_macro   0x0000000000000000      0x2ee ./MCUv7/GpioMCU.o
 .debug_macro   0x00000000000002ee      0xaa2 ./MCUv7/GpioMCU.o
 .debug_macro   0x0000000000000d90       0x22 ./MCUv7/GpioMCU.o
 .debug_macro   0x0000000000000db2       0x22 ./MCUv7/GpioMCU.o
 .debug_macro   0x0000000000000dd4       0x8e ./MCUv7/GpioMCU.o
 .debug_macro   0x0000000000000e62       0x51 ./MCUv7/GpioMCU.o
 .debug_macro   0x0000000000000eb3      0x103 ./MCUv7/GpioMCU.o
 .debug_macro   0x0000000000000fb6       0x6a ./MCUv7/GpioMCU.o
 .debug_macro   0x0000000000001020      0x1df ./MCUv7/GpioMCU.o
 .debug_macro   0x00000000000011ff       0x1c ./MCUv7/GpioMCU.o
 .debug_macro   0x000000000000121b       0x22 ./MCUv7/GpioMCU.o
 .debug_macro   0x000000000000123d       0xbd ./MCUv7/GpioMCU.o
 .debug_macro   0x00000000000012fa      0xd23 ./MCUv7/GpioMCU.o
 .debug_macro   0x000000000000201d     0xe09e ./MCUv7/GpioMCU.o
 .debug_macro   0x00000000000100bb       0x61 ./MCUv7/GpioMCU.o
 .debug_macro   0x000000000001011c       0x24 ./MCUv7/GpioMCU.o
 .debug_macro   0x0000000000010140       0x43 ./MCUv7/GpioMCU.o
 .debug_macro   0x0000000000010183       0x34 ./MCUv7/GpioMCU.o
 .debug_macro   0x00000000000101b7      0x174 ./MCUv7/GpioMCU.o
 .debug_macro   0x000000000001032b       0x16 ./MCUv7/GpioMCU.o
 .debug_macro   0x0000000000010341       0x43 ./MCUv7/GpioMCU.o
 .debug_macro   0x0000000000010384       0x34 ./MCUv7/GpioMCU.o
 .debug_macro   0x00000000000103b8       0x10 ./MCUv7/GpioMCU.o
 .debug_macro   0x00000000000103c8       0x58 ./MCUv7/GpioMCU.o
 .debug_macro   0x0000000000010420       0x8e ./MCUv7/GpioMCU.o
 .debug_macro   0x00000000000104ae       0x1c ./MCUv7/GpioMCU.o
 .debug_macro   0x00000000000104ca      0x177 ./MCUv7/GpioMCU.o
 .debug_macro   0x0000000000010641      0x369 ./MCUv7/GpioMCU.o
 .debug_macro   0x00000000000109aa      0x19b ./MCUv7/GpioMCU.o
 .debug_macro   0x0000000000010b45       0x2e ./MCUv7/GpioMCU.o
 .debug_macro   0x0000000000010b73       0x16 ./MCUv7/GpioMCU.o
 .debug_macro   0x0000000000010b89       0x22 ./MCUv7/GpioMCU.o
 .debug_macro   0x0000000000010bab       0x86 ./MCUv7/GpioMCU.o
 .debug_macro   0x0000000000010c31       0x34 ./MCUv7/GpioMCU.o
 .debug_macro   0x0000000000010c65       0x22 ./MCUv7/GpioMCU.o
 .debug_macro   0x0000000000010c87       0x2e ./MCUv7/GpioMCU.o
 .debug_macro   0x0000000000010cb5       0x10 ./MCUv7/GpioMCU.o
 .debug_macro   0x0000000000010cc5       0x22 ./MCUv7/GpioMCU.o
 .debug_macro   0x0000000000010ce7       0x52 ./MCUv7/GpioMCU.o
 .debug_macro   0x0000000000010d39       0x4c ./MCUv7/GpioMCU.o
 .debug_macro   0x0000000000010d85       0x46 ./MCUv7/GpioMCU.o
 .debug_macro   0x0000000000010dcb       0x4c ./MCUv7/GpioMCU.o
 .debug_macro   0x0000000000010e17       0x1c ./MCUv7/GpioMCU.o
 .debug_macro   0x0000000000010e33       0x16 ./MCUv7/GpioMCU.o
 .debug_macro   0x0000000000010e49       0x35 ./MCUv7/GpioMCU.o
 .debug_macro   0x0000000000010e7e       0x20 ./MCUv7/GpioMCU.o
 .debug_macro   0x0000000000010e9e       0x16 ./MCUv7/GpioMCU.o
 .debug_macro   0x0000000000010eb4       0x16 ./MCUv7/GpioMCU.o
 .debug_macro   0x0000000000010eca       0x29 ./MCUv7/GpioMCU.o
 .debug_macro   0x0000000000010ef3       0x2e ./MCUv7/GpioMCU.o
 .debug_macro   0x0000000000010f21       0x10 ./MCUv7/GpioMCU.o
 .debug_macro   0x0000000000010f31       0x28 ./MCUv7/GpioMCU.o
 .debug_macro   0x0000000000010f59       0x1c ./MCUv7/GpioMCU.o
 .debug_macro   0x0000000000010f75       0x1c ./MCUv7/GpioMCU.o
 .debug_macro   0x0000000000010f91       0x1c ./MCUv7/GpioMCU.o
 .debug_macro   0x0000000000010fad       0x40 ./MCUv7/GpioMCU.o
 .debug_macro   0x0000000000010fed      0x2ee ./MCUv7/Protocol_I2C.o
 .debug_macro   0x00000000000112db       0x46 ./MCUv7/Protocol_I2C.o
 .debug_macro   0x0000000000011321       0x16 ./MCUv7/Protocol_I2C.o
 .debug_macro   0x0000000000011337      0x2e8 ./My/Application/Blink.o
 .debug_macro   0x000000000001161f      0x2ee ./My/Application/Config.o
 .debug_macro   0x000000000001190d       0x16 ./My/Application/Config.o
 .debug_macro   0x0000000000011923      0x2e8 ./My/Application/Crc.o
 .debug_macro   0x0000000000011c0b      0x2ee ./My/Application/DS18B20.o
 .debug_macro   0x0000000000011ef9       0x40 ./My/Application/DS18B20.o
 .debug_macro   0x0000000000011f39      0x2ee ./My/Application/DS2782.o
 .debug_macro   0x0000000000012227       0x46 ./My/Application/DS2782.o
 .debug_macro   0x000000000001226d      0x2ee ./My/Application/Delay.o
 .debug_macro   0x000000000001255b       0x1c ./My/Application/Delay.o
 .debug_macro   0x0000000000012577      0x2ee ./My/Application/Encoder.o
 .debug_macro   0x0000000000012865       0x16 ./My/Application/Encoder.o
 .debug_macro   0x000000000001287b      0x2e8 ./My/Application/Time.o
 .debug_macro   0x0000000000012b63       0xce ./My/CMSIS/system_stm32f1xx.o
 .debug_macro   0x0000000000012c31       0x2e ./My/CMSIS/system_stm32f1xx.o
 .debug_macro   0x0000000000012c5f       0x43 ./My/CMSIS/system_stm32f1xx.o
 .debug_macro   0x0000000000012ca2      0x2e4 ./My/Display/Ascii_Tab_12864.o
 .debug_macro   0x0000000000012f86      0x2ee ./My/Display/LM6063D.o
 .debug_macro   0x0000000000013274       0x4c ./My/Display/LM6063D.o
 .debug_macro   0x00000000000132c0      0x2fb ./My/Display/LcdGraphic.o
 .debug_macro   0x00000000000135bb      0x33c ./My/Main/main.o
 .debug_macro   0x00000000000138f7      0x2ee ./My/STM32_Perif/flash_ST.o
 .debug_macro   0x0000000000013be5       0x28 ./My/STM32_Perif/flash_ST.o
 .debug_macro   0x0000000000013c0d      0x2ee ./My/STM32_Perif/gpio_ST.o
 .debug_macro   0x0000000000013efb       0x28 ./My/STM32_Perif/gpio_ST.o
 .debug_macro   0x0000000000013f23      0x2ee ./My/STM32_Perif/i2c_ST.o
 .debug_macro   0x0000000000014211       0x80 ./My/STM32_Perif/i2c_ST.o
 .debug_macro   0x0000000000014291      0x2ee ./My/STM32_Perif/spi_ST.o
 .debug_macro   0x000000000001457f       0x1c ./My/STM32_Perif/spi_ST.o
 .debug_macro   0x000000000001459b      0x2ee ./My/STM32_Perif/stm32f10x_it.o
 .debug_macro   0x0000000000014889      0x2ee ./My/STM32_Perif/sys_ST.o
 .debug_macro   0x0000000000014b77      0x2ee ./My/STM32_Perif/sys_tick_ST.o
 .debug_macro   0x0000000000014e65       0x10 ./My/STM32_Perif/sys_tick_ST.o
 .debug_macro   0x0000000000014e75      0x2ee ./My/STM32_Perif/uart_ST.o
 .debug_macro   0x0000000000015163       0x1c ./My/STM32_Perif/uart_ST.o
 .debug_macro   0x000000000001517f      0x2ef ./My/Sheduler/rtos.o

.debug_line     0x0000000000000000    0x1151b
 .debug_line    0x0000000000000000      0x95b ./MCUv7/GpioMCU.o
 .debug_line    0x000000000000095b      0xcfe ./MCUv7/Protocol_I2C.o
 .debug_line    0x0000000000001659      0xa00 ./My/Application/Blink.o
 .debug_line    0x0000000000002059      0xa2a ./My/Application/Config.o
 .debug_line    0x0000000000002a83      0xa2c ./My/Application/Crc.o
 .debug_line    0x00000000000034af      0xcac ./My/Application/DS18B20.o
 .debug_line    0x000000000000415b      0xadb ./My/Application/DS2782.o
 .debug_line    0x0000000000004c36      0xa0f ./My/Application/Delay.o
 .debug_line    0x0000000000005645      0xb1e ./My/Application/Encoder.o
 .debug_line    0x0000000000006163      0x981 ./My/Application/Time.o
 .debug_line    0x0000000000006ae4      0x53f ./My/CMSIS/system_stm32f1xx.o
 .debug_line    0x0000000000007023      0x943 ./My/Display/Ascii_Tab_12864.o
 .debug_line    0x0000000000007966      0xa3c ./My/Display/LM6063D.o
 .debug_line    0x00000000000083a2     0x11db ./My/Display/LcdGraphic.o
 .debug_line    0x000000000000957d      0xe63 ./My/Main/main.o
 .debug_line    0x000000000000a3e0      0xaa8 ./My/STM32_Perif/flash_ST.o
 .debug_line    0x000000000000ae88      0xd88 ./My/STM32_Perif/gpio_ST.o
 .debug_line    0x000000000000bc10     0x1304 ./My/STM32_Perif/i2c_ST.o
 .debug_line    0x000000000000cf14      0xb13 ./My/STM32_Perif/spi_ST.o
 .debug_line    0x000000000000da27      0xedd ./My/STM32_Perif/stm32f10x_it.o
 .debug_line    0x000000000000e904      0xa8b ./My/STM32_Perif/sys_ST.o
 .debug_line    0x000000000000f38f      0xa56 ./My/STM32_Perif/sys_tick_ST.o
 .debug_line    0x000000000000fde5      0xba5 ./My/STM32_Perif/uart_ST.o
 .debug_line    0x000000000001098a      0xb16 ./My/Sheduler/rtos.o
 .debug_line    0x00000000000114a0       0x7b ./My/Startup/startup_stm32f103rbtx.o

.debug_str      0x0000000000000000    0x5bba1
 .debug_str     0x0000000000000000    0x58a49 ./MCUv7/GpioMCU.o
                                      0x58d15 (size before relaxing)
 .debug_str     0x0000000000058a49      0x7cb ./MCUv7/Protocol_I2C.o
                                      0x594e4 (size before relaxing)
 .debug_str     0x0000000000059214       0xf3 ./My/Application/Blink.o
                                      0x58dc3 (size before relaxing)
 .debug_str     0x0000000000059307      0x18c ./My/Application/Config.o
                                      0x58e88 (size before relaxing)
 .debug_str     0x0000000000059493       0x6a ./My/Application/Crc.o
                                      0x58d5a (size before relaxing)
 .debug_str     0x00000000000594fd      0x329 ./My/Application/DS18B20.o
                                      0x5902c (size before relaxing)
 .debug_str     0x0000000000059826      0x3f8 ./My/Application/DS2782.o
                                      0x591c1 (size before relaxing)
 .debug_str     0x0000000000059c1e      0x161 ./My/Application/Delay.o
                                      0x58e2f (size before relaxing)
 .debug_str     0x0000000000059d7f      0x1c9 ./My/Application/Encoder.o
                                      0x58ef2 (size before relaxing)
 .debug_str     0x0000000000059f48       0x43 ./My/Application/Time.o
                                      0x58d16 (size before relaxing)
 .debug_str     0x0000000000059f8b      0x3fd ./My/CMSIS/system_stm32f1xx.o
                                      0x54333 (size before relaxing)
 .debug_str     0x000000000005a388       0x20 ./My/Display/Ascii_Tab_12864.o
                                      0x58cd8 (size before relaxing)
 .debug_str     0x000000000005a3a8       0xc6 ./My/Display/LM6063D.o
                                      0x58e04 (size before relaxing)
 .debug_str     0x000000000005a46e      0x28e ./My/Display/LcdGraphic.o
                                      0x58fc0 (size before relaxing)
 .debug_str     0x000000000005a6fc      0x498 ./My/Main/main.o
                                      0x5982d (size before relaxing)
 .debug_str     0x000000000005ab94       0x5a ./My/STM32_Perif/flash_ST.o
                                      0x58d94 (size before relaxing)
 .debug_str     0x000000000005abee      0x19c ./My/STM32_Perif/gpio_ST.o
                                      0x58ef5 (size before relaxing)
 .debug_str     0x000000000005ad8a      0x581 ./My/STM32_Perif/i2c_ST.o
                                      0x596c0 (size before relaxing)
 .debug_str     0x000000000005b30b       0x80 ./My/STM32_Perif/spi_ST.o
                                      0x58df1 (size before relaxing)
 .debug_str     0x000000000005b38b      0x4ee ./My/STM32_Perif/stm32f10x_it.o
                                      0x5927f (size before relaxing)
 .debug_str     0x000000000005b879       0x9d ./My/STM32_Perif/sys_ST.o
                                      0x58e14 (size before relaxing)
 .debug_str     0x000000000005b916       0x38 ./My/STM32_Perif/sys_tick_ST.o
                                      0x59180 (size before relaxing)
 .debug_str     0x000000000005b94e      0x144 ./My/STM32_Perif/uart_ST.o
                                      0x592bc (size before relaxing)
 .debug_str     0x000000000005ba92       0xdd ./My/Sheduler/rtos.o
                                      0x58ddf (size before relaxing)
 .debug_str     0x000000000005bb6f       0x32 ./My/Startup/startup_stm32f103rbtx.o
                                         0x6f (size before relaxing)

.debug_frame    0x0000000000000000     0x2cdc
 .debug_frame   0x0000000000000000       0x2c ./MCUv7/GpioMCU.o
 .debug_frame   0x000000000000002c      0x20c ./MCUv7/Protocol_I2C.o
 .debug_frame   0x0000000000000238       0x80 ./My/Application/Blink.o
 .debug_frame   0x00000000000002b8       0xd4 ./My/Application/Config.o
 .debug_frame   0x000000000000038c       0xac ./My/Application/Crc.o
 .debug_frame   0x0000000000000438      0x1f0 ./My/Application/DS18B20.o
 .debug_frame   0x0000000000000628      0x1c8 ./My/Application/DS2782.o
 .debug_frame   0x00000000000007f0       0xec ./My/Application/Delay.o
 .debug_frame   0x00000000000008dc       0xd4 ./My/Application/Encoder.o
 .debug_frame   0x00000000000009b0       0x38 ./My/Application/Time.o
 .debug_frame   0x00000000000009e8       0x58 ./My/CMSIS/system_stm32f1xx.o
 .debug_frame   0x0000000000000a40       0xbc ./My/Display/LM6063D.o
 .debug_frame   0x0000000000000afc      0x3f0 ./My/Display/LcdGraphic.o
 .debug_frame   0x0000000000000eec      0x2c4 ./My/Main/main.o
 .debug_frame   0x00000000000011b0       0xc8 ./My/STM32_Perif/flash_ST.o
 .debug_frame   0x0000000000001278      0x1a0 ./My/STM32_Perif/gpio_ST.o
 .debug_frame   0x0000000000001418      0x568 ./My/STM32_Perif/i2c_ST.o
 .debug_frame   0x0000000000001980      0x16c ./My/STM32_Perif/spi_ST.o
 .debug_frame   0x0000000000001aec      0x820 ./My/STM32_Perif/stm32f10x_it.o
 .debug_frame   0x000000000000230c      0x110 ./My/STM32_Perif/sys_ST.o
 .debug_frame   0x000000000000241c       0xc4 ./My/STM32_Perif/sys_tick_ST.o
 .debug_frame   0x00000000000024e0      0x1e8 ./My/STM32_Perif/uart_ST.o
 .debug_frame   0x00000000000026c8      0x128 ./My/Sheduler/rtos.o
 .debug_frame   0x00000000000027f0       0x2c C:/ST/STM32CubeIDE_1.14.0/STM32CubeIDE/plugins/com.st.stm32cube.ide.mcu.externaltools.gnu-tools-for-stm32.11.3.rel1.win32_1.1.100.202309141235/tools/bin/../lib/gcc/arm-none-eabi/11.3.1/../../../../arm-none-eabi/lib/thumb/v7-m/nofp\libc_nano.a(libc_a-init.o)
 .debug_frame   0x000000000000281c       0x38 C:/ST/STM32CubeIDE_1.14.0/STM32CubeIDE/plugins/com.st.stm32cube.ide.mcu.externaltools.gnu-tools-for-stm32.11.3.rel1.win32_1.1.100.202309141235/tools/bin/../lib/gcc/arm-none-eabi/11.3.1/../../../../arm-none-eabi/lib/thumb/v7-m/nofp\libm.a(libm_a-sf_cos.o)
 .debug_frame   0x0000000000002854       0x38 C:/ST/STM32CubeIDE_1.14.0/STM32CubeIDE/plugins/com.st.stm32cube.ide.mcu.externaltools.gnu-tools-for-stm32.11.3.rel1.win32_1.1.100.202309141235/tools/bin/../lib/gcc/arm-none-eabi/11.3.1/../../../../arm-none-eabi/lib/thumb/v7-m/nofp\libm.a(libm_a-sf_sin.o)
 .debug_frame   0x000000000000288c       0x30 C:/ST/STM32CubeIDE_1.14.0/STM32CubeIDE/plugins/com.st.stm32cube.ide.mcu.externaltools.gnu-tools-for-stm32.11.3.rel1.win32_1.1.100.202309141235/tools/bin/../lib/gcc/arm-none-eabi/11.3.1/../../../../arm-none-eabi/lib/thumb/v7-m/nofp\libm.a(libm_a-kf_cos.o)
 .debug_frame   0x00000000000028bc       0x34 C:/ST/STM32CubeIDE_1.14.0/STM32CubeIDE/plugins/com.st.stm32cube.ide.mcu.externaltools.gnu-tools-for-stm32.11.3.rel1.win32_1.1.100.202309141235/tools/bin/../lib/gcc/arm-none-eabi/11.3.1/../../../../arm-none-eabi/lib/thumb/v7-m/nofp\libm.a(libm_a-kf_sin.o)
 .debug_frame   0x00000000000028f0       0x40 C:/ST/STM32CubeIDE_1.14.0/STM32CubeIDE/plugins/com.st.stm32cube.ide.mcu.externaltools.gnu-tools-for-stm32.11.3.rel1.win32_1.1.100.202309141235/tools/bin/../lib/gcc/arm-none-eabi/11.3.1/../../../../arm-none-eabi/lib/thumb/v7-m/nofp\libm.a(libm_a-ef_rem_pio2.o)
 .debug_frame   0x0000000000002930       0x20 C:/ST/STM32CubeIDE_1.14.0/STM32CubeIDE/plugins/com.st.stm32cube.ide.mcu.externaltools.gnu-tools-for-stm32.11.3.rel1.win32_1.1.100.202309141235/tools/bin/../lib/gcc/arm-none-eabi/11.3.1/../../../../arm-none-eabi/lib/thumb/v7-m/nofp\libm.a(libm_a-sf_fabs.o)
 .debug_frame   0x0000000000002950       0x44 C:/ST/STM32CubeIDE_1.14.0/STM32CubeIDE/plugins/com.st.stm32cube.ide.mcu.externaltools.gnu-tools-for-stm32.11.3.rel1.win32_1.1.100.202309141235/tools/bin/../lib/gcc/arm-none-eabi/11.3.1/../../../../arm-none-eabi/lib/thumb/v7-m/nofp\libm.a(libm_a-kf_rem_pio2.o)
 .debug_frame   0x0000000000002994       0x2c C:/ST/STM32CubeIDE_1.14.0/STM32CubeIDE/plugins/com.st.stm32cube.ide.mcu.externaltools.gnu-tools-for-stm32.11.3.rel1.win32_1.1.100.202309141235/tools/bin/../lib/gcc/arm-none-eabi/11.3.1/../../../../arm-none-eabi/lib/thumb/v7-m/nofp\libm.a(libm_a-sf_scalbn.o)
 .debug_frame   0x00000000000029c0       0x2c C:/ST/STM32CubeIDE_1.14.0/STM32CubeIDE/plugins/com.st.stm32cube.ide.mcu.externaltools.gnu-tools-for-stm32.11.3.rel1.win32_1.1.100.202309141235/tools/bin/../lib/gcc/arm-none-eabi/11.3.1/../../../../arm-none-eabi/lib/thumb/v7-m/nofp\libm.a(libm_a-sf_floor.o)
 .debug_frame   0x00000000000029ec       0x24 C:/ST/STM32CubeIDE_1.14.0/STM32CubeIDE/plugins/com.st.stm32cube.ide.mcu.externaltools.gnu-tools-for-stm32.11.3.rel1.win32_1.1.100.202309141235/tools/bin/../lib/gcc/arm-none-eabi/11.3.1/thumb/v7-m/nofp\libgcc.a(_arm_mulsf3.o)
 .debug_frame   0x0000000000002a10       0xac C:/ST/STM32CubeIDE_1.14.0/STM32CubeIDE/plugins/com.st.stm32cube.ide.mcu.externaltools.gnu-tools-for-stm32.11.3.rel1.win32_1.1.100.202309141235/tools/bin/../lib/gcc/arm-none-eabi/11.3.1/thumb/v7-m/nofp\libgcc.a(_arm_addsubdf3.o)
 .debug_frame   0x0000000000002abc       0xc4 C:/ST/STM32CubeIDE_1.14.0/STM32CubeIDE/plugins/com.st.stm32cube.ide.mcu.externaltools.gnu-tools-for-stm32.11.3.rel1.win32_1.1.100.202309141235/tools/bin/../lib/gcc/arm-none-eabi/11.3.1/thumb/v7-m/nofp\libgcc.a(_arm_cmpdf2.o)
 .debug_frame   0x0000000000002b80       0x24 C:/ST/STM32CubeIDE_1.14.0/STM32CubeIDE/plugins/com.st.stm32cube.ide.mcu.externaltools.gnu-tools-for-stm32.11.3.rel1.win32_1.1.100.202309141235/tools/bin/../lib/gcc/arm-none-eabi/11.3.1/thumb/v7-m/nofp\libgcc.a(_arm_truncdfsf2.o)