LcdGraphic.c:17:13:ClearTextBuf	0	static
LcdGraphic.c:23:6:Lcd_Init	0	static
LcdGraphic.c:31:6:Lcd_Update	0	static
LcdGraphic.c:38:10:Lcd_pVideoBuffer	0	static
LcdGraphic.c:44:6:Lcd_ClearVideoBuffer	0	static
LcdGraphic.c:50:10:UartTextBuf	0	static
LcdGraphic.c:57:6:Lcd_Filling	0	static
LcdGraphic.c:63:6:Lcd_Pixel	8	static
LcdGraphic.c:83:6:Lcd_Line	48	static
LcdGraphic.c:153:6:Lcd_Circle	56	static
LcdGraphic.c:179:6:Lcd_Bar	56	static
LcdGraphic.c:200:6:Lcd_GotoXYFont	0	static
LcdGraphic.c:207:6:Lcd_Chr	16	static
LcdGraphic.c:225:6:Lcd_SetCursor	16	static
LcdGraphic.c:242:6:Lcd_ChrBold	24	static
LcdGraphic.c:274:6:Lcd_StringBold	16	static
LcdGraphic.c:285:6:Lcd_ChrBig	20	static
LcdGraphic.c:312:6:Lcd_StringBig	16	static
LcdGraphic.c:325:9:Lcd_Print	16	static
LcdGraphic.c:338:9:Lcd_PrintBold	16	static
LcdGraphic.c:351:9:Lcd_PrintBig	16	static
LcdGraphic.c:365:6:Lcd_Image	0	static
LcdGraphic.c:375:9:Lcd_BinToDec	40	static
LcdGraphic.c:416:6:Lcd_u8ToHex	8	static
LcdGraphic.c:431:6:Lcd_u32ToHex	8	static
