main.c:540:6:Task_Debug	0	static
main.c:59:6:IncrementOnEachPass	0	static
main.c:69:6:Time_Calculation	8	static
main.c:77:10:Led_Blink	16	static
main.c:90:6:Temperature_Display	16	static
main.c:107:6:Temperature_TxtDisplay	16	static
main.c:122:6:Time_Display	8	static
main.c:177:6:Task_DS2782_Display	24	static
main.c:345:6:Task_Temperature_Display	8	static
main.c:481:6:Task_PID	16	static
main.c:166:6:Task_DS2782	8	static
main.c:284:6:Task_GPS	16	static
main.c:297:6:Task_STM32_Master_Write	8	static
main.c:309:6:Task_STM32_Master_Read	8	static
main.c:396:6:Task_UartSend	16	static
main.c:533:6:Task_AT24C08	16	static
main.c:549:6:Task_LcdUpdate	24	static
main.c:614:5:main	8	static,ignoring_inline_asm
main.c:700:6:SysTick_Handler	8	static
