OLED_SSD1306.c:61:13:ssd1306_I2C_WriteCMD	24	static
OLED_SSD1306.c:67:10:SSD1306_Init	8	static
OLED_SSD1306.c:124:6:SSD1306_UpdateScreen	32	static
OLED_SSD1306.c:166:6:SSD1306_ToggleInvert	0	static
OLED_SSD1306.c:184:6:SSD1306_Fill	0	static
OLED_SSD1306.c:191:6:SSD1306_DrawPixel	12	static
OLED_SSD1306.c:206:6:SSD1306_GotoXY	0	static
OLED_SSD1306.c:212:6:SSD1306_Putc	48	static
OLED_SSD1306.c:243:6:SSD1306_Puts	16	static
OLED_SSD1306.c:258:6:SSD1306_DrawLine	56	static
OLED_SSD1306.c:335:6:SSD1306_DrawRectangle	32	static
OLED_SSD1306.c:360:6:SSD1306_DrawFilledRectangle	40	static
OLED_SSD1306.c:387:6:SSD1306_DrawTriangle	40	static
OLED_SSD1306.c:394:6:SSD1306_DrawFilledTriangle	80	static
OLED_SSD1306.c:450:6:SSD1306_DrawCircle	56	static
OLED_SSD1306.c:484:6:SSD1306_DrawFilledCircle	64	static
OLED_SSD1306.c:515:6:SSD1306_ON	8	static
OLED_SSD1306.c:521:6:SSD1306_OFF	8	static
